Archive member included to satisfy reference by file (symbol)

d:/mounriver_studio2/resources/app/resources/win32/components/wch/toolchain/risc-v embedded gcc/bin/../lib/gcc/riscv-none-embed/8.2.0/rv32imacxw/ilp32\libgcc.a(_divdi3.o)
                              ./Peripheral/src/ch32v20x_usart.o (__divdi3)
d:/mounriver_studio2/resources/app/resources/win32/components/wch/toolchain/risc-v embedded gcc/bin/../lib/gcc/riscv-none-embed/8.2.0/rv32imacxw/ilp32\libgcc.a(_udivdi3.o)
                              ./Peripheral/src/ch32v20x_usart.o (__udivdi3)
d:/mounriver_studio2/resources/app/resources/win32/components/wch/toolchain/risc-v embedded gcc/bin/../lib/gcc/riscv-none-embed/8.2.0/rv32imacxw/ilp32\libgcc.a(divsf3.o)
                              ./User/gunlight.o (__divsf3)
d:/mounriver_studio2/resources/app/resources/win32/components/wch/toolchain/risc-v embedded gcc/bin/../lib/gcc/riscv-none-embed/8.2.0/rv32imacxw/ilp32\libgcc.a(floatunsisf.o)
                              ./User/gunlight.o (__floatunsisf)
d:/mounriver_studio2/resources/app/resources/win32/components/wch/toolchain/risc-v embedded gcc/bin/../lib/gcc/riscv-none-embed/8.2.0/rv32imacxw/ilp32\libgcc.a(extendsfdf2.o)
                              ./User/gunlight.o (__extendsfdf2)
d:/mounriver_studio2/resources/app/resources/win32/components/wch/toolchain/risc-v embedded gcc/bin/../lib/gcc/riscv-none-embed/8.2.0/rv32imacxw/ilp32\libgcc.a(save-restore.o)
                              ./User/gunlight.o (__riscv_save_8)
d:/mounriver_studio2/resources/app/resources/win32/components/wch/toolchain/risc-v embedded gcc/bin/../lib/gcc/riscv-none-embed/8.2.0/rv32imacxw/ilp32\libgcc.a(_clz.o)
                              d:/mounriver_studio2/resources/app/resources/win32/components/wch/toolchain/risc-v embedded gcc/bin/../lib/gcc/riscv-none-embed/8.2.0/rv32imacxw/ilp32\libgcc.a(_divdi3.o) (__clz_tab)
d:/mounriver_studio2/resources/app/resources/win32/components/wch/toolchain/risc-v embedded gcc/bin/../lib/gcc/riscv-none-embed/8.2.0/rv32imacxw/ilp32\libgcc.a(_clzsi2.o)
                              d:/mounriver_studio2/resources/app/resources/win32/components/wch/toolchain/risc-v embedded gcc/bin/../lib/gcc/riscv-none-embed/8.2.0/rv32imacxw/ilp32\libgcc.a(divsf3.o) (__clzsi2)
d:/mounriver_studio2/resources/app/resources/win32/components/wch/toolchain/risc-v embedded gcc/bin/../lib/gcc/riscv-none-embed/8.2.0/../../../../riscv-none-embed/lib/rv32imacxw/ilp32\libg_nano.a(lib_a-atoi.o)
                              ./User/gunlight.o (atoi)
d:/mounriver_studio2/resources/app/resources/win32/components/wch/toolchain/risc-v embedded gcc/bin/../lib/gcc/riscv-none-embed/8.2.0/../../../../riscv-none-embed/lib/rv32imacxw/ilp32\libg_nano.a(lib_a-memset.o)
                              ./User/bsp.o (memset)
d:/mounriver_studio2/resources/app/resources/win32/components/wch/toolchain/risc-v embedded gcc/bin/../lib/gcc/riscv-none-embed/8.2.0/../../../../riscv-none-embed/lib/rv32imacxw/ilp32\libg_nano.a(lib_a-printf.o)
                              ./User/gunlight.o (printf)
d:/mounriver_studio2/resources/app/resources/win32/components/wch/toolchain/risc-v embedded gcc/bin/../lib/gcc/riscv-none-embed/8.2.0/../../../../riscv-none-embed/lib/rv32imacxw/ilp32\libg_nano.a(lib_a-puts.o)
                              ./User/bsp.o (puts)
d:/mounriver_studio2/resources/app/resources/win32/components/wch/toolchain/risc-v embedded gcc/bin/../lib/gcc/riscv-none-embed/8.2.0/../../../../riscv-none-embed/lib/rv32imacxw/ilp32\libg_nano.a(lib_a-strcasecmp.o)
                              ./User/gunlight.o (strcasecmp)
d:/mounriver_studio2/resources/app/resources/win32/components/wch/toolchain/risc-v embedded gcc/bin/../lib/gcc/riscv-none-embed/8.2.0/../../../../riscv-none-embed/lib/rv32imacxw/ilp32\libg_nano.a(lib_a-strncasecmp.o)
                              ./User/gunlight.o (strncasecmp)
d:/mounriver_studio2/resources/app/resources/win32/components/wch/toolchain/risc-v embedded gcc/bin/../lib/gcc/riscv-none-embed/8.2.0/../../../../riscv-none-embed/lib/rv32imacxw/ilp32\libg_nano.a(lib_a-strtol.o)
                              d:/mounriver_studio2/resources/app/resources/win32/components/wch/toolchain/risc-v embedded gcc/bin/../lib/gcc/riscv-none-embed/8.2.0/../../../../riscv-none-embed/lib/rv32imacxw/ilp32\libg_nano.a(lib_a-atoi.o) (_strtol_r)
d:/mounriver_studio2/resources/app/resources/win32/components/wch/toolchain/risc-v embedded gcc/bin/../lib/gcc/riscv-none-embed/8.2.0/../../../../riscv-none-embed/lib/rv32imacxw/ilp32\libg_nano.a(lib_a-wbuf.o)
                              d:/mounriver_studio2/resources/app/resources/win32/components/wch/toolchain/risc-v embedded gcc/bin/../lib/gcc/riscv-none-embed/8.2.0/../../../../riscv-none-embed/lib/rv32imacxw/ilp32\libg_nano.a(lib_a-puts.o) (__swbuf_r)
[...]
Memory Configuration

Name             Origin             Length             Attributes
FLASH            0x0000000000000000 0x0000000000010000 xr
RAM              0x0000000020000000 0x0000000000005000 xrw
*default*        0x0000000000000000 0xffffffffffffffff

Linker script and memory map

LOAD ./User/bsp.o
LOAD ./User/ch32v20x_it.o
LOAD ./User/gunlight.o
LOAD ./User/main.o
LOAD ./User/system_ch32v20x.o
LOAD ./User/usb_cdc.o
LOAD ./User/usb_core.o
LOAD ./User/usb_init.o
LOAD ./User/usb_int.o
LOAD ./User/usb_mem.o
LOAD ./User/usb_regs.o
LOAD ./User/usb_sil.o
LOAD ./User/hw_config.o
LOAD ./User/usb_desc.o
LOAD ./User/usb_endp.o
LOAD ./User/usb_istr.o
LOAD ./User/usb_prop.o
LOAD ./User/usb_pwr.o
LOAD ./Startup/startup_ch32v20x_D6.o
LOAD ./Peripheral/src/ch32v20x_adc.o
LOAD ./Peripheral/src/ch32v20x_bkp.o
LOAD ./Peripheral/src/ch32v20x_can.o
LOAD ./Peripheral/src/ch32v20x_crc.o
LOAD ./Peripheral/src/ch32v20x_dbgmcu.o
LOAD ./Peripheral/src/ch32v20x_dma.o
LOAD ./Peripheral/src/ch32v20x_exti.o
LOAD ./Peripheral/src/ch32v20x_flash.o
LOAD ./Peripheral/src/ch32v20x_gpio.o
LOAD ./Peripheral/src/ch32v20x_i2c.o
LOAD ./Peripheral/src/ch32v20x_iwdg.o
LOAD ./Peripheral/src/ch32v20x_misc.o
LOAD ./Peripheral/src/ch32v20x_opa.o
LOAD ./Peripheral/src/ch32v20x_pwr.o
LOAD ./Peripheral/src/ch32v20x_rcc.o
LOAD ./Peripheral/src/ch32v20x_rtc.o
LOAD ./Peripheral/src/ch32v20x_spi.o
LOAD ./Peripheral/src/ch32v20x_tim.o
LOAD ./Peripheral/src/ch32v20x_usart.o
LOAD ./Peripheral/src/ch32v20x_wwdg.o
LOAD ./Debug/debug.o
LOAD ./Core/core_riscv.o
LOAD d:/mounriver_studio2/resources/app/resources/win32/components/wch/toolchain/risc-v embedded gcc/bin/../lib/gcc/riscv-none-embed/8.2.0/../../../../riscv-none-embed/lib/rv32imacxw/ilp32\libm.a
LOAD d:/mounriver_studio2/resources/app/resources/win32/components/wch/toolchain/risc-v embedded gcc/bin/../lib/gcc/riscv-none-embed/8.2.0/rv32imacxw/ilp32\libgcc.a
LOAD d:/mounriver_studio2/resources/app/resources/win32/components/wch/toolchain/risc-v embedded gcc/bin/../lib/gcc/riscv-none-embed/8.2.0/../../../../riscv-none-embed/lib/rv32imacxw/ilp32\libg_nano.a
LOAD d:/mounriver_studio2/resources/app/resources/win32/components/wch/toolchain/risc-v embedded gcc/bin/../lib/gcc/riscv-none-embed/8.2.0/../../../../riscv-none-embed/lib/rv32imacxw/ilp32\libc_nano.a
LOAD d:/mounriver_studio2/resources/app/resources/win32/components/wch/toolchain/risc-v embedded gcc/bin/../lib/gcc/riscv-none-embed/8.2.0/rv32imacxw/ilp32\libgcc.a
START GROUP
LOAD d:/mounriver_studio2/resources/app/resources/win32/components/wch/toolchain/risc-v embedded gcc/bin/../lib/gcc/riscv-none-embed/8.2.0/rv32imacxw/ilp32\libgcc.a
LOAD d:/mounriver_studio2/resources/app/resources/win32/components/wch/toolchain/risc-v embedded gcc/bin/../lib/gcc/riscv-none-embed/8.2.0/../../../../riscv-none-embed/lib/rv32imacxw/ilp32\libc_nano.a
LOAD d:/mounriver_studio2/resources/app/resources/win32/components/wch/toolchain/risc-v embedded gcc/bin/../lib/gcc/riscv-none-embed/8.2.0/../../../../riscv-none-embed/lib/rv32imacxw/ilp32\libnosys.a
END GROUP
START GROUP
LOAD d:/mounriver_studio2/resources/app/resources/win32/components/wch/toolchain/risc-v embedded gcc/bin/../lib/gcc/riscv-none-embed/8.2.0/rv32imacxw/ilp32\libgcc.a
LOAD d:/mounriver_studio2/resources/app/resources/win32/components/wch/toolchain/risc-v embedded gcc/bin/../lib/gcc/riscv-none-embed/8.2.0/../../../../riscv-none-embed/lib/rv32imacxw/ilp32\libc_nano.a
LOAD d:/mounriver_studio2/resources/app/resources/win32/components/wch/toolchain/risc-v embedded gcc/bin/../lib/gcc/riscv-none-embed/8.2.0/../../../../riscv-none-embed/lib/rv32imacxw/ilp32\libnosys.a
END GROUP
                0x0000000000000800                __stack_size = 0x800
                [!provide]                        PROVIDE (_stack_size = __stack_size)

.init           0x0000000000000000        0x4
                0x0000000000000000                _sinit = .
                0x0000000000000000                . = ALIGN (0x4)
 *(SORT_NONE(.init))
 .init          0x0000000000000000        0x4 ./Startup/startup_ch32v20x_D6.o
                0x0000000000000000                _start
                0x0000000000000004                . = ALIGN (0x4)
                0x0000000000000004                _einit = .

.vector         0x0000000000000004       0xfc
 *(.vector)
 .vector        0x0000000000000004       0xfc ./Startup/startup_ch32v20x_D6.o
                0x0000000000000100                . = ALIGN (0x40)

.text           0x0000000000000100     0x5dc0
                0x0000000000000100                . = ALIGN (0x4)
 *(.text)
 .text          0x0000000000000100       0x60 d:/mounriver_studio2/resources/app/resources/win32/components/wch/toolchain/risc-v embedded gcc/bin/../lib/gcc/riscv-none-embed/8.2.0/rv32imacxw/ilp32\libgcc.a(save-restore.o)
                0x0000000000000100                __riscv_save_12
                0x0000000000000108                __riscv_save_9
                0x0000000000000108                __riscv_save_11
                0x0000000000000108                __riscv_save_10
                0x0000000000000108                __riscv_save_8
                0x0000000000000116                __riscv_save_4
                0x0000000000000116                __riscv_save_6
                0x0000000000000116                __riscv_save_5
                0x0000000000000116                __riscv_save_7
                0x0000000000000130                __riscv_save_3
                0x0000000000000130                __riscv_save_2
                0x0000000000000130                __riscv_save_1
                0x0000000000000130                __riscv_save_0
                0x000000000000013c                __riscv_restore_12
                0x0000000000000140                __riscv_restore_11
                0x0000000000000140                __riscv_restore_9
                0x0000000000000140                __riscv_restore_10
                0x0000000000000140                __riscv_restore_8
                0x000000000000014a                __riscv_restore_5
                0x000000000000014a                __riscv_restore_7
                0x000000000000014a                __riscv_restore_6
                0x000000000000014a                __riscv_restore_4
                0x0000000000000154                __riscv_restore_3
                0x0000000000000154                __riscv_restore_0
                0x0000000000000154                __riscv_restore_2
                0x0000000000000154                __riscv_restore_1
 .text          0x0000000000000160       0xa8 d:/mounriver_studio2/resources/app/resources/win32/components/wch/toolchain/risc-v embedded gcc/bin/../lib/gcc/riscv-none-embed/8.2.0/../../../../riscv-none-embed/lib/rv32imacxw/ilp32\libg_nano.a(lib_a-memset.o)
                0x0000000000000160                memset
 *(.text.*)
 .text.BSP_PWM_SetDuty_PWM1
                0x0000000000000208       0x36 ./User/bsp.o
                0x0000000000000208                BSP_PWM_SetDuty_PWM1
 .text.BSP_PWM_SetDuty_PWM2
                0x000000000000023e       0x36 ./User/bsp.o
                0x000000000000023e                BSP_PWM_SetDuty_PWM2
 .text.BSP_PWM_AllOff
                0x0000000000000274       0x1a ./User/bsp.o
                0x0000000000000274                BSP_PWM_AllOff
 .text.BSP_StatusLED_SetColor
                0x000000000000028e       0xd2 ./User/bsp.o
                0x000000000000028e                BSP_StatusLED_SetColor
 .text.BSP_StatusLED_SetMode
                0x0000000000000360        0xa ./User/bsp.o
                0x0000000000000360                BSP_StatusLED_SetMode
 .text.BSP_StatusLED_AllOff
                0x000000000000036a       0x12 ./User/bsp.o
                0x000000000000036a                BSP_StatusLED_AllOff
 .text.BSP_StatusLED_Process_10ms
                0x000000000000037c       0xa2 ./User/bsp.o
                0x000000000000037c                BSP_StatusLED_Process_10ms
 .text.BSP_ADC_GetBatteryVoltage_mV
                0x000000000000041e       0x5a ./User/bsp.o
                0x000000000000041e                BSP_ADC_GetBatteryVoltage_mV
 .text.BSP_MainKey_IsPressed
                0x0000000000000478       0x1a ./User/bsp.o
                0x0000000000000478                BSP_MainKey_IsPressed
 .text.BSP_AuxKey_IsPressed
                0x0000000000000492       0x1a ./User/bsp.o
                0x0000000000000492                BSP_AuxKey_IsPressed
 .text.BSP_Key_Scan_10ms
                0x00000000000004ac       0xa0 ./User/bsp.o
                0x00000000000004ac                BSP_Key_Scan_10ms
 .text.BSP_AuxKey_Scan_10ms
                0x000000000000054c       0x20 ./User/bsp.o
                0x000000000000054c                BSP_AuxKey_Scan_10ms
 .text.BSP_EnterStandby
                0x000000000000056c       0x60 ./User/bsp.o
                0x000000000000056c                BSP_EnterStandby
 .text.BSP_JumpToBootloader
                0x00000000000005cc       0x44 ./User/bsp.o
                0x00000000000005cc                BSP_JumpToBootloader
 .text.BSP_Init
                0x0000000000000610      0x1b0 ./User/bsp.o
                0x0000000000000610                BSP_Init
 .text.NMI_Handler
                0x00000000000007c0        0x2 ./User/ch32v20x_it.o
                0x00000000000007c0                NMI_Handler
 .text.HardFault_Handler
                0x00000000000007c2       0x10 ./User/ch32v20x_it.o
                0x00000000000007c2                HardFault_Handler
 .text.Gunlight_SetPWM_Internal
                0x00000000000007d2       0x1e ./User/gunlight.o
 .text.Gunlight_Apply_PWM
                0x00000000000007f0       0x94 ./User/gunlight.o
 .text.Gunlight_Update_Battery_Status
                0x0000000000000884       0xd8 ./User/gunlight.o
 .text.Gunlight_Init
                0x000000000000095c       0x3c ./User/gunlight.o
                0x000000000000095c                Gunlight_Init
 .text.Gunlight_TurnOn_Mode1
                0x0000000000000998       0x22 ./User/gunlight.o
                0x0000000000000998                Gunlight_TurnOn_Mode1
 .text.Gunlight_SetState
                0x00000000000009ba       0x20 ./User/gunlight.o
                0x00000000000009ba                Gunlight_SetState
 .text.Gunlight_Process_10ms
                0x00000000000009da      0x4e8 ./User/gunlight.o
                0x00000000000009da                Gunlight_Process_10ms
 .text.startup.main
                0x0000000000000ec2       0xea ./User/main.o
                0x0000000000000ec2                main
 .text.SystemInit
                0x0000000000000fac       0xa8 ./User/system_ch32v20x.o
                0x0000000000000fac                SystemInit
 .text.SystemCoreClockUpdate
                0x0000000000001054       0x8e ./User/system_ch32v20x.o
                0x0000000000001054                SystemCoreClockUpdate
 .text.USB_CDC_TriggerNextTx
                0x00000000000010e2       0x70 ./User/usb_cdc.o
 .text.USB_CDC_Init
                0x0000000000001152       0x30 ./User/usb_cdc.o
                0x0000000000001152                USB_CDC_Init
 .text.USB_CDC_DeInit
                0x0000000000001182       0x3c ./User/usb_cdc.o
                0x0000000000001182                USB_CDC_DeInit
 .text.USB_CDC_SendBytes
                0x00000000000011be       0x58 ./User/usb_cdc.o
                0x00000000000011be                USB_CDC_SendBytes
 .text.USB_CDC_OnRxChunk
                0x0000000000001216       0x3c ./User/usb_cdc.o
                0x0000000000001216                USB_CDC_OnRxChunk
 .text.USB_CDC_OnTxComplete
                0x0000000000001252        0xa ./User/usb_cdc.o
                0x0000000000001252                USB_CDC_OnTxComplete
 .text.USB_CDC_Available
                0x000000000000125c       0x24 ./User/usb_cdc.o
                0x000000000000125c                USB_CDC_Available
 .text.USB_CDC_ReadByte
                0x0000000000001280       0x2a ./User/usb_cdc.o
                0x0000000000001280                USB_CDC_ReadByte
 .text.Standard_GetConfiguration
                0x00000000000012aa       0x22 ./User/usb_core.o
                0x00000000000012aa                Standard_GetConfiguration
 .text.Standard_GetInterface
                0x00000000000012cc       0x22 ./User/usb_core.o
                0x00000000000012cc                Standard_GetInterface
 .text.Standard_GetStatus
                0x00000000000012ee       0x90 ./User/usb_core.o
                0x00000000000012ee                Standard_GetStatus
 .text.DataStageIn
                0x000000000000137e       0xb0 ./User/usb_core.o
 .text.Standard_SetConfiguration
                0x000000000000142e       0x2e ./User/usb_core.o
                0x000000000000142e                Standard_SetConfiguration
 .text.Standard_SetInterface
                0x000000000000145c       0x4a ./User/usb_core.o
                0x000000000000145c                Standard_SetInterface
 .text.Standard_ClearFeature
                0x00000000000014a6      0x11c ./User/usb_core.o
                0x00000000000014a6                Standard_ClearFeature
 .text.Standard_SetEndPointFeature
                0x00000000000015c2       0xbc ./User/usb_core.o
                0x00000000000015c2                Standard_SetEndPointFeature
 .text.Standard_SetDeviceFeature
                0x000000000000167e       0x1e ./User/usb_core.o
                0x000000000000167e                Standard_SetDeviceFeature
 .text.Standard_GetDescriptorData
                0x000000000000169c       0x18 ./User/usb_core.o
                0x000000000000169c                Standard_GetDescriptorData
 .text.Post0_Process
                0x00000000000016b4       0x34 ./User/usb_core.o
                0x00000000000016b4                Post0_Process
 .text.Setup0_Process
                0x00000000000016e8      0x2fc ./User/usb_core.o
                0x00000000000016e8                Setup0_Process
 .text.Out0_Process
                0x00000000000019e4       0xcc ./User/usb_core.o
                0x00000000000019e4                Out0_Process
 .text.SetDeviceAddress
                0x0000000000001ab0       0x4a ./User/usb_core.o
                0x0000000000001ab0                SetDeviceAddress
 .text.In0_Process
                0x0000000000001afa       0x5c ./User/usb_core.o
                0x0000000000001afa                In0_Process
 .text.NOP_Process
                0x0000000000001b56        0x2 ./User/usb_core.o
                0x0000000000001b56                NOP_Process
 .text.USB_Init
                0x0000000000001b58       0x32 ./User/usb_init.o
                0x0000000000001b58                USB_Init
 .text.CTR_LP   0x0000000000001b8a      0x3bc ./User/usb_int.o
                0x0000000000001b8a                CTR_LP
 .text.UserToPMABufferCopy
                0x0000000000001f46       0x24 ./User/usb_mem.o
                0x0000000000001f46                UserToPMABufferCopy
 .text.PMAToUserBufferCopy
                0x0000000000001f6a       0x1e ./User/usb_mem.o
                0x0000000000001f6a                PMAToUserBufferCopy
 .text.SetBTABLE
                0x0000000000001f88       0x10 ./User/usb_regs.o
                0x0000000000001f88                SetBTABLE
 .text.SetEPType
                0x0000000000001f98       0x20 ./User/usb_regs.o
                0x0000000000001f98                SetEPType
 .text.SetEPTxStatus
                0x0000000000001fb8       0x48 ./User/usb_regs.o
                0x0000000000001fb8                SetEPTxStatus
 .text.SetEPRxStatus
                0x0000000000002000       0x56 ./User/usb_regs.o
                0x0000000000002000                SetEPRxStatus
 .text.SetEPRxValid
                0x0000000000002056       0x42 ./User/usb_regs.o
                0x0000000000002056                SetEPRxValid
 .text.ClearEP_KIND
                0x0000000000002098       0x26 ./User/usb_regs.o
                0x0000000000002098                ClearEP_KIND
 .text.Clear_Status_Out
                0x00000000000020be        0xa ./User/usb_regs.o
                0x00000000000020be                Clear_Status_Out
 .text.ClearDTOG_RX
                0x00000000000020c8       0x34 ./User/usb_regs.o
                0x00000000000020c8                ClearDTOG_RX
 .text.ClearDTOG_TX
                0x00000000000020fc       0x30 ./User/usb_regs.o
                0x00000000000020fc                ClearDTOG_TX
 .text.SetEPTxAddr
                0x000000000000212c       0x20 ./User/usb_regs.o
                0x000000000000212c                SetEPTxAddr
 .text.SetEPRxAddr
                0x000000000000214c       0x22 ./User/usb_regs.o
                0x000000000000214c                SetEPRxAddr
 .text.GetEPTxAddr
                0x000000000000216e       0x1c ./User/usb_regs.o
                0x000000000000216e                GetEPTxAddr
 .text.GetEPRxAddr
                0x000000000000218a       0x1e ./User/usb_regs.o
                0x000000000000218a                GetEPRxAddr
 .text.SetEPTxCount
                0x00000000000021a8       0x1e ./User/usb_regs.o
                0x00000000000021a8                SetEPTxCount
 .text.SetEPRxCount
                0x00000000000021c6       0x82 ./User/usb_regs.o
                0x00000000000021c6                SetEPRxCount
 .text.GetEPRxCount
                0x0000000000002248       0x22 ./User/usb_regs.o
                0x0000000000002248                GetEPRxCount
 .text.ByteSwap
                0x000000000000226a        0xe ./User/usb_regs.o
                0x000000000000226a                ByteSwap
 .text.USB_SIL_Init
                0x0000000000002278       0x20 ./User/usb_sil.o
                0x0000000000002278                USB_SIL_Init
 .text.USB_SIL_Write
                0x0000000000002298       0x2e ./User/usb_sil.o
                0x0000000000002298                USB_SIL_Write
 .text.USBWakeUp_IRQHandler
                0x00000000000022c6        0xc ./User/hw_config.o
                0x00000000000022c6                USBWakeUp_IRQHandler
 .text.USB_LP_CAN1_RX0_IRQHandler
                0x00000000000022d2        0x6 ./User/hw_config.o
                0x00000000000022d2                USB_LP_CAN1_RX0_IRQHandler
 .text.Set_USBConfig
                0x00000000000022d8       0x56 ./User/hw_config.o
                0x00000000000022d8                Set_USBConfig
 .text.Enter_LowPowerMode
                0x000000000000232e       0x1a ./User/hw_config.o
                0x000000000000232e                Enter_LowPowerMode
 .text.Leave_LowPowerMode
                0x0000000000002348       0x24 ./User/hw_config.o
                0x0000000000002348                Leave_LowPowerMode
 .text.USB_Interrupts_Config
                0x000000000000236c       0x48 ./User/hw_config.o
                0x000000000000236c                USB_Interrupts_Config
 .text.USB_Port_Set
                0x00000000000023b4       0xb2 ./User/hw_config.o
                0x00000000000023b4                USB_Port_Set
 .text.EP1_IN_Callback
                0x0000000000002466        0x2 ./User/usb_endp.o
                0x0000000000002466                EP1_IN_Callback
 .text.EP2_OUT_Callback
                0x0000000000002468       0x34 ./User/usb_endp.o
                0x0000000000002468                EP2_OUT_Callback
 .text.EP3_IN_Callback
                0x000000000000249c       0x10 ./User/usb_endp.o
                0x000000000000249c                EP3_IN_Callback
 .text.USBD_ENDPx_DataUp
                0x00000000000024ac       0x32 ./User/usb_endp.o
                0x00000000000024ac                USBD_ENDPx_DataUp
 .text.USB_Istr
                0x00000000000024de      0x208 ./User/usb_istr.o
                0x00000000000024de                USB_Istr
 .text.USBD_SetConfiguration
                0x00000000000026e6        0xe ./User/usb_prop.o
                0x00000000000026e6                USBD_SetConfiguration
 .text.USBD_SetDeviceAddress
                0x00000000000026f4        0x8 ./User/usb_prop.o
                0x00000000000026f4                USBD_SetDeviceAddress
 .text.USBD_SetDeviceFeature
                0x00000000000026fc        0x2 ./User/usb_prop.o
                0x00000000000026fc                USBD_SetDeviceFeature
 .text.USBD_Get_Interface_Setting
                0x00000000000026fe       0x10 ./User/usb_prop.o
                0x00000000000026fe                USBD_Get_Interface_Setting
 .text.USB_CDC_GetLineCoding
                0x000000000000270e       0x12 ./User/usb_prop.o
                0x000000000000270e                USB_CDC_GetLineCoding
 .text.USB_CDC_SetLineCoding
                0x0000000000002720        0xc ./User/usb_prop.o
                0x0000000000002720                USB_CDC_SetLineCoding
 .text.USBD_Data_Setup
                0x000000000000272c       0x4a ./User/usb_prop.o
                0x000000000000272c                USBD_Data_Setup
 .text.USBD_NoData_Setup
                0x0000000000002776       0x28 ./User/usb_prop.o
                0x0000000000002776                USBD_NoData_Setup
 .text.USBD_init
                0x000000000000279e       0x5c ./User/usb_prop.o
                0x000000000000279e                USBD_init
 .text.USBD_Reset
                0x00000000000027fa      0x254 ./User/usb_prop.o
                0x00000000000027fa                USBD_Reset
 .text.USBD_GetDeviceDescriptor
                0x0000000000002a4e       0x10 ./User/usb_prop.o
                0x0000000000002a4e                USBD_GetDeviceDescriptor
 .text.USBD_GetConfigDescriptor
                0x0000000000002a5e       0x10 ./User/usb_prop.o
                0x0000000000002a5e                USBD_GetConfigDescriptor
 .text.USBD_GetStringDescriptor
                0x0000000000002a6e       0x28 ./User/usb_prop.o
                0x0000000000002a6e                USBD_GetStringDescriptor
 .text.USBD_Status_Out
                0x0000000000002a96        0x2 ./User/usb_prop.o
                0x0000000000002a96                USBD_Status_Out
 .text.USBD_ClearFeature
                0x0000000000002a98        0x2 ./User/usb_prop.o
                0x0000000000002a98                USBD_ClearFeature
 .text.USBD_Status_In
                0x0000000000002a9a        0x2 ./User/usb_prop.o
                0x0000000000002a9a                USBD_Status_In
 .text.PowerOn  0x0000000000002a9c       0x2a ./User/usb_pwr.o
                0x0000000000002a9c                PowerOn
 .text.Suspend  0x0000000000002ac6       0xba ./User/usb_pwr.o
                0x0000000000002ac6                Suspend
 .text.Resume_Init
                0x0000000000002b80       0x2c ./User/usb_pwr.o
                0x0000000000002b80                Resume_Init
 .text.Resume   0x0000000000002bac       0xba ./User/usb_pwr.o
                0x0000000000002bac                Resume
 .text.vector_handler
                0x0000000000002c66        0x2 ./Startup/startup_ch32v20x_D6.o
                0x0000000000002c66                EXTI2_IRQHandler
                0x0000000000002c66                TIM1_CC_IRQHandler
                0x0000000000002c66                SysTick_Handler
                0x0000000000002c66                PVD_IRQHandler
                0x0000000000002c66                EXTI3_IRQHandler
                0x0000000000002c66                USBFS_IRQHandler
                0x0000000000002c66                EXTI0_IRQHandler
                0x0000000000002c66                I2C2_EV_IRQHandler
                0x0000000000002c66                ADC1_2_IRQHandler
                0x0000000000002c66                Break_Point_Handler
                0x0000000000002c66                SPI1_IRQHandler
                0x0000000000002c66                TAMPER_IRQHandler
                0x0000000000002c66                Ecall_M_Mode_Handler
                0x0000000000002c66                DMA1_Channel4_IRQHandler
                0x0000000000002c66                USART3_IRQHandler
                0x0000000000002c66                RTC_IRQHandler
                0x0000000000002c66                DMA1_Channel7_IRQHandler
                0x0000000000002c66                CAN1_RX1_IRQHandler
                0x0000000000002c66                TIM4_IRQHandler
                0x0000000000002c66                I2C1_EV_IRQHandler
                0x0000000000002c66                DMA1_Channel6_IRQHandler
                0x0000000000002c66                UART4_IRQHandler
                0x0000000000002c66                TIM3_IRQHandler
                0x0000000000002c66                RCC_IRQHandler
                0x0000000000002c66                TIM1_TRG_COM_IRQHandler
                0x0000000000002c66                DMA1_Channel1_IRQHandler
                0x0000000000002c66                EXTI15_10_IRQHandler
                0x0000000000002c66                DMA1_Channel8_IRQHandler
                0x0000000000002c66                EXTI9_5_IRQHandler
                0x0000000000002c66                SPI2_IRQHandler
                0x0000000000002c66                DMA1_Channel5_IRQHandler
                0x0000000000002c66                EXTI4_IRQHandler
                0x0000000000002c66                USB_HP_CAN1_TX_IRQHandler
                0x0000000000002c66                DMA1_Channel3_IRQHandler
                0x0000000000002c66                TIM1_UP_IRQHandler
                0x0000000000002c66                WWDG_IRQHandler
                0x0000000000002c66                Ecall_U_Mode_Handler
                0x0000000000002c66                TIM2_IRQHandler
                0x0000000000002c66                SW_Handler
                0x0000000000002c66                TIM1_BRK_IRQHandler
                0x0000000000002c66                EXTI1_IRQHandler
                0x0000000000002c66                RTCAlarm_IRQHandler
                0x0000000000002c66                USART2_IRQHandler
                0x0000000000002c66                I2C2_ER_IRQHandler
                0x0000000000002c66                DMA1_Channel2_IRQHandler
                0x0000000000002c66                CAN1_SCE_IRQHandler
                0x0000000000002c66                FLASH_IRQHandler
                0x0000000000002c66                USBFSWakeUp_IRQHandler
                0x0000000000002c66                USART1_IRQHandler
                0x0000000000002c66                I2C1_ER_IRQHandler
 .text.handle_reset
                0x0000000000002c68       0x86 ./Startup/startup_ch32v20x_D6.o
                0x0000000000002c68                handle_reset
 .text.ADC_DeInit
                0x0000000000002cee       0x40 ./Peripheral/src/ch32v20x_adc.o
                0x0000000000002cee                ADC_DeInit
 .text.ADC_Init
                0x0000000000002d2e       0x56 ./Peripheral/src/ch32v20x_adc.o
                0x0000000000002d2e                ADC_Init
 .text.ADC_Cmd  0x0000000000002d84       0x10 ./Peripheral/src/ch32v20x_adc.o
                0x0000000000002d84                ADC_Cmd
 .text.ADC_ResetCalibration
                0x0000000000002d94        0xa ./Peripheral/src/ch32v20x_adc.o
                0x0000000000002d94                ADC_ResetCalibration
 .text.ADC_GetResetCalibrationStatus
                0x0000000000002d9e        0x8 ./Peripheral/src/ch32v20x_adc.o
                0x0000000000002d9e                ADC_GetResetCalibrationStatus
 .text.ADC_StartCalibration
                0x0000000000002da6        0xa ./Peripheral/src/ch32v20x_adc.o
                0x0000000000002da6                ADC_StartCalibration
 .text.ADC_GetCalibrationStatus
                0x0000000000002db0        0x8 ./Peripheral/src/ch32v20x_adc.o
                0x0000000000002db0                ADC_GetCalibrationStatus
 .text.ADC_SoftwareStartConvCmd
                0x0000000000002db8       0x18 ./Peripheral/src/ch32v20x_adc.o
                0x0000000000002db8                ADC_SoftwareStartConvCmd
 .text.ADC_RegularChannelConfig
                0x0000000000002dd0       0xb8 ./Peripheral/src/ch32v20x_adc.o
                0x0000000000002dd0                ADC_RegularChannelConfig
 .text.ADC_GetConversionValue
                0x0000000000002e88        0x8 ./Peripheral/src/ch32v20x_adc.o
                0x0000000000002e88                ADC_GetConversionValue
 .text.ADC_GetFlagStatus
                0x0000000000002e90        0xa ./Peripheral/src/ch32v20x_adc.o
                0x0000000000002e90                ADC_GetFlagStatus
 .text.EXTI_Init
                0x0000000000002e9a       0x6a ./Peripheral/src/ch32v20x_exti.o
                0x0000000000002e9a                EXTI_Init
 .text.EXTI_ClearITPendingBit
                0x0000000000002f04        0xa ./Peripheral/src/ch32v20x_exti.o
                0x0000000000002f04                EXTI_ClearITPendingBit
 .text.GPIO_Init
                0x0000000000002f0e       0xf2 ./Peripheral/src/ch32v20x_gpio.o
                0x0000000000002f0e                GPIO_Init
 .text.GPIO_ReadInputDataBit
                0x0000000000003000       0x1a ./Peripheral/src/ch32v20x_gpio.o
                0x0000000000003000                GPIO_ReadInputDataBit
 .text.GPIO_ResetBits
                0x000000000000301a       0x14 ./Peripheral/src/ch32v20x_gpio.o
                0x000000000000301a                GPIO_ResetBits
 .text.NVIC_PriorityGroupConfig
                0x000000000000302e        0x6 ./Peripheral/src/ch32v20x_misc.o
                0x000000000000302e                NVIC_PriorityGroupConfig
 .text.NVIC_Init
                0x0000000000003034       0x62 ./Peripheral/src/ch32v20x_misc.o
                0x0000000000003034                NVIC_Init
 .text.PWR_WakeUpPinCmd
                0x0000000000003096       0x16 ./Peripheral/src/ch32v20x_pwr.o
                0x0000000000003096                PWR_WakeUpPinCmd
 .text.PWR_EnterSTANDBYMode
                0x00000000000030ac       0x34 ./Peripheral/src/ch32v20x_pwr.o
                0x00000000000030ac                PWR_EnterSTANDBYMode
 .text.PWR_GetFlagStatus
                0x00000000000030e0        0xe ./Peripheral/src/ch32v20x_pwr.o
                0x00000000000030e0                PWR_GetFlagStatus
 .text.PWR_ClearFlag
                0x00000000000030ee        0xe ./Peripheral/src/ch32v20x_pwr.o
                0x00000000000030ee                PWR_ClearFlag
 .text.RCC_USBCLKConfig
                0x00000000000030fc       0x1a ./Peripheral/src/ch32v20x_rcc.o
                0x00000000000030fc                RCC_USBCLKConfig
 .text.RCC_ADCCLKConfig
                0x0000000000003116       0x12 ./Peripheral/src/ch32v20x_rcc.o
                0x0000000000003116                RCC_ADCCLKConfig
 .text.RCC_GetClocksFreq
                0x0000000000003128       0xbe ./Peripheral/src/ch32v20x_rcc.o
                0x0000000000003128                RCC_GetClocksFreq
 .text.RCC_APB2PeriphClockCmd
                0x00000000000031e6       0x1e ./Peripheral/src/ch32v20x_rcc.o
                0x00000000000031e6                RCC_APB2PeriphClockCmd
 .text.RCC_APB1PeriphClockCmd
                0x0000000000003204       0x1e ./Peripheral/src/ch32v20x_rcc.o
                0x0000000000003204                RCC_APB1PeriphClockCmd
 .text.RCC_APB2PeriphResetCmd
                0x0000000000003222       0x1e ./Peripheral/src/ch32v20x_rcc.o
                0x0000000000003222                RCC_APB2PeriphResetCmd
 .text.TIM_TimeBaseInit
                0x0000000000003240       0x62 ./Peripheral/src/ch32v20x_tim.o
                0x0000000000003240                TIM_TimeBaseInit
 .text.TIM_OC3Init
                0x00000000000032a2       0x94 ./Peripheral/src/ch32v20x_tim.o
                0x00000000000032a2                TIM_OC3Init
 .text.TIM_OC4Init
                0x0000000000003336       0x6c ./Peripheral/src/ch32v20x_tim.o
                0x0000000000003336                TIM_OC4Init
 .text.TIM_Cmd  0x00000000000033a2       0x18 ./Peripheral/src/ch32v20x_tim.o
                0x00000000000033a2                TIM_Cmd
 .text.TIM_ARRPreloadConfig
                0x00000000000033ba       0x1a ./Peripheral/src/ch32v20x_tim.o
                0x00000000000033ba                TIM_ARRPreloadConfig
 .text.TIM_OC3PreloadConfig
                0x00000000000033d4        0xe ./Peripheral/src/ch32v20x_tim.o
                0x00000000000033d4                TIM_OC3PreloadConfig
 .text.TIM_OC4PreloadConfig
                0x00000000000033e2       0x16 ./Peripheral/src/ch32v20x_tim.o
                0x00000000000033e2                TIM_OC4PreloadConfig
 .text.TIM_SetCompare3
                0x00000000000033f8        0x4 ./Peripheral/src/ch32v20x_tim.o
                0x00000000000033f8                TIM_SetCompare3
 .text.TIM_SetCompare4
                0x00000000000033fc        0x6 ./Peripheral/src/ch32v20x_tim.o
                0x00000000000033fc                TIM_SetCompare4
 .text.USART_Init
                0x0000000000003402       0xa6 ./Peripheral/src/ch32v20x_usart.o
                0x0000000000003402                USART_Init
 .text.USART_Cmd
                0x00000000000034a8       0x16 ./Peripheral/src/ch32v20x_usart.o
                0x00000000000034a8                USART_Cmd
 .text.USART_SendData
                0x00000000000034be        0x8 ./Peripheral/src/ch32v20x_usart.o
                0x00000000000034be                USART_SendData
 .text.USART_GetFlagStatus
                0x00000000000034c6        0xa ./Peripheral/src/ch32v20x_usart.o
                0x00000000000034c6                USART_GetFlagStatus
 .text.Delay_Init
                0x00000000000034d0       0x2a ./Debug/debug.o
                0x00000000000034d0                Delay_Init
 .text.Delay_Us
                0x00000000000034fa       0x36 ./Debug/debug.o
                0x00000000000034fa                Delay_Us
 .text.Delay_Ms
                0x0000000000003530       0x36 ./Debug/debug.o
                0x0000000000003530                Delay_Ms
 .text.USART_Printf_Init
                0x0000000000003566       0x5a ./Debug/debug.o
                0x0000000000003566                USART_Printf_Init
 .text._write   0x00000000000035c0       0x46 ./Debug/debug.o
                0x00000000000035c0                _write
 .text._sbrk    0x0000000000003606       0x26 ./Debug/debug.o
                0x0000000000003606                _sbrk
 .text.__udivdi3
                0x000000000000362c      0x392 d:/mounriver_studio2/resources/app/resources/win32/components/wch/toolchain/risc-v embedded gcc/bin/../lib/gcc/riscv-none-embed/8.2.0/rv32imacxw/ilp32\libgcc.a(_udivdi3.o)
                0x000000000000362c                __udivdi3
 .text.__divsf3
                0x00000000000039be      0x2ae d:/mounriver_studio2/resources/app/resources/win32/components/wch/toolchain/risc-v embedded gcc/bin/../lib/gcc/riscv-none-embed/8.2.0/rv32imacxw/ilp32\libgcc.a(divsf3.o)
                0x00000000000039be                __divsf3
 .text.__floatunsisf
                0x0000000000003c6c       0xce d:/mounriver_studio2/resources/app/resources/win32/components/wch/toolchain/risc-v embedded gcc/bin/../lib/gcc/riscv-none-embed/8.2.0/rv32imacxw/ilp32\libgcc.a(floatunsisf.o)
                0x0000000000003c6c                __floatunsisf
 .text.__extendsfdf2
                0x0000000000003d3a       0xac d:/mounriver_studio2/resources/app/resources/win32/components/wch/toolchain/risc-v embedded gcc/bin/../lib/gcc/riscv-none-embed/8.2.0/rv32imacxw/ilp32\libgcc.a(extendsfdf2.o)
                0x0000000000003d3a                __extendsfdf2
 .text.__clzsi2
                0x0000000000003de6       0x6e d:/mounriver_studio2/resources/app/resources/win32/components/wch/toolchain/risc-v embedded gcc/bin/../lib/gcc/riscv-none-embed/8.2.0/rv32imacxw/ilp32\libgcc.a(_clzsi2.o)
                0x0000000000003de6                __clzsi2
 .text.atoi     0x0000000000003e54        0x6 d:/mounriver_studio2/resources/app/resources/win32/components/wch/toolchain/risc-v embedded gcc/bin/../lib/gcc/riscv-none-embed/8.2.0/../../../../riscv-none-embed/lib/rv32imacxw/ilp32\libg_nano.a(lib_a-atoi.o)
                0x0000000000003e54                atoi
 .text.printf   0x0000000000003e5a       0x40 d:/mounriver_studio2/resources/app/resources/win32/components/wch/toolchain/risc-v embedded gcc/bin/../lib/gcc/riscv-none-embed/8.2.0/../../../../riscv-none-embed/lib/rv32imacxw/ilp32\libg_nano.a(lib_a-printf.o)
                0x0000000000003e5a                iprintf
                0x0000000000003e5a                printf
 .text._puts_r  0x0000000000003e9a       0xd4 d:/mounriver_studio2/resources/app/resources/win32/components/wch/toolchain/risc-v embedded gcc/bin/../lib/gcc/riscv-none-embed/8.2.0/../../../../riscv-none-embed/lib/rv32imacxw/ilp32\libg_nano.a(lib_a-puts.o)
                0x0000000000003e9a                _puts_r
 .text.puts     0x0000000000003f6e        0xc d:/mounriver_studio2/resources/app/resources/win32/components/wch/toolchain/risc-v embedded gcc/bin/../lib/gcc/riscv-none-embed/8.2.0/../../../../riscv-none-embed/lib/rv32imacxw/ilp32\libg_nano.a(lib_a-puts.o)
                0x0000000000003f6e                puts
 .text.strcasecmp
                0x0000000000003f7a       0x5e d:/mounriver_studio2/resources/app/resources/win32/components/wch/toolchain/risc-v embedded gcc/bin/../lib/gcc/riscv-none-embed/8.2.0/../../../../riscv-none-embed/lib/rv32imacxw/ilp32\libg_nano.a(lib_a-strcasecmp.o)
                0x0000000000003f7a                strcasecmp
 .text.strncasecmp
                0x0000000000003fd8       0x68 d:/mounriver_studio2/resources/app/resources/win32/components/wch/toolchain/risc-v embedded gcc/bin/../lib/gcc/riscv-none-embed/8.2.0/../../../../riscv-none-embed/lib/rv32imacxw/ilp32\libg_nano.a(lib_a-strncasecmp.o)
                0x0000000000003fd8                strncasecmp
 .text._strtol_l.isra.0
                0x0000000000004040      0x138 d:/mounriver_studio2/resources/app/resources/win32/components/wch/toolchain/risc-v embedded gcc/bin/../lib/gcc/riscv-none-embed/8.2.0/../../../../riscv-none-embed/lib/rv32imacxw/ilp32\libg_nano.a(lib_a-strtol.o)
 .text.strtol   0x0000000000004178       0x1e d:/mounriver_studio2/resources/app/resources/win32/components/wch/toolchain/risc-v embedded gcc/bin/../lib/gcc/riscv-none-embed/8.2.0/../../../../riscv-none-embed/lib/rv32imacxw/ilp32\libg_nano.a(lib_a-strtol.o)
                0x0000000000004178                strtol
 .text.__swbuf_r
                0x0000000000004196       0xbc d:/mounriver_studio2/resources/app/resources/win32/components/wch/toolchain/risc-v embedded gcc/bin/../lib/gcc/riscv-none-embed/8.2.0/../../../../riscv-none-embed/lib/rv32imacxw/ilp32\libg_nano.a(lib_a-wbuf.o)
                0x0000000000004196                __swbuf_r
 .text.__swsetup_r
                0x0000000000004252       0xfc d:/mounriver_studio2/resources/app/resources/win32/components/wch/toolchain/risc-v embedded gcc/bin/../lib/gcc/riscv-none-embed/8.2.0/../../../../riscv-none-embed/lib/rv32imacxw/ilp32\libg_nano.a(lib_a-wsetup.o)
                0x0000000000004252                __swsetup_r
 .text.__sflush_r
                0x000000000000434e      0x130 d:/mounriver_studio2/resources/app/resources/win32/components/wch/toolchain/risc-v embedded gcc/bin/../lib/gcc/riscv-none-embed/8.2.0/../../../../riscv-none-embed/lib/rv32imacxw/ilp32\libg_nano.a(lib_a-fflush.o)
                0x000000000000434e                __sflush_r
 .text._fflush_r
                0x000000000000447e       0x66 d:/mounriver_studio2/resources/app/resources/win32/components/wch/toolchain/risc-v embedded gcc/bin/../lib/gcc/riscv-none-embed/8.2.0/../../../../riscv-none-embed/lib/rv32imacxw/ilp32\libg_nano.a(lib_a-fflush.o)
                0x000000000000447e                _fflush_r
 .text.std      0x00000000000044e4       0x66 d:/mounriver_studio2/resources/app/resources/win32/components/wch/toolchain/risc-v embedded gcc/bin/../lib/gcc/riscv-none-embed/8.2.0/../../../../riscv-none-embed/lib/rv32imacxw/ilp32\libg_nano.a(lib_a-findfp.o)
 .text._cleanup_r
                0x000000000000454a        0xa d:/mounriver_studio2/resources/app/resources/win32/components/wch/toolchain/risc-v embedded gcc/bin/../lib/gcc/riscv-none-embed/8.2.0/../../../../riscv-none-embed/lib/rv32imacxw/ilp32\libg_nano.a(lib_a-findfp.o)
                0x000000000000454a                _cleanup_r
 .text.__sfmoreglue
                0x0000000000004554       0x46 d:/mounriver_studio2/resources/app/resources/win32/components/wch/toolchain/risc-v embedded gcc/bin/../lib/gcc/riscv-none-embed/8.2.0/../../../../riscv-none-embed/lib/rv32imacxw/ilp32\libg_nano.a(lib_a-findfp.o)
                0x0000000000004554                __sfmoreglue
 .text.__sinit  0x000000000000459a       0x6c d:/mounriver_studio2/resources/app/resources/win32/components/wch/toolchain/risc-v embedded gcc/bin/../lib/gcc/riscv-none-embed/8.2.0/../../../../riscv-none-embed/lib/rv32imacxw/ilp32\libg_nano.a(lib_a-findfp.o)
                0x000000000000459a                __sinit
 .text.__sfp    0x0000000000004606       0xa0 d:/mounriver_studio2/resources/app/resources/win32/components/wch/toolchain/risc-v embedded gcc/bin/../lib/gcc/riscv-none-embed/8.2.0/../../../../riscv-none-embed/lib/rv32imacxw/ilp32\libg_nano.a(lib_a-findfp.o)
                0x0000000000004606                __sfp
 .text._fwalk_reent
                0x00000000000046a6       0x6a d:/mounriver_studio2/resources/app/resources/win32/components/wch/toolchain/risc-v embedded gcc/bin/../lib/gcc/riscv-none-embed/8.2.0/../../../../riscv-none-embed/lib/rv32imacxw/ilp32\libg_nano.a(lib_a-fwalk.o)
                0x00000000000046a6                _fwalk_reent
 .text.__locale_ctype_ptr_l
                0x0000000000004710        0x6 d:/mounriver_studio2/resources/app/resources/win32/components/wch/toolchain/risc-v embedded gcc/bin/../lib/gcc/riscv-none-embed/8.2.0/../../../../riscv-none-embed/lib/rv32imacxw/ilp32\libg_nano.a(lib_a-locale.o)
                0x0000000000004710                __locale_ctype_ptr_l
 .text.__locale_ctype_ptr
                0x0000000000004716       0x18 d:/mounriver_studio2/resources/app/resources/win32/components/wch/toolchain/risc-v embedded gcc/bin/../lib/gcc/riscv-none-embed/8.2.0/../../../../riscv-none-embed/lib/rv32imacxw/ilp32\libg_nano.a(lib_a-locale.o)
                0x0000000000004716                __locale_ctype_ptr
 .text.__swhatbuf_r
                0x000000000000472e       0x58 d:/mounriver_studio2/resources/app/resources/win32/components/wch/toolchain/risc-v embedded gcc/bin/../lib/gcc/riscv-none-embed/8.2.0/../../../../riscv-none-embed/lib/rv32imacxw/ilp32\libg_nano.a(lib_a-makebuf.o)
                0x000000000000472e                __swhatbuf_r
 .text.__smakebuf_r
                0x0000000000004786       0x92 d:/mounriver_studio2/resources/app/resources/win32/components/wch/toolchain/risc-v embedded gcc/bin/../lib/gcc/riscv-none-embed/8.2.0/../../../../riscv-none-embed/lib/rv32imacxw/ilp32\libg_nano.a(lib_a-makebuf.o)
                0x0000000000004786                __smakebuf_r
 .text.__ascii_mbtowc
                0x0000000000004818       0x32 d:/mounriver_studio2/resources/app/resources/win32/components/wch/toolchain/risc-v embedded gcc/bin/../lib/gcc/riscv-none-embed/8.2.0/../../../../riscv-none-embed/lib/rv32imacxw/ilp32\libg_nano.a(lib_a-mbtowc_r.o)
                0x0000000000004818                __ascii_mbtowc
 .text._free_r  0x000000000000484a       0xa8 d:/mounriver_studio2/resources/app/resources/win32/components/wch/toolchain/risc-v embedded gcc/bin/../lib/gcc/riscv-none-embed/8.2.0/../../../../riscv-none-embed/lib/rv32imacxw/ilp32\libg_nano.a(lib_a-nano-freer.o)
                0x000000000000484a                _free_r
 .text._malloc_r
                0x00000000000048f2       0xd4 d:/mounriver_studio2/resources/app/resources/win32/components/wch/toolchain/risc-v embedded gcc/bin/../lib/gcc/riscv-none-embed/8.2.0/../../../../riscv-none-embed/lib/rv32imacxw/ilp32\libg_nano.a(lib_a-nano-mallocr.o)
                0x00000000000048f2                _malloc_r
 .text.__sfputc_r
                0x00000000000049c6       0x28 d:/mounriver_studio2/resources/app/resources/win32/components/wch/toolchain/risc-v embedded gcc/bin/../lib/gcc/riscv-none-embed/8.2.0/../../../../riscv-none-embed/lib/rv32imacxw/ilp32\libg_nano.a(lib_a-nano-vfprintf.o)
 .text.__sfputs_r
                0x00000000000049ee       0x42 d:/mounriver_studio2/resources/app/resources/win32/components/wch/toolchain/risc-v embedded gcc/bin/../lib/gcc/riscv-none-embed/8.2.0/../../../../riscv-none-embed/lib/rv32imacxw/ilp32\libg_nano.a(lib_a-nano-vfprintf.o)
                0x00000000000049ee                __sfputs_r
 .text._vfprintf_r
                0x0000000000004a30      0x288 d:/mounriver_studio2/resources/app/resources/win32/components/wch/toolchain/risc-v embedded gcc/bin/../lib/gcc/riscv-none-embed/8.2.0/../../../../riscv-none-embed/lib/rv32imacxw/ilp32\libg_nano.a(lib_a-nano-vfprintf.o)
                0x0000000000004a30                _vfprintf_r
                0x0000000000004a30                _vfiprintf_r
 .text._printf_common
                0x0000000000004cb8      0x10c d:/mounriver_studio2/resources/app/resources/win32/components/wch/toolchain/risc-v embedded gcc/bin/../lib/gcc/riscv-none-embed/8.2.0/../../../../riscv-none-embed/lib/rv32imacxw/ilp32\libg_nano.a(lib_a-nano-vfprintf_i.o)
                0x0000000000004cb8                _printf_common
 .text._printf_i
                0x0000000000004dc4      0x2a2 d:/mounriver_studio2/resources/app/resources/win32/components/wch/toolchain/risc-v embedded gcc/bin/../lib/gcc/riscv-none-embed/8.2.0/../../../../riscv-none-embed/lib/rv32imacxw/ilp32\libg_nano.a(lib_a-nano-vfprintf_i.o)
                0x0000000000004dc4                _printf_i
 .text._sbrk_r  0x0000000000005066       0x2a d:/mounriver_studio2/resources/app/resources/win32/components/wch/toolchain/risc-v embedded gcc/bin/../lib/gcc/riscv-none-embed/8.2.0/../../../../riscv-none-embed/lib/rv32imacxw/ilp32\libg_nano.a(lib_a-sbrkr.o)
                0x0000000000005066                _sbrk_r
 .text.__sread  0x0000000000005090       0x2c d:/mounriver_studio2/resources/app/resources/win32/components/wch/toolchain/risc-v embedded gcc/bin/../lib/gcc/riscv-none-embed/8.2.0/../../../../riscv-none-embed/lib/rv32imacxw/ilp32\libg_nano.a(lib_a-stdio.o)
                0x0000000000005090                __sread
 .text.__swrite
                0x00000000000050bc       0x48 d:/mounriver_studio2/resources/app/resources/win32/components/wch/toolchain/risc-v embedded gcc/bin/../lib/gcc/riscv-none-embed/8.2.0/../../../../riscv-none-embed/lib/rv32imacxw/ilp32\libg_nano.a(lib_a-stdio.o)
                0x00000000000050bc                __swrite
 .text.__sseek  0x0000000000005104       0x30 d:/mounriver_studio2/resources/app/resources/win32/components/wch/toolchain/risc-v embedded gcc/bin/../lib/gcc/riscv-none-embed/8.2.0/../../../../riscv-none-embed/lib/rv32imacxw/ilp32\libg_nano.a(lib_a-stdio.o)
                0x0000000000005104                __sseek
 .text.__sclose
                0x0000000000005134        0x6 d:/mounriver_studio2/resources/app/resources/win32/components/wch/toolchain/risc-v embedded gcc/bin/../lib/gcc/riscv-none-embed/8.2.0/../../../../riscv-none-embed/lib/rv32imacxw/ilp32\libg_nano.a(lib_a-stdio.o)
                0x0000000000005134                __sclose
 .text.__ascii_wctomb
                0x000000000000513a       0x1e d:/mounriver_studio2/resources/app/resources/win32/components/wch/toolchain/risc-v embedded gcc/bin/../lib/gcc/riscv-none-embed/8.2.0/../../../../riscv-none-embed/lib/rv32imacxw/ilp32\libg_nano.a(lib_a-wctomb_r.o)
                0x000000000000513a                __ascii_wctomb
 .text._write_r
                0x0000000000005158       0x2e d:/mounriver_studio2/resources/app/resources/win32/components/wch/toolchain/risc-v embedded gcc/bin/../lib/gcc/riscv-none-embed/8.2.0/../../../../riscv-none-embed/lib/rv32imacxw/ilp32\libg_nano.a(lib_a-writer.o)
                0x0000000000005158                _write_r
 .text._close_r
                0x0000000000005186       0x28 d:/mounriver_studio2/resources/app/resources/win32/components/wch/toolchain/risc-v embedded gcc/bin/../lib/gcc/riscv-none-embed/8.2.0/../../../../riscv-none-embed/lib/rv32imacxw/ilp32\libg_nano.a(lib_a-closer.o)
                0x0000000000005186                _close_r
 .text._fstat_r
                0x00000000000051ae       0x2a d:/mounriver_studio2/resources/app/resources/win32/components/wch/toolchain/risc-v embedded gcc/bin/../lib/gcc/riscv-none-embed/8.2.0/../../../../riscv-none-embed/lib/rv32imacxw/ilp32\libg_nano.a(lib_a-fstatr.o)
                0x00000000000051ae                _fstat_r
 .text._isatty_r
                0x00000000000051d8       0x28 d:/mounriver_studio2/resources/app/resources/win32/components/wch/toolchain/risc-v embedded gcc/bin/../lib/gcc/riscv-none-embed/8.2.0/../../../../riscv-none-embed/lib/rv32imacxw/ilp32\libg_nano.a(lib_a-isattyr.o)
                0x00000000000051d8                _isatty_r
 .text._lseek_r
                0x0000000000005200       0x2c d:/mounriver_studio2/resources/app/resources/win32/components/wch/toolchain/risc-v embedded gcc/bin/../lib/gcc/riscv-none-embed/8.2.0/../../../../riscv-none-embed/lib/rv32imacxw/ilp32\libg_nano.a(lib_a-lseekr.o)
                0x0000000000005200                _lseek_r
 .text.memchr   0x000000000000522c       0x18 d:/mounriver_studio2/resources/app/resources/win32/components/wch/toolchain/risc-v embedded gcc/bin/../lib/gcc/riscv-none-embed/8.2.0/../../../../riscv-none-embed/lib/rv32imacxw/ilp32\libg_nano.a(lib_a-memchr.o)
                0x000000000000522c                memchr
 .text.__malloc_lock
                0x0000000000005244        0x2 d:/mounriver_studio2/resources/app/resources/win32/components/wch/toolchain/risc-v embedded gcc/bin/../lib/gcc/riscv-none-embed/8.2.0/../../../../riscv-none-embed/lib/rv32imacxw/ilp32\libg_nano.a(lib_a-mlock.o)
                0x0000000000005244                __malloc_lock
 .text.__malloc_unlock
                0x0000000000005246        0x2 d:/mounriver_studio2/resources/app/resources/win32/components/wch/toolchain/risc-v embedded gcc/bin/../lib/gcc/riscv-none-embed/8.2.0/../../../../riscv-none-embed/lib/rv32imacxw/ilp32\libg_nano.a(lib_a-mlock.o)
                0x0000000000005246                __malloc_unlock
 .text._read_r  0x0000000000005248       0x2c d:/mounriver_studio2/resources/app/resources/win32/components/wch/toolchain/risc-v embedded gcc/bin/../lib/gcc/riscv-none-embed/8.2.0/../../../../riscv-none-embed/lib/rv32imacxw/ilp32\libg_nano.a(lib_a-readr.o)
                0x0000000000005248                _read_r
 .text._close   0x0000000000005274        0xc d:/mounriver_studio2/resources/app/resources/win32/components/wch/toolchain/risc-v embedded gcc/bin/../lib/gcc/riscv-none-embed/8.2.0/../../../../riscv-none-embed/lib/rv32imacxw/ilp32\libnosys.a(close.o)
                0x0000000000005274                _close
 .text._fstat   0x0000000000005280        0xc d:/mounriver_studio2/resources/app/resources/win32/components/wch/toolchain/risc-v embedded gcc/bin/../lib/gcc/riscv-none-embed/8.2.0/../../../../riscv-none-embed/lib/rv32imacxw/ilp32\libnosys.a(fstat.o)
                0x0000000000005280                _fstat
 .text._isatty  0x000000000000528c        0xc d:/mounriver_studio2/resources/app/resources/win32/components/wch/toolchain/risc-v embedded gcc/bin/../lib/gcc/riscv-none-embed/8.2.0/../../../../riscv-none-embed/lib/rv32imacxw/ilp32\libnosys.a(isatty.o)
                0x000000000000528c                _isatty
 .text._lseek   0x0000000000005298        0xc d:/mounriver_studio2/resources/app/resources/win32/components/wch/toolchain/risc-v embedded gcc/bin/../lib/gcc/riscv-none-embed/8.2.0/../../../../riscv-none-embed/lib/rv32imacxw/ilp32\libnosys.a(lseek.o)
                0x0000000000005298                _lseek
 .text._read    0x00000000000052a4        0xc d:/mounriver_studio2/resources/app/resources/win32/components/wch/toolchain/risc-v embedded gcc/bin/../lib/gcc/riscv-none-embed/8.2.0/../../../../riscv-none-embed/lib/rv32imacxw/ilp32\libnosys.a(read.o)
                0x00000000000052a4                _read
 *(.rodata)
 *(.rodata*)
 *fill*         0x00000000000052b0        0x0 
 .rodata.BSP_StatusLED_Process_10ms
                0x00000000000052b0       0x18 ./User/bsp.o
 .rodata.BSP_EnterStandby.str1.4
                0x00000000000052c8       0x2b ./User/bsp.o
 *fill*         0x00000000000052f3        0x1 
 .rodata.BSP_Init.str1.4
                0x00000000000052f4       0x23 ./User/bsp.o
 *fill*         0x0000000000005317        0x1 
 .rodata.BSP_JumpToBootloader.str1.4
                0x0000000000005318       0x2c ./User/bsp.o
 .rodata.Gunlight_Apply_PWM
                0x0000000000005344       0x14 ./User/gunlight.o
 .rodata.Gunlight_Init.str1.4
                0x0000000000005358       0x1c ./User/gunlight.o
 .rodata.Gunlight_Process_10ms.cst4
                0x0000000000005374        0x4 ./User/gunlight.o
 .rodata.Gunlight_Process_10ms.str1.4
                0x0000000000005378      0x4c0 ./User/gunlight.o
 .rodata.Gunlight_TurnOn_Mode1.str1.4
                0x0000000000005838       0x29 ./User/gunlight.o
 *fill*         0x0000000000005861        0x3 
 .rodata.Gunlight_Update_Battery_Status.str1.4
                0x0000000000005864       0x73 ./User/gunlight.o
 *fill*         0x00000000000058d7        0x1 
 .rodata.c_sos_seq
                0x00000000000058d8       0x48 ./User/gunlight.o
 .rodata.main.str1.4
                0x0000000000005920      0x19e ./User/main.o
 *fill*         0x0000000000005abe        0x2 
 .rodata.Enter_LowPowerMode.str1.4
                0x0000000000005ac0       0x1a ./User/hw_config.o
 *fill*         0x0000000000005ada        0x2 
 .rodata.Leave_LowPowerMode.str1.4
                0x0000000000005adc       0x1a ./User/hw_config.o
 *fill*         0x0000000000005af6        0x2 
 .rodata.USBD_ConfigDescriptor
                0x0000000000005af8       0x43 ./User/usb_desc.o
                0x0000000000005af8                USBD_ConfigDescriptor
 *fill*         0x0000000000005b3b        0x1 
 .rodata.USBD_DeviceDescriptor
                0x0000000000005b3c       0x12 ./User/usb_desc.o
                0x0000000000005b3c                USBD_DeviceDescriptor
 *fill*         0x0000000000005b4e        0x2 
 .rodata.USBD_StringProduct
                0x0000000000005b50       0x16 ./User/usb_desc.o
                0x0000000000005b50                USBD_StringProduct
 *fill*         0x0000000000005b66        0x2 
 .rodata.USBD_StringVendor
                0x0000000000005b68        0xe ./User/usb_desc.o
                0x0000000000005b68                USBD_StringVendor
 *fill*         0x0000000000005b76        0x2 
 .rodata.Resume
                0x0000000000005b78       0x18 ./User/usb_pwr.o
 .rodata.__divsf3
                0x0000000000005b90       0x80 d:/mounriver_studio2/resources/app/resources/win32/components/wch/toolchain/risc-v embedded gcc/bin/../lib/gcc/riscv-none-embed/8.2.0/rv32imacxw/ilp32\libgcc.a(divsf3.o)
 .rodata.__clz_tab
                0x0000000000005c10      0x100 d:/mounriver_studio2/resources/app/resources/win32/components/wch/toolchain/risc-v embedded gcc/bin/../lib/gcc/riscv-none-embed/8.2.0/rv32imacxw/ilp32\libgcc.a(_clz.o)
                0x0000000000005c10                __clz_tab
 .rodata.__sf_fake_stderr
                0x0000000000005d10       0x20 d:/mounriver_studio2/resources/app/resources/win32/components/wch/toolchain/risc-v embedded gcc/bin/../lib/gcc/riscv-none-embed/8.2.0/../../../../riscv-none-embed/lib/rv32imacxw/ilp32\libg_nano.a(lib_a-findfp.o)
                0x0000000000005d10                __sf_fake_stderr
 .rodata.__sf_fake_stdin
                0x0000000000005d30       0x20 d:/mounriver_studio2/resources/app/resources/win32/components/wch/toolchain/risc-v embedded gcc/bin/../lib/gcc/riscv-none-embed/8.2.0/../../../../riscv-none-embed/lib/rv32imacxw/ilp32\libg_nano.a(lib_a-findfp.o)
                0x0000000000005d30                __sf_fake_stdin
 .rodata.__sf_fake_stdout
                0x0000000000005d50       0x20 d:/mounriver_studio2/resources/app/resources/win32/components/wch/toolchain/risc-v embedded gcc/bin/../lib/gcc/riscv-none-embed/8.2.0/../../../../riscv-none-embed/lib/rv32imacxw/ilp32\libg_nano.a(lib_a-findfp.o)
                0x0000000000005d50                __sf_fake_stdout
 .rodata._setlocale_r.str1.4
                0x0000000000005d70        0xa d:/mounriver_studio2/resources/app/resources/win32/components/wch/toolchain/risc-v embedded gcc/bin/../lib/gcc/riscv-none-embed/8.2.0/../../../../riscv-none-embed/lib/rv32imacxw/ilp32\libg_nano.a(lib_a-locale.o)
                                          0xd (size before relaxing)
 *fill*         0x0000000000005d7a        0x2 
 .rodata.str1.4
                0x0000000000005d7c        0x2 d:/mounriver_studio2/resources/app/resources/win32/components/wch/toolchain/risc-v embedded gcc/bin/../lib/gcc/riscv-none-embed/8.2.0/../../../../riscv-none-embed/lib/rv32imacxw/ilp32\libg_nano.a(lib_a-locale.o)
 *fill*         0x0000000000005d7e        0x2 
 .rodata._vfprintf_r.str1.4
                0x0000000000005d80       0x13 d:/mounriver_studio2/resources/app/resources/win32/components/wch/toolchain/risc-v embedded gcc/bin/../lib/gcc/riscv-none-embed/8.2.0/../../../../riscv-none-embed/lib/rv32imacxw/ilp32\libg_nano.a(lib_a-nano-vfprintf.o)
 *fill*         0x0000000000005d93        0x1 
 .rodata._printf_i.str1.4
                0x0000000000005d94       0x28 d:/mounriver_studio2/resources/app/resources/win32/components/wch/toolchain/risc-v embedded gcc/bin/../lib/gcc/riscv-none-embed/8.2.0/../../../../riscv-none-embed/lib/rv32imacxw/ilp32\libg_nano.a(lib_a-nano-vfprintf_i.o)
                                         0x25 (size before relaxing)
 .rodata._ctype_
                0x0000000000005dbc      0x101 d:/mounriver_studio2/resources/app/resources/win32/components/wch/toolchain/risc-v embedded gcc/bin/../lib/gcc/riscv-none-embed/8.2.0/../../../../riscv-none-embed/lib/rv32imacxw/ilp32\libg_nano.a(lib_a-ctype_.o)
                0x0000000000005dbc                _ctype_
 *(.gnu.linkonce.t.*)
                0x0000000000005ec0                . = ALIGN (0x4)
 *fill*         0x0000000000005ebd        0x3 

.rela.dyn       0x0000000000005ec0        0x0
 .rela.init     0x0000000000005ec0        0x0 ./User/bsp.o
 .rela.vector   0x0000000000005ec0        0x0 ./User/bsp.o
 .rela.text.handle_reset
                0x0000000000005ec0        0x0 ./User/bsp.o
 .rela.text._sbrk
                0x0000000000005ec0        0x0 ./User/bsp.o
 .rela.sdata.curbrk.4694
                0x0000000000005ec0        0x0 ./User/bsp.o
 .rela.text._vfprintf_r
                0x0000000000005ec0        0x0 ./User/bsp.o
 .rela.text._sbrk_r
                0x0000000000005ec0        0x0 ./User/bsp.o
 .rela.text._write_r
                0x0000000000005ec0        0x0 ./User/bsp.o
 .rela.text._close_r
                0x0000000000005ec0        0x0 ./User/bsp.o
 .rela.text._fstat_r
                0x0000000000005ec0        0x0 ./User/bsp.o
 .rela.text._isatty_r
                0x0000000000005ec0        0x0 ./User/bsp.o
 .rela.text._lseek_r
                0x0000000000005ec0        0x0 ./User/bsp.o
 .rela.text._read_r
                0x0000000000005ec0        0x0 ./User/bsp.o
 .rela.text._close
                0x0000000000005ec0        0x0 ./User/bsp.o
 .rela.text._fstat
                0x0000000000005ec0        0x0 ./User/bsp.o
 .rela.text._isatty
                0x0000000000005ec0        0x0 ./User/bsp.o
 .rela.text._lseek
                0x0000000000005ec0        0x0 ./User/bsp.o
 .rela.text._read
                0x0000000000005ec0        0x0 ./User/bsp.o

.fini           0x0000000000005ec0        0x0
 *(SORT_NONE(.fini))
                0x0000000000005ec0                . = ALIGN (0x4)
                [!provide]                        PROVIDE (_etext = .)
                [!provide]                        PROVIDE (_eitcm = .)

.preinit_array  0x0000000000005ec0        0x0
                [!provide]                        PROVIDE (__preinit_array_start = .)
 *(.preinit_array)
                [!provide]                        PROVIDE (__preinit_array_end = .)

.init_array     0x0000000000005ec0        0x0
                [!provide]                        PROVIDE (__init_array_start = .)
 *(SORT_BY_INIT_PRIORITY(.init_array.*) SORT_BY_INIT_PRIORITY(.ctors.*))
 *(.init_array EXCLUDE_FILE(*crtend?.o *crtend.o *crtbegin?.o *crtbegin.o) .ctors)
                [!provide]                        PROVIDE (__init_array_end = .)

.fini_array     0x0000000000005ec0        0x0
                [!provide]                        PROVIDE (__fini_array_start = .)
 *(SORT_BY_INIT_PRIORITY(.fini_array.*) SORT_BY_INIT_PRIORITY(.dtors.*))
 *(.fini_array EXCLUDE_FILE(*crtend?.o *crtend.o *crtbegin?.o *crtbegin.o) .dtors)
                [!provide]                        PROVIDE (__fini_array_end = .)

.ctors
 *crtbegin.o(.ctors)
 *crtbegin?.o(.ctors)
 *(EXCLUDE_FILE(*crtend?.o *crtend.o) .ctors)
 *(SORT_BY_NAME(.ctors.*))
 *(.ctors)

.dtors
 *crtbegin.o(.dtors)
 *crtbegin?.o(.dtors)
 *(EXCLUDE_FILE(*crtend?.o *crtend.o) .dtors)
 *(SORT_BY_NAME(.dtors.*))
 *(.dtors)

.dalign         0x0000000020000000        0x0 load address 0x0000000000005ec0
                0x0000000020000000                . = ALIGN (0x4)
                0x0000000020000000                PROVIDE (_data_vma = .)

.dlalign        0x0000000000005ec0        0x0
                0x0000000000005ec0                . = ALIGN (0x4)
                0x0000000000005ec0                PROVIDE (_data_lma = .)

.data           0x0000000020000000      0x2f0 load address 0x0000000000005ec0
 *(.gnu.linkonce.r.*)
 *(.data .data.*)
 .data.AHBPrescTable
                0x0000000020000000       0x10 ./User/system_ch32v20x.o
                0x0000000020000000                AHBPrescTable
 .data.USBD_StringSerial
                0x0000000020000010       0x16 ./User/usb_desc.o
                0x0000000020000010                USBD_StringSerial
 *fill*         0x0000000020000026        0x2 
 .data.pEpInt_IN
                0x0000000020000028       0x1c ./User/usb_istr.o
                0x0000000020000028                pEpInt_IN
 .data.pEpInt_OUT
                0x0000000020000044       0x1c ./User/usb_istr.o
                0x0000000020000044                pEpInt_OUT
 .data.Device_Property
                0x0000000020000060       0x30 ./User/usb_prop.o
                0x0000000020000060                Device_Property
 .data.String_Descriptor
                0x0000000020000090       0x20 ./User/usb_prop.o
                0x0000000020000090                String_Descriptor
 .data.User_Standard_Requests
                0x00000000200000b0       0x24 ./User/usb_prop.o
                0x00000000200000b0                User_Standard_Requests
 .data.APBAHBPrescTable
                0x00000000200000d4       0x10 ./Peripheral/src/ch32v20x_rcc.o
 .data.impure_data
                0x00000000200000e4       0x60 d:/mounriver_studio2/resources/app/resources/win32/components/wch/toolchain/risc-v embedded gcc/bin/../lib/gcc/riscv-none-embed/8.2.0/../../../../riscv-none-embed/lib/rv32imacxw/ilp32\libg_nano.a(lib_a-impure.o)
 .data.__global_locale
                0x0000000020000144      0x16c d:/mounriver_studio2/resources/app/resources/win32/components/wch/toolchain/risc-v embedded gcc/bin/../lib/gcc/riscv-none-embed/8.2.0/../../../../riscv-none-embed/lib/rv32imacxw/ilp32\libg_nano.a(lib_a-locale.o)
                0x0000000020000144                __global_locale
 *(.gnu.linkonce.d.*)
                0x00000000200002b0                . = ALIGN (0x8)
                0x0000000020000ab0                PROVIDE (__global_pointer$ = (. + 0x800))
 *(.sdata .sdata.*)
 .sdata.s_cur_vbat
                0x00000000200002b0        0x2 ./User/gunlight.o
 .sdata.s_standby_timeout_ticks
                0x00000000200002b2        0x2 ./User/gunlight.o
 .sdata.SystemCoreClock
                0x00000000200002b4        0x4 ./User/system_ch32v20x.o
                0x00000000200002b4                SystemCoreClock
 .sdata.Config_Descriptor
                0x00000000200002b8        0x8 ./User/usb_prop.o
                0x00000000200002b8                Config_Descriptor
 .sdata.Device_Descriptor
                0x00000000200002c0        0x8 ./User/usb_prop.o
                0x00000000200002c0                Device_Descriptor
 .sdata.Device_Table
                0x00000000200002c8        0x2 ./User/usb_prop.o
                0x00000000200002c8                Device_Table
 *fill*         0x00000000200002ca        0x2 
 .sdata.s_line_coding
                0x00000000200002cc        0x7 ./User/usb_prop.o
 *fill*         0x00000000200002d3        0x1 
 .sdata.fSuspendEnabled
                0x00000000200002d4        0x4 ./User/usb_pwr.o
                0x00000000200002d4                fSuspendEnabled
 .sdata.ADCPrescTable
                0x00000000200002d8        0x4 ./Peripheral/src/ch32v20x_rcc.o
 .sdata.curbrk.4694
                0x00000000200002dc        0x4 ./Debug/debug.o
 .sdata._impure_ptr
                0x00000000200002e0        0x4 d:/mounriver_studio2/resources/app/resources/win32/components/wch/toolchain/risc-v embedded gcc/bin/../lib/gcc/riscv-none-embed/8.2.0/../../../../riscv-none-embed/lib/rv32imacxw/ilp32\libg_nano.a(lib_a-impure.o)
                0x00000000200002e0                _impure_ptr
 *(.sdata2.*)
 .sdata2.USBD_StringLangID
                0x00000000200002e4        0x4 ./User/usb_desc.o
                0x00000000200002e4                USBD_StringLangID
 .sdata2._global_impure_ptr
                0x00000000200002e8        0x4 d:/mounriver_studio2/resources/app/resources/win32/components/wch/toolchain/risc-v embedded gcc/bin/../lib/gcc/riscv-none-embed/8.2.0/../../../../riscv-none-embed/lib/rv32imacxw/ilp32\libg_nano.a(lib_a-impure.o)
                0x00000000200002e8                _global_impure_ptr
 *(.gnu.linkonce.s.*)
                0x00000000200002f0                . = ALIGN (0x8)
 *fill*         0x00000000200002ec        0x4 
 *(.srodata.cst16)
 *(.srodata.cst8)
 *(.srodata.cst4)
 *(.srodata.cst2)
 *(.srodata .srodata.*)
                0x00000000200002f0                . = ALIGN (0x4)
                0x00000000200002f0                PROVIDE (_edata = .)

.bss            0x00000000200002f0      0x448 load address 0x00000000000061b0
                0x00000000200002f0                . = ALIGN (0x4)
                0x00000000200002f0                PROVIDE (_sbss = .)
 *(.sbss*)
 .sbss.s_aux_last_state
                0x00000000200002f0        0x1 ./User/bsp.o
 .sbss.s_click_count
                0x00000000200002f1        0x1 ./User/bsp.o
 .sbss.s_gap_ticks
                0x00000000200002f2        0x2 ./User/bsp.o
 .sbss.s_led_anim_ticks
                0x00000000200002f4        0x2 ./User/bsp.o
 *fill*         0x00000000200002f6        0x2 
 .sbss.s_led_mode
                0x00000000200002f8        0x4 ./User/bsp.o
 .sbss.s_long_triggered
                0x00000000200002fc        0x1 ./User/bsp.o
 *fill*         0x00000000200002fd        0x1 
 .sbss.s_press_ticks
                0x00000000200002fe        0x2 ./User/bsp.o
 .sbss.s_adc_timer
                0x0000000020000300        0x2 ./User/gunlight.o
 *fill*         0x0000000020000302        0x2 
 .sbss.s_bat_tier
                0x0000000020000304        0x4 ./User/gunlight.o
 .sbss.s_cli_idx
                0x0000000020000308        0x1 ./User/gunlight.o
 *fill*         0x0000000020000309        0x1 
 .sbss.s_cur_pwm1
                0x000000002000030a        0x2 ./User/gunlight.o
 .sbss.s_cur_pwm2
                0x000000002000030c        0x2 ./User/gunlight.o
 .sbss.s_cutoff_confirm
                0x000000002000030e        0x1 ./User/gunlight.o
 *fill*         0x000000002000030f        0x1 
 .sbss.s_gl_state
                0x0000000020000310        0x4 ./User/gunlight.o
 .sbss.s_sos_step
                0x0000000020000314        0x1 ./User/gunlight.o
 *fill*         0x0000000020000315        0x1 
 .sbss.s_sos_timer
                0x0000000020000316        0x2 ./User/gunlight.o
 .sbss.s_standby_timer
                0x0000000020000318        0x2 ./User/gunlight.o
 .sbss.s_strobe_flag
                0x000000002000031a        0x1 ./User/gunlight.o
 *fill*         0x000000002000031b        0x1 
 .sbss.s_strobe_timer
                0x000000002000031c        0x2 ./User/gunlight.o
 .sbss.s_tactical_override
                0x000000002000031e        0x1 ./User/gunlight.o
 *fill*         0x000000002000031f        0x1 
 .sbss.s_rx_head
                0x0000000020000320        0x2 ./User/usb_cdc.o
 .sbss.s_rx_tail
                0x0000000020000322        0x2 ./User/usb_cdc.o
 .sbss.s_tx_head
                0x0000000020000324        0x2 ./User/usb_cdc.o
 .sbss.s_tx_tail
                0x0000000020000326        0x2 ./User/usb_cdc.o
 .sbss.Data_Mul_MaxPacketSize
                0x0000000020000328        0x4 ./User/usb_core.o
                0x0000000020000328                Data_Mul_MaxPacketSize
 .sbss.StatusInfo
                0x000000002000032c        0x2 ./User/usb_core.o
                0x000000002000032c                StatusInfo
 .sbss.EPindex  0x000000002000032e        0x1 ./User/usb_init.o
                0x000000002000032e                EPindex
 *fill*         0x000000002000032f        0x1 
 .sbss.pInformation
                0x0000000020000330        0x4 ./User/usb_init.o
                0x0000000020000330                pInformation
 .sbss.pProperty
                0x0000000020000334        0x4 ./User/usb_init.o
                0x0000000020000334                pProperty
 .sbss.pUser_Standard_Requests
                0x0000000020000338        0x4 ./User/usb_init.o
                0x0000000020000338                pUser_Standard_Requests
 .sbss.wInterrupt_Mask
                0x000000002000033c        0x2 ./User/usb_init.o
                0x000000002000033c                wInterrupt_Mask
 .sbss.SaveRState
                0x000000002000033e        0x2 ./User/usb_int.o
                0x000000002000033e                SaveRState
 .sbss.SaveTState
                0x0000000020000340        0x2 ./User/usb_int.o
                0x0000000020000340                SaveTState
 .sbss.USBD_Endp3_Busy
                0x0000000020000342        0x1 ./User/usb_endp.o
                0x0000000020000342                USBD_Endp3_Busy
 *fill*         0x0000000020000343        0x1 
 .sbss.Ep0RxBlks
                0x0000000020000344        0x2 ./User/usb_istr.o
                0x0000000020000344                Ep0RxBlks
 .sbss.bIntPackSOF
                0x0000000020000346        0x1 ./User/usb_istr.o
                0x0000000020000346                bIntPackSOF
 *fill*         0x0000000020000347        0x1 
 .sbss.esof_counter
                0x0000000020000348        0x4 ./User/usb_istr.o
                0x0000000020000348                esof_counter
 .sbss.wCNTR    0x000000002000034c        0x4 ./User/usb_istr.o
                0x000000002000034c                wCNTR
 .sbss.wIstr    0x0000000020000350        0x2 ./User/usb_istr.o
                0x0000000020000350                wIstr
 *fill*         0x0000000020000352        0x2 
 .sbss.ResumeS  0x0000000020000354        0x8 ./User/usb_pwr.o
                0x0000000020000354                ResumeS
 .sbss.bDeviceState
                0x000000002000035c        0x4 ./User/usb_pwr.o
                0x000000002000035c                bDeviceState
 .sbss.remotewakeupon
                0x0000000020000360        0x4 ./User/usb_pwr.o
                0x0000000020000360                remotewakeupon
 .sbss.MCU_Version
                0x0000000020000364        0x1 ./Peripheral/src/ch32v20x_gpio.o
                0x0000000020000364                MCU_Version
 *fill*         0x0000000020000365        0x3 
 .sbss.NVIC_Priority_Group
                0x0000000020000368        0x4 ./Peripheral/src/ch32v20x_misc.o
                0x0000000020000368                NVIC_Priority_Group
 .sbss.p_ms     0x000000002000036c        0x2 ./Debug/debug.o
 .sbss.p_us     0x000000002000036e        0x1 ./Debug/debug.o
 *fill*         0x000000002000036f        0x1 
 .sbss.__malloc_free_list
                0x0000000020000370        0x4 d:/mounriver_studio2/resources/app/resources/win32/components/wch/toolchain/risc-v embedded gcc/bin/../lib/gcc/riscv-none-embed/8.2.0/../../../../riscv-none-embed/lib/rv32imacxw/ilp32\libg_nano.a(lib_a-nano-mallocr.o)
                0x0000000020000370                __malloc_free_list
 .sbss.__malloc_sbrk_start
                0x0000000020000374        0x4 d:/mounriver_studio2/resources/app/resources/win32/components/wch/toolchain/risc-v embedded gcc/bin/../lib/gcc/riscv-none-embed/8.2.0/../../../../riscv-none-embed/lib/rv32imacxw/ilp32\libg_nano.a(lib_a-nano-mallocr.o)
                0x0000000020000374                __malloc_sbrk_start
 *(.gnu.linkonce.sb.*)
 *(.bss*)
 .bss.s_cli_line
                0x0000000020000378       0x40 ./User/gunlight.o
 .bss.s_rx_buf  0x00000000200003b8      0x100 ./User/usb_cdc.o
 .bss.s_tx_buf  0x00000000200004b8      0x200 ./User/usb_cdc.o
 .bss.s_tx_packet
                0x00000000200006b8       0x40 ./User/usb_cdc.o
 .bss.Device_Info
                0x00000000200006f8       0x1c ./User/usb_init.o
                0x00000000200006f8                Device_Info
 .bss.EP        0x0000000020000714       0x20 ./User/usb_pwr.o
                0x0000000020000714                EP
 *(.gnu.linkonce.b.*)
 *(COMMON*)
 COMMON         0x0000000020000734        0x4 d:/mounriver_studio2/resources/app/resources/win32/components/wch/toolchain/risc-v embedded gcc/bin/../lib/gcc/riscv-none-embed/8.2.0/../../../../riscv-none-embed/lib/rv32imacxw/ilp32\libg_nano.a(lib_a-reent.o)
                0x0000000020000734                errno
                0x0000000020000738                . = ALIGN (0x4)
                0x0000000020000738                PROVIDE (_ebss = .)
                0x0000000020000738                PROVIDE (_end = _ebss)
                [!provide]                        PROVIDE (end = .)

.stack          0x0000000020004800      0x800
                0x0000000020004800                PROVIDE (_heap_end = .)
                0x0000000020004800                . = ALIGN (0x4)
                [!provide]                        PROVIDE (_susrstack = .)
                0x0000000020005000                . = (. + __stack_size)
 *fill*         0x0000000020004800      0x800 
                0x0000000020005000                PROVIDE (_eusrstack = .)
OUTPUT(CH32V203F8U.elf elf32-littleriscv)

.debug_info     0x0000000000000000    0x1f978
 .debug_info    0x0000000000000000     0x1f05 ./User/bsp.o
 .debug_info    0x0000000000001f05      0xbc0 ./User/ch32v20x_it.o
 .debug_info    0x0000000000002ac5     0x1866 ./User/gunlight.o
 .debug_info    0x000000000000432b      0xc40 ./User/main.o
 .debug_info    0x0000000000004f6b      0xb3b ./User/system_ch32v20x.o
 .debug_info    0x0000000000005aa6     0x15d9 ./User/usb_cdc.o
 .debug_info    0x000000000000707f     0x1802 ./User/usb_core.o
 .debug_info    0x0000000000008881      0xde5 ./User/usb_init.o
 .debug_info    0x0000000000009666      0xef1 ./User/usb_int.o
 .debug_info    0x000000000000a557      0xe81 ./User/usb_mem.o
 .debug_info    0x000000000000b3d8     0x19df ./User/usb_regs.o
 .debug_info    0x000000000000cdb7      0xeeb ./User/usb_sil.o
 .debug_info    0x000000000000dca2     0x144d ./User/hw_config.o
 .debug_info    0x000000000000f0ef      0xe83 ./User/usb_desc.o
 .debug_info    0x000000000000ff72     0x1053 ./User/usb_endp.o
 .debug_info    0x0000000000010fc5      0xf3b ./User/usb_istr.o
 .debug_info    0x0000000000011f00     0x1578 ./User/usb_prop.o
 .debug_info    0x0000000000013478      0xfe1 ./User/usb_pwr.o
 .debug_info    0x0000000000014459       0x22 ./Startup/startup_ch32v20x_D6.o
 .debug_info    0x000000000001447b     0x16f6 ./Peripheral/src/ch32v20x_adc.o
 .debug_info    0x0000000000015b71      0xc0d ./Peripheral/src/ch32v20x_exti.o
 .debug_info    0x000000000001677e     0x1335 ./Peripheral/src/ch32v20x_gpio.o
 .debug_info    0x0000000000017ab3      0xe67 ./Peripheral/src/ch32v20x_misc.o
 .debug_info    0x000000000001891a     0x1054 ./Peripheral/src/ch32v20x_pwr.o
 .debug_info    0x000000000001996e     0x1273 ./Peripheral/src/ch32v20x_rcc.o
 .debug_info    0x000000000001abe1     0x2aca ./Peripheral/src/ch32v20x_tim.o
 .debug_info    0x000000000001d6ab     0x135c ./Peripheral/src/ch32v20x_usart.o
 .debug_info    0x000000000001ea07      0xf71 ./Debug/debug.o

.debug_abbrev   0x0000000000000000     0x55a2
 .debug_abbrev  0x0000000000000000      0x46b ./User/bsp.o
 .debug_abbrev  0x000000000000046b      0x22c ./User/ch32v20x_it.o
 .debug_abbrev  0x0000000000000697      0x443 ./User/gunlight.o
 .debug_abbrev  0x0000000000000ada      0x265 ./User/main.o
 .debug_abbrev  0x0000000000000d3f      0x2b0 ./User/system_ch32v20x.o
 .debug_abbrev  0x0000000000000fef      0x3cd ./User/usb_cdc.o
 .debug_abbrev  0x00000000000013bc      0x553 ./User/usb_core.o
 .debug_abbrev  0x000000000000190f      0x223 ./User/usb_init.o
 .debug_abbrev  0x0000000000001b32      0x279 ./User/usb_int.o
 .debug_abbrev  0x0000000000001dab      0x25a ./User/usb_mem.o
 .debug_abbrev  0x0000000000002005      0x3b2 ./User/usb_regs.o
 .debug_abbrev  0x00000000000023b7      0x2a0 ./User/usb_sil.o
 .debug_abbrev  0x0000000000002657      0x2be ./User/hw_config.o
 .debug_abbrev  0x0000000000002915      0x205 ./User/usb_desc.o
 .debug_abbrev  0x0000000000002b1a      0x30d ./User/usb_endp.o
 .debug_abbrev  0x0000000000002e27      0x2af ./User/usb_istr.o
 .debug_abbrev  0x00000000000030d6      0x3cc ./User/usb_prop.o
 .debug_abbrev  0x00000000000034a2      0x2fa ./User/usb_pwr.o
 .debug_abbrev  0x000000000000379c       0x12 ./Startup/startup_ch32v20x_D6.o
 .debug_abbrev  0x00000000000037ae      0x3a9 ./Peripheral/src/ch32v20x_adc.o
 .debug_abbrev  0x0000000000003b57      0x2da ./Peripheral/src/ch32v20x_exti.o
 .debug_abbrev  0x0000000000003e31      0x34b ./Peripheral/src/ch32v20x_gpio.o
 .debug_abbrev  0x000000000000417c      0x2e1 ./Peripheral/src/ch32v20x_misc.o
 .debug_abbrev  0x000000000000445d      0x399 ./Peripheral/src/ch32v20x_pwr.o
 .debug_abbrev  0x00000000000047f6      0x36b ./Peripheral/src/ch32v20x_rcc.o
 .debug_abbrev  0x0000000000004b61      0x40f ./Peripheral/src/ch32v20x_tim.o
 .debug_abbrev  0x0000000000004f70      0x32e ./Peripheral/src/ch32v20x_usart.o
 .debug_abbrev  0x000000000000529e      0x304 ./Debug/debug.o

.debug_loc      0x0000000000000000     0x6664
 .debug_loc     0x0000000000000000      0x374 ./User/bsp.o
 .debug_loc     0x0000000000000374      0x2a2 ./User/gunlight.o
 .debug_loc     0x0000000000000616       0x35 ./User/main.o
 .debug_loc     0x000000000000064b       0xac ./User/system_ch32v20x.o
 .debug_loc     0x00000000000006f7      0x1df ./User/usb_cdc.o
 .debug_loc     0x00000000000008d6      0xa1e ./User/usb_core.o
 .debug_loc     0x00000000000012f4       0xfa ./User/usb_int.o
 .debug_loc     0x00000000000013ee      0x1dc ./User/usb_mem.o
 .debug_loc     0x00000000000015ca      0xb6f ./User/usb_regs.o
 .debug_loc     0x0000000000002139       0xc4 ./User/usb_sil.o
 .debug_loc     0x00000000000021fd       0x3c ./User/hw_config.o
 .debug_loc     0x0000000000002239       0xa2 ./User/usb_endp.o
 .debug_loc     0x00000000000022db       0x42 ./User/usb_istr.o
 .debug_loc     0x000000000000231d      0x1ca ./User/usb_prop.o
 .debug_loc     0x00000000000024e7      0x139 ./User/usb_pwr.o
 .debug_loc     0x0000000000002620      0xab6 ./Peripheral/src/ch32v20x_adc.o
 .debug_loc     0x00000000000030d6      0x181 ./Peripheral/src/ch32v20x_exti.o
 .debug_loc     0x0000000000003257      0x8a8 ./Peripheral/src/ch32v20x_gpio.o
 .debug_loc     0x0000000000003aff       0x47 ./Peripheral/src/ch32v20x_misc.o
 .debug_loc     0x0000000000003b46      0x29e ./Peripheral/src/ch32v20x_pwr.o
 .debug_loc     0x0000000000003de4      0x797 ./Peripheral/src/ch32v20x_rcc.o
 .debug_loc     0x000000000000457b     0x180e ./Peripheral/src/ch32v20x_tim.o
 .debug_loc     0x0000000000005d89      0x746 ./Peripheral/src/ch32v20x_usart.o
 .debug_loc     0x00000000000064cf      0x195 ./Debug/debug.o

.debug_aranges  0x0000000000000000      0xec0
 .debug_aranges
                0x0000000000000000       0x90 ./User/bsp.o
 .debug_aranges
                0x0000000000000090       0x28 ./User/ch32v20x_it.o
 .debug_aranges
                0x00000000000000b8       0x98 ./User/gunlight.o
 .debug_aranges
                0x0000000000000150       0x20 ./User/main.o
 .debug_aranges
                0x0000000000000170       0x28 ./User/system_ch32v20x.o
 .debug_aranges
                0x0000000000000198       0x68 ./User/usb_cdc.o
 .debug_aranges
                0x0000000000000200       0x98 ./User/usb_core.o
 .debug_aranges
                0x0000000000000298       0x20 ./User/usb_init.o
 .debug_aranges
                0x00000000000002b8       0x28 ./User/usb_int.o
 .debug_aranges
                0x00000000000002e0       0x28 ./User/usb_mem.o
 .debug_aranges
                0x0000000000000308      0x1a0 ./User/usb_regs.o
 .debug_aranges
                0x00000000000004a8       0x30 ./User/usb_sil.o
 .debug_aranges
                0x00000000000004d8       0x50 ./User/hw_config.o
 .debug_aranges
                0x0000000000000528       0x18 ./User/usb_desc.o
 .debug_aranges
                0x0000000000000540       0x38 ./User/usb_endp.o
 .debug_aranges
                0x0000000000000578       0x20 ./User/usb_istr.o
 .debug_aranges
                0x0000000000000598       0x78 ./User/usb_prop.o
 .debug_aranges
                0x0000000000000610       0x40 ./User/usb_pwr.o
 .debug_aranges
                0x0000000000000650       0x30 ./Startup/startup_ch32v20x_D6.o
 .debug_aranges
                0x0000000000000680      0x150 ./Peripheral/src/ch32v20x_adc.o
 .debug_aranges
                0x00000000000007d0       0x50 ./Peripheral/src/ch32v20x_exti.o
 .debug_aranges
                0x0000000000000820       0xb0 ./Peripheral/src/ch32v20x_gpio.o
 .debug_aranges
                0x00000000000008d0       0x28 ./Peripheral/src/ch32v20x_misc.o
 .debug_aranges
                0x00000000000008f8       0x88 ./Peripheral/src/ch32v20x_pwr.o
 .debug_aranges
                0x0000000000000980      0x130 ./Peripheral/src/ch32v20x_rcc.o
 .debug_aranges
                0x0000000000000ab0      0x2d0 ./Peripheral/src/ch32v20x_tim.o
 .debug_aranges
                0x0000000000000d80       0xf0 ./Peripheral/src/ch32v20x_usart.o
 .debug_aranges
                0x0000000000000e70       0x50 ./Debug/debug.o

.debug_ranges   0x0000000000000000     0x1160
 .debug_ranges  0x0000000000000000       0xe0 ./User/bsp.o
 .debug_ranges  0x00000000000000e0       0x18 ./User/ch32v20x_it.o
 .debug_ranges  0x00000000000000f8      0x130 ./User/gunlight.o
 .debug_ranges  0x0000000000000228       0x28 ./User/main.o
 .debug_ranges  0x0000000000000250       0x18 ./User/system_ch32v20x.o
 .debug_ranges  0x0000000000000268       0xd0 ./User/usb_cdc.o
 .debug_ranges  0x0000000000000338      0x148 ./User/usb_core.o
 .debug_ranges  0x0000000000000480       0x10 ./User/usb_init.o
 .debug_ranges  0x0000000000000490       0x60 ./User/usb_int.o
 .debug_ranges  0x00000000000004f0       0x18 ./User/usb_mem.o
 .debug_ranges  0x0000000000000508      0x338 ./User/usb_regs.o
 .debug_ranges  0x0000000000000840       0x20 ./User/usb_sil.o
 .debug_ranges  0x0000000000000860       0x40 ./User/hw_config.o
 .debug_ranges  0x00000000000008a0       0x28 ./User/usb_endp.o
 .debug_ranges  0x00000000000008c8       0x10 ./User/usb_istr.o
 .debug_ranges  0x00000000000008d8       0x68 ./User/usb_prop.o
 .debug_ranges  0x0000000000000940       0x30 ./User/usb_pwr.o
 .debug_ranges  0x0000000000000970       0x28 ./Startup/startup_ch32v20x_D6.o
 .debug_ranges  0x0000000000000998      0x140 ./Peripheral/src/ch32v20x_adc.o
 .debug_ranges  0x0000000000000ad8       0x40 ./Peripheral/src/ch32v20x_exti.o
 .debug_ranges  0x0000000000000b18       0xa0 ./Peripheral/src/ch32v20x_gpio.o
 .debug_ranges  0x0000000000000bb8       0x30 ./Peripheral/src/ch32v20x_misc.o
 .debug_ranges  0x0000000000000be8       0x78 ./Peripheral/src/ch32v20x_pwr.o
 .debug_ranges  0x0000000000000c60      0x120 ./Peripheral/src/ch32v20x_rcc.o
 .debug_ranges  0x0000000000000d80      0x2c0 ./Peripheral/src/ch32v20x_tim.o
 .debug_ranges  0x0000000000001040       0xe0 ./Peripheral/src/ch32v20x_usart.o
 .debug_ranges  0x0000000000001120       0x40 ./Debug/debug.o

.debug_line     0x0000000000000000    0x14a00
 .debug_line    0x0000000000000000     0x1066 ./User/bsp.o
 .debug_line    0x0000000000001066      0x312 ./User/ch32v20x_it.o
 .debug_line    0x0000000000001378     0x1465 ./User/gunlight.o
 .debug_line    0x00000000000027dd      0x576 ./User/main.o
 .debug_line    0x0000000000002d53      0x622 ./User/system_ch32v20x.o
 .debug_line    0x0000000000003375      0xa41 ./User/usb_cdc.o
 .debug_line    0x0000000000003db6     0x1acb ./User/usb_core.o
 .debug_line    0x0000000000005881      0x352 ./User/usb_init.o
 .debug_line    0x0000000000005bd3      0x99b ./User/usb_int.o
 .debug_line    0x000000000000656e      0x478 ./User/usb_mem.o
 .debug_line    0x00000000000069e6     0x11ed ./User/usb_regs.o
 .debug_line    0x0000000000007bd3      0x3e8 ./User/usb_sil.o
 .debug_line    0x0000000000007fbb      0x7d0 ./User/hw_config.o
 .debug_line    0x000000000000878b      0x2ed ./User/usb_desc.o
 .debug_line    0x0000000000008a78      0x466 ./User/usb_endp.o
 .debug_line    0x0000000000008ede      0x6ed ./User/usb_istr.o
 .debug_line    0x00000000000095cb      0x9dd ./User/usb_prop.o
 .debug_line    0x0000000000009fa8      0x84d ./User/usb_pwr.o
 .debug_line    0x000000000000a7f5      0x121 ./Startup/startup_ch32v20x_D6.o
 .debug_line    0x000000000000a916     0x1b3d ./Peripheral/src/ch32v20x_adc.o
 .debug_line    0x000000000000c453      0x646 ./Peripheral/src/ch32v20x_exti.o
 .debug_line    0x000000000000ca99     0x1690 ./Peripheral/src/ch32v20x_gpio.o
 .debug_line    0x000000000000e129      0x454 ./Peripheral/src/ch32v20x_misc.o
 .debug_line    0x000000000000e57d      0xbdb ./Peripheral/src/ch32v20x_pwr.o
 .debug_line    0x000000000000f158     0x1203 ./Peripheral/src/ch32v20x_rcc.o
 .debug_line    0x000000000001035b     0x2fbf ./Peripheral/src/ch32v20x_tim.o
 .debug_line    0x000000000001331a      0xf12 ./Peripheral/src/ch32v20x_usart.o
 .debug_line    0x000000000001422c      0x7d4 ./Debug/debug.o

.debug_str      0x0000000000000000     0x4833
 .debug_str     0x0000000000000000     0x109f ./User/bsp.o
                                       0x115a (size before relaxing)
 .debug_str     0x000000000000109f       0x34 ./User/ch32v20x_it.o
                                        0x693 (size before relaxing)
 .debug_str     0x00000000000010d3      0x3c2 ./User/gunlight.o
                                        0xcb8 (size before relaxing)
 .debug_str     0x0000000000001495       0x88 ./User/main.o
                                        0x6f8 (size before relaxing)
 .debug_str     0x000000000000151d       0xdc ./User/system_ch32v20x.o
                                        0x6ad (size before relaxing)
 .debug_str     0x00000000000015f9      0x7ff ./User/usb_cdc.o
                                        0xfb9 (size before relaxing)
 .debug_str     0x0000000000001df8      0x513 ./User/usb_core.o
                                        0xf82 (size before relaxing)
 .debug_str     0x000000000000230b       0x29 ./User/usb_init.o
                                        0x9ef (size before relaxing)
 .debug_str     0x0000000000002334       0x68 ./User/usb_int.o
                                        0xa4d (size before relaxing)
 .debug_str     0x000000000000239c       0x58 ./User/usb_mem.o
                                        0xa3d (size before relaxing)
 .debug_str     0x00000000000023f4      0x389 ./User/usb_regs.o
                                        0xdc5 (size before relaxing)
 .debug_str     0x000000000000277d       0x7e ./User/usb_sil.o
                                        0xa95 (size before relaxing)
 .debug_str     0x00000000000027fb      0x336 ./User/hw_config.o
                                       0x1131 (size before relaxing)
 .debug_str     0x0000000000002b31       0x21 ./User/usb_desc.o
                                        0xa53 (size before relaxing)
 .debug_str     0x0000000000002b52       0x61 ./User/usb_endp.o
                                        0xb5f (size before relaxing)
 .debug_str     0x0000000000002bb3       0xc4 ./User/usb_istr.o
                                        0xad3 (size before relaxing)
 .debug_str     0x0000000000002c77      0x1b1 ./User/usb_prop.o
                                        0xe1c (size before relaxing)
 .debug_str     0x0000000000002e28       0x63 ./User/usb_pwr.o
                                        0xb6b (size before relaxing)
 .debug_str     0x0000000000002e8b       0x2d ./Startup/startup_ch32v20x_D6.o
                                         0x67 (size before relaxing)
 .debug_str     0x0000000000002eb8      0x402 ./Peripheral/src/ch32v20x_adc.o
                                        0xc25 (size before relaxing)
 .debug_str     0x00000000000032ba       0xc0 ./Peripheral/src/ch32v20x_exti.o
                                        0x79b (size before relaxing)
 .debug_str     0x000000000000337a      0x21b ./Peripheral/src/ch32v20x_gpio.o
                                        0x9ca (size before relaxing)
 .debug_str     0x0000000000003595       0x82 ./Peripheral/src/ch32v20x_misc.o
                                        0xa8c (size before relaxing)
 .debug_str     0x0000000000003617      0x16e ./Peripheral/src/ch32v20x_pwr.o
                                        0x86a (size before relaxing)
 .debug_str     0x0000000000003785      0x32b ./Peripheral/src/ch32v20x_rcc.o
                                        0xadc (size before relaxing)
 .debug_str     0x0000000000003ab0      0x927 ./Peripheral/src/ch32v20x_tim.o
                                       0x12c7 (size before relaxing)
 .debug_str     0x00000000000043d7      0x3d6 ./Peripheral/src/ch32v20x_usart.o
                                        0xb0c (size before relaxing)
 .debug_str     0x00000000000047ad       0x86 ./Debug/debug.o
                                        0x93a (size before relaxing)

.comment        0x0000000000000000       0x33
 .comment       0x0000000000000000       0x33 ./User/bsp.o
                                         0x34 (size before relaxing)
 .comment       0x0000000000000033       0x34 ./User/ch32v20x_it.o
 .comment       0x0000000000000033       0x34 ./User/gunlight.o
 .comment       0x0000000000000033       0x34 ./User/main.o
 .comment       0x0000000000000033       0x34 ./User/system_ch32v20x.o
 .comment       0x0000000000000033       0x34 ./User/usb_cdc.o
 .comment       0x0000000000000033       0x34 ./User/usb_core.o
 .comment       0x0000000000000033       0x34 ./User/usb_init.o
 .comment       0x0000000000000033       0x34 ./User/usb_int.o
 .comment       0x0000000000000033       0x34 ./User/usb_mem.o
 .comment       0x0000000000000033       0x34 ./User/usb_regs.o
 .comment       0x0000000000000033       0x34 ./User/usb_sil.o
 .comment       0x0000000000000033       0x34 ./User/hw_config.o
 .comment       0x0000000000000033       0x34 ./User/usb_desc.o
 .comment       0x0000000000000033       0x34 ./User/usb_endp.o
 .comment       0x0000000000000033       0x34 ./User/usb_istr.o
 .comment       0x0000000000000033       0x34 ./User/usb_prop.o
 .comment       0x0000000000000033       0x34 ./User/usb_pwr.o
 .comment       0x0000000000000033       0x34 ./Peripheral/src/ch32v20x_adc.o
 .comment       0x0000000000000033       0x34 ./Peripheral/src/ch32v20x_exti.o
 .comment       0x0000000000000033       0x34 ./Peripheral/src/ch32v20x_gpio.o
 .comment       0x0000000000000033       0x34 ./Peripheral/src/ch32v20x_misc.o
 .comment       0x0000000000000033       0x34 ./Peripheral/src/ch32v20x_pwr.o
 .comment       0x0000000000000033       0x34 ./Peripheral/src/ch32v20x_rcc.o
 .comment       0x0000000000000033       0x34 ./Peripheral/src/ch32v20x_tim.o
 .comment       0x0000000000000033       0x34 ./Peripheral/src/ch32v20x_usart.o
 .comment       0x0000000000000033       0x34 ./Debug/debug.o

.debug_frame    0x0000000000000000     0x2cd8
 .debug_frame   0x0000000000000000      0x1c0 ./User/bsp.o
 .debug_frame   0x00000000000001c0       0x30 ./User/ch32v20x_it.o
 .debug_frame   0x00000000000001f0      0x1a4 ./User/gunlight.o
 .debug_frame   0x0000000000000394       0x2c ./User/main.o
 .debug_frame   0x00000000000003c0       0x30 ./User/system_ch32v20x.o
 .debug_frame   0x00000000000003f0      0x10c ./User/usb_cdc.o
 .debug_frame   0x00000000000004fc      0x204 ./User/usb_core.o
 .debug_frame   0x0000000000000700       0x2c ./User/usb_init.o
 .debug_frame   0x000000000000072c       0x78 ./User/usb_int.o
 .debug_frame   0x00000000000007a4       0x30 ./User/usb_mem.o
 .debug_frame   0x00000000000007d4      0x438 ./User/usb_regs.o
 .debug_frame   0x0000000000000c0c       0x68 ./User/usb_sil.o
 .debug_frame   0x0000000000000c74       0xd0 ./User/hw_config.o
 .debug_frame   0x0000000000000d44       0x84 ./User/usb_endp.o
 .debug_frame   0x0000000000000dc8       0x3c ./User/usb_istr.o
 .debug_frame   0x0000000000000e04      0x164 ./User/usb_prop.o
 .debug_frame   0x0000000000000f68       0x88 ./User/usb_pwr.o
 .debug_frame   0x0000000000000ff0      0x2b4 ./Peripheral/src/ch32v20x_adc.o
 .debug_frame   0x00000000000012a4       0x90 ./Peripheral/src/ch32v20x_exti.o
 .debug_frame   0x0000000000001334      0x170 ./Peripheral/src/ch32v20x_gpio.o
 .debug_frame   0x00000000000014a4       0x30 ./Peripheral/src/ch32v20x_misc.o
 .debug_frame   0x00000000000014d4       0xfc ./Peripheral/src/ch32v20x_pwr.o
 .debug_frame   0x00000000000015d0      0x254 ./Peripheral/src/ch32v20x_rcc.o
 .debug_frame   0x0000000000001824      0x614 ./Peripheral/src/ch32v20x_tim.o
 .debug_frame   0x0000000000001e38      0x1e4 ./Peripheral/src/ch32v20x_usart.o
 .debug_frame   0x000000000000201c       0xb8 ./Debug/debug.o
 .debug_frame   0x00000000000020d4       0x50 d:/mounriver_studio2/resources/app/resources/win32/components/wch/toolchain/risc-v embedded gcc/bin/../lib/gcc/riscv-none-embed/8.2.0/rv32imacxw/ilp32\libgcc.a(divsf3.o)
 .debug_frame   0x0000000000002124       0x44 d:/mounriver_studio2/resources/app/resources/win32/components/wch/toolchain/risc-v embedded gcc/bin/../lib/gcc/riscv-none-embed/8.2.0/rv32imacxw/ilp32\libgcc.a(floatunsisf.o)