Archive member included to satisfy reference by file (symbol)

d:/mounriver_studio2/resources/app/resources/win32/components/wch/toolchain/risc-v embedded gcc/bin/../lib/gcc/riscv-none-embed/8.2.0/rv32imacxw/ilp32\libgcc.a(_divdi3.o)
                              ./Peripheral/src/ch32v20x_usart.o (__divdi3)
d:/mounriver_studio2/resources/app/resources/win32/components/wch/toolchain/risc-v embedded gcc/bin/../lib/gcc/riscv-none-embed/8.2.0/rv32imacxw/ilp32\libgcc.a(_udivdi3.o)
                              ./Peripheral/src/ch32v20x_usart.o (__udivdi3)
d:/mounriver_studio2/resources/app/resources/win32/components/wch/toolchain/risc-v embedded gcc/bin/../lib/gcc/riscv-none-embed/8.2.0/rv32imacxw/ilp32\libgcc.a(save-restore.o)
                              ./User/bsp_cli.o (__riscv_save_12)
d:/mounriver_studio2/resources/app/resources/win32/components/wch/toolchain/risc-v embedded gcc/bin/../lib/gcc/riscv-none-embed/8.2.0/rv32imacxw/ilp32\libgcc.a(_clz.o)
                              d:/mounriver_studio2/resources/app/resources/win32/components/wch/toolchain/risc-v embedded gcc/bin/../lib/gcc/riscv-none-embed/8.2.0/rv32imacxw/ilp32\libgcc.a(_divdi3.o) (__clz_tab)
d:/mounriver_studio2/resources/app/resources/win32/components/wch/toolchain/risc-v embedded gcc/bin/../lib/gcc/riscv-none-embed/8.2.0/../../../../riscv-none-embed/lib/rv32imacxw/ilp32\libg_nano.a(lib_a-atoi.o)
                              ./User/bsp_cli.o (atoi)
d:/mounriver_studio2/resources/app/resources/win32/components/wch/toolchain/risc-v embedded gcc/bin/../lib/gcc/riscv-none-embed/8.2.0/../../../../riscv-none-embed/lib/rv32imacxw/ilp32\libg_nano.a(lib_a-locale.o)
                              ./User/bsp_cli.o (__locale_ctype_ptr)
d:/mounriver_studio2/resources/app/resources/win32/components/wch/toolchain/risc-v embedded gcc/bin/../lib/gcc/riscv-none-embed/8.2.0/../../../../riscv-none-embed/lib/rv32imacxw/ilp32\libg_nano.a(lib_a-mbtowc_r.o)
                              d:/mounriver_studio2/resources/app/resources/win32/components/wch/toolchain/risc-v embedded gcc/bin/../lib/gcc/riscv-none-embed/8.2.0/../../../../riscv-none-embed/lib/rv32imacxw/ilp32\libg_nano.a(lib_a-locale.o) (__ascii_mbtowc)
d:/mounriver_studio2/resources/app/resources/win32/components/wch/toolchain/risc-v embedded gcc/bin/../lib/gcc/riscv-none-embed/8.2.0/../../../../riscv-none-embed/lib/rv32imacxw/ilp32\libg_nano.a(lib_a-memset.o)
                              ./User/bsp_adc.o (memset)
d:/mounriver_studio2/resources/app/resources/win32/components/wch/toolchain/risc-v embedded gcc/bin/../lib/gcc/riscv-none-embed/8.2.0/../../../../riscv-none-embed/lib/rv32imacxw/ilp32\libg_nano.a(lib_a-printf.o)
                              ./User/bsp_cli.o (printf)
d:/mounriver_studio2/resources/app/resources/win32/components/wch/toolchain/risc-v embedded gcc/bin/../lib/gcc/riscv-none-embed/8.2.0/../../../../riscv-none-embed/lib/rv32imacxw/ilp32\libg_nano.a(lib_a-puts.o)
                              ./User/bsp_cli.o (puts)
d:/mounriver_studio2/resources/app/resources/win32/components/wch/toolchain/risc-v embedded gcc/bin/../lib/gcc/riscv-none-embed/8.2.0/../../../../riscv-none-embed/lib/rv32imacxw/ilp32\libg_nano.a(lib_a-strcmp.o)
                              ./User/bsp_cli.o (strcmp)
d:/mounriver_studio2/resources/app/resources/win32/components/wch/toolchain/risc-v embedded gcc/bin/../lib/gcc/riscv-none-embed/8.2.0/../../../../riscv-none-embed/lib/rv32imacxw/ilp32\libg_nano.a(lib_a-strncmp.o)
                              ./User/bsp_cli.o (strncmp)
d:/mounriver_studio2/resources/app/resources/win32/components/wch/toolchain/risc-v embedded gcc/bin/../lib/gcc/riscv-none-embed/8.2.0/../../../../riscv-none-embed/lib/rv32imacxw/ilp32\libg_nano.a(lib_a-strtol.o)
                              d:/mounriver_studio2/resources/app/resources/win32/components/wch/toolchain/risc-v embedded gcc/bin/../lib/gcc/riscv-none-embed/8.2.0/../../../../riscv-none-embed/lib/rv32imacxw/ilp32\libg_nano.a(lib_a-atoi.o) (_strtol_r)
d:/mounriver_studio2/resources/app/resources/win32/components/wch/toolchain/risc-v embedded gcc/bin/../lib/gcc/riscv-none-embed/8.2.0/../../../../riscv-none-embed/lib/rv32imacxw/ilp32\libg_nano.a(lib_a-wbuf.o)
                              d:/mounriver_studio2/resources/app/resources/win32/components/wch/toolchain/risc-v embedded gcc/bin/../lib/gcc/riscv-none-embed/8.2.0/../../../../riscv-none-embed/lib/rv32imacxw/ilp32\libg_nano.a(lib_a-puts.o) (__swbuf_r)
d:/mounriver_studio2/resources/app/resources/win32/components/wch/toolchain/risc-v embedded gcc/bin/../lib/gcc/riscv-none-embed/8.2.0/../../../../riscv-none-embed/lib/rv32imacxw/ilp32\libg_nano.a(lib_a-wctomb_r.o)
                              d:/mounriver_studio2/resources/app/resources/win32/components/wch/toolchain/risc-v embedded gcc/bin/../lib/gcc/riscv-none-embed/8.2.0/../../../../riscv-none-embed/lib/rv32imacxw/ilp32\libg_nano.a(lib_a-locale.o) (__ascii_wctomb)
[...]
Memory Configuration

Name             Origin             Length             Attributes
FLASH            0x0000000000000000 0x0000000000010000 xr
RAM              0x0000000020000000 0x0000000000005000 xrw
*default*        0x0000000000000000 0xffffffffffffffff

Linker script and memory map

LOAD ./User/bsp_adc.o
LOAD ./User/bsp_cli.o
LOAD ./User/bsp_isp.o
LOAD ./User/bsp_key.o
LOAD ./User/bsp_led.o
LOAD ./User/bsp_pwm.o
LOAD ./User/ch32v20x_it.o
LOAD ./User/gunlight.o
LOAD ./User/main.o
LOAD ./User/system_ch32v20x.o
LOAD ./User/usb_cdc.o
LOAD ./User/usb_core.o
LOAD ./User/usb_init.o
LOAD ./User/usb_int.o
LOAD ./User/usb_mem.o
LOAD ./User/usb_regs.o
LOAD ./User/usb_sil.o
LOAD ./User/hw_config.o
LOAD ./User/usb_desc.o
LOAD ./User/usb_endp.o
LOAD ./User/usb_istr.o
LOAD ./User/usb_prop.o
LOAD ./User/usb_pwr.o
LOAD ./Startup/startup_ch32v20x_D6.o
LOAD ./Peripheral/src/ch32v20x_adc.o
LOAD ./Peripheral/src/ch32v20x_bkp.o
LOAD ./Peripheral/src/ch32v20x_can.o
LOAD ./Peripheral/src/ch32v20x_crc.o
LOAD ./Peripheral/src/ch32v20x_dbgmcu.o
LOAD ./Peripheral/src/ch32v20x_dma.o
LOAD ./Peripheral/src/ch32v20x_exti.o
LOAD ./Peripheral/src/ch32v20x_flash.o
LOAD ./Peripheral/src/ch32v20x_gpio.o
LOAD ./Peripheral/src/ch32v20x_i2c.o
LOAD ./Peripheral/src/ch32v20x_iwdg.o
LOAD ./Peripheral/src/ch32v20x_misc.o
LOAD ./Peripheral/src/ch32v20x_opa.o
LOAD ./Peripheral/src/ch32v20x_pwr.o
LOAD ./Peripheral/src/ch32v20x_rcc.o
LOAD ./Peripheral/src/ch32v20x_rtc.o
LOAD ./Peripheral/src/ch32v20x_spi.o
LOAD ./Peripheral/src/ch32v20x_tim.o
LOAD ./Peripheral/src/ch32v20x_usart.o
LOAD ./Peripheral/src/ch32v20x_wwdg.o
LOAD ./Debug/debug.o
LOAD ./Core/core_riscv.o
LOAD d:/mounriver_studio2/resources/app/resources/win32/components/wch/toolchain/risc-v embedded gcc/bin/../lib/gcc/riscv-none-embed/8.2.0/../../../../riscv-none-embed/lib/rv32imacxw/ilp32\libm.a
LOAD d:/mounriver_studio2/resources/app/resources/win32/components/wch/toolchain/risc-v embedded gcc/bin/../lib/gcc/riscv-none-embed/8.2.0/rv32imacxw/ilp32\libgcc.a
LOAD d:/mounriver_studio2/resources/app/resources/win32/components/wch/toolchain/risc-v embedded gcc/bin/../lib/gcc/riscv-none-embed/8.2.0/../../../../riscv-none-embed/lib/rv32imacxw/ilp32\libg_nano.a
LOAD d:/mounriver_studio2/resources/app/resources/win32/components/wch/toolchain/risc-v embedded gcc/bin/../lib/gcc/riscv-none-embed/8.2.0/../../../../riscv-none-embed/lib/rv32imacxw/ilp32\libc_nano.a
LOAD d:/mounriver_studio2/resources/app/resources/win32/components/wch/toolchain/risc-v embedded gcc/bin/../lib/gcc/riscv-none-embed/8.2.0/rv32imacxw/ilp32\libgcc.a
START GROUP
LOAD d:/mounriver_studio2/resources/app/resources/win32/components/wch/toolchain/risc-v embedded gcc/bin/../lib/gcc/riscv-none-embed/8.2.0/rv32imacxw/ilp32\libgcc.a
LOAD d:/mounriver_studio2/resources/app/resources/win32/components/wch/toolchain/risc-v embedded gcc/bin/../lib/gcc/riscv-none-embed/8.2.0/../../../../riscv-none-embed/lib/rv32imacxw/ilp32\libc_nano.a
LOAD d:/mounriver_studio2/resources/app/resources/win32/components/wch/toolchain/risc-v embedded gcc/bin/../lib/gcc/riscv-none-embed/8.2.0/../../../../riscv-none-embed/lib/rv32imacxw/ilp32\libnosys.a
END GROUP
START GROUP
LOAD d:/mounriver_studio2/resources/app/resources/win32/components/wch/toolchain/risc-v embedded gcc/bin/../lib/gcc/riscv-none-embed/8.2.0/rv32imacxw/ilp32\libgcc.a
LOAD d:/mounriver_studio2/resources/app/resources/win32/components/wch/toolchain/risc-v embedded gcc/bin/../lib/gcc/riscv-none-embed/8.2.0/../../../../riscv-none-embed/lib/rv32imacxw/ilp32\libc_nano.a
LOAD d:/mounriver_studio2/resources/app/resources/win32/components/wch/toolchain/risc-v embedded gcc/bin/../lib/gcc/riscv-none-embed/8.2.0/../../../../riscv-none-embed/lib/rv32imacxw/ilp32\libnosys.a
END GROUP
                0x0000000000000800                __stack_size = 0x800
                [!provide]                        PROVIDE (_stack_size = __stack_size)

.init           0x0000000000000000        0x4
                0x0000000000000000                _sinit = .
                0x0000000000000000                . = ALIGN (0x4)
 *(SORT_NONE(.init))
 .init          0x0000000000000000        0x4 ./Startup/startup_ch32v20x_D6.o
                0x0000000000000000                _start
                0x0000000000000004                . = ALIGN (0x4)
                0x0000000000000004                _einit = .

.vector         0x0000000000000004       0xfc
 *(.vector)
 .vector        0x0000000000000004       0xfc ./Startup/startup_ch32v20x_D6.o
                0x0000000000000100                . = ALIGN (0x40)

.text           0x0000000000000100     0x5e24
                0x0000000000000100                . = ALIGN (0x4)
 *(.text)
 .text          0x0000000000000100       0x60 d:/mounriver_studio2/resources/app/resources/win32/components/wch/toolchain/risc-v embedded gcc/bin/../lib/gcc/riscv-none-embed/8.2.0/rv32imacxw/ilp32\libgcc.a(save-restore.o)
                0x0000000000000100                __riscv_save_12
                0x0000000000000108                __riscv_save_9
                0x0000000000000108                __riscv_save_11
                0x0000000000000108                __riscv_save_10
                0x0000000000000108                __riscv_save_8
                0x0000000000000116                __riscv_save_4
                0x0000000000000116                __riscv_save_6
                0x0000000000000116                __riscv_save_5
                0x0000000000000116                __riscv_save_7
                0x0000000000000130                __riscv_save_3
                0x0000000000000130                __riscv_save_2
                0x0000000000000130                __riscv_save_1
                0x0000000000000130                __riscv_save_0
                0x000000000000013c                __riscv_restore_12
                0x0000000000000140                __riscv_restore_11
                0x0000000000000140                __riscv_restore_9
                0x0000000000000140                __riscv_restore_10
                0x0000000000000140                __riscv_restore_8
                0x000000000000014a                __riscv_restore_5
                0x000000000000014a                __riscv_restore_7
                0x000000000000014a                __riscv_restore_6
                0x000000000000014a                __riscv_restore_4
                0x0000000000000154                __riscv_restore_3
                0x0000000000000154                __riscv_restore_0
                0x0000000000000154                __riscv_restore_2
                0x0000000000000154                __riscv_restore_1
 .text          0x0000000000000160       0xa8 d:/mounriver_studio2/resources/app/resources/win32/components/wch/toolchain/risc-v embedded gcc/bin/../lib/gcc/riscv-none-embed/8.2.0/../../../../riscv-none-embed/lib/rv32imacxw/ilp32\libg_nano.a(lib_a-memset.o)
                0x0000000000000160                memset
 .text          0x0000000000000208      0x11a d:/mounriver_studio2/resources/app/resources/win32/components/wch/toolchain/risc-v embedded gcc/bin/../lib/gcc/riscv-none-embed/8.2.0/../../../../riscv-none-embed/lib/rv32imacxw/ilp32\libg_nano.a(lib_a-strcmp.o)
                0x0000000000000208                strcmp
 *(.text.*)
 .text.ADC_Read_Channel
                0x0000000000000322       0x38 ./User/bsp_adc.o
 .text.BSP_ADC_Init
                0x000000000000035a       0xb4 ./User/bsp_adc.o
                0x000000000000035a                BSP_ADC_Init
 .text.BSP_ADC_DeInit
                0x000000000000040e       0x5a ./User/bsp_adc.o
                0x000000000000040e                BSP_ADC_DeInit
 .text.BSP_ADC_GetBatteryVoltage_mV
                0x0000000000000468       0x64 ./User/bsp_adc.o
                0x0000000000000468                BSP_ADC_GetBatteryVoltage_mV
 .text.BSP_CLI_Init
                0x00000000000004cc       0x16 ./User/bsp_cli.o
                0x00000000000004cc                BSP_CLI_Init
 .text.BSP_CLI_Process
                0x00000000000004e2      0x328 ./User/bsp_cli.o
                0x00000000000004e2                BSP_CLI_Process
 .text.BSP_ISP_JumpToBootloader
                0x000000000000080a       0xa4 ./User/bsp_isp.o
                0x000000000000080a                BSP_ISP_JumpToBootloader
 .text.BSP_Key_Init
                0x00000000000008ae       0x58 ./User/bsp_key.o
                0x00000000000008ae                BSP_Key_Init
 .text.BSP_MainKey_IsPressed
                0x0000000000000906       0x1c ./User/bsp_key.o
                0x0000000000000906                BSP_MainKey_IsPressed
 .text.BSP_Key_Scan_10ms
                0x0000000000000922      0x114 ./User/bsp_key.o
                0x0000000000000922                BSP_Key_Scan_10ms
 .text.BSP_AuxKey_Scan_10ms
                0x0000000000000a36       0x3e ./User/bsp_key.o
                0x0000000000000a36                BSP_AuxKey_Scan_10ms
 .text.ws2812_send_24bit
                0x0000000000000a74       0x80 ./User/bsp_led.o
 .text.BSP_StatusLED_SetColor
                0x0000000000000af4        0xa ./User/bsp_led.o
                0x0000000000000af4                BSP_StatusLED_SetColor
 .text.BSP_StatusLED_AllOff
                0x0000000000000afe       0x26 ./User/bsp_led.o
                0x0000000000000afe                BSP_StatusLED_AllOff
 .text.BSP_StatusLED_Init
                0x0000000000000b24       0xc6 ./User/bsp_led.o
                0x0000000000000b24                BSP_StatusLED_Init
 .text.BSP_StatusLED_SetMode
                0x0000000000000bea       0x74 ./User/bsp_led.o
                0x0000000000000bea                BSP_StatusLED_SetMode
 .text.BSP_StatusLED_Process_10ms
                0x0000000000000c5e       0x82 ./User/bsp_led.o
                0x0000000000000c5e                BSP_StatusLED_Process_10ms
 .text.BSP_PWM_SetDuty_PWM1
                0x0000000000000ce0       0x36 ./User/bsp_pwm.o
                0x0000000000000ce0                BSP_PWM_SetDuty_PWM1
 .text.BSP_PWM_SetDuty_PWM2
                0x0000000000000d16       0x36 ./User/bsp_pwm.o
                0x0000000000000d16                BSP_PWM_SetDuty_PWM2
 .text.BSP_PWM_AllOff
                0x0000000000000d4c       0x1c ./User/bsp_pwm.o
                0x0000000000000d4c                BSP_PWM_AllOff
 .text.BSP_PWM_Init
                0x0000000000000d68       0xe6 ./User/bsp_pwm.o
                0x0000000000000d68                BSP_PWM_Init
 .text.NMI_Handler
                0x0000000000000e4e        0x2 ./User/ch32v20x_it.o
                0x0000000000000e4e                NMI_Handler
 .text.HardFault_Handler
                0x0000000000000e50       0x10 ./User/ch32v20x_it.o
                0x0000000000000e50                HardFault_Handler
 .text.Gunlight_SetPWM_Internal
                0x0000000000000e60       0x1e ./User/gunlight.o
 .text.Gunlight_Apply_PWM
                0x0000000000000e7e       0x94 ./User/gunlight.o
 .text.Gunlight_Enter_LowPower_Standby
                0x0000000000000f12       0x50 ./User/gunlight.o
                0x0000000000000f12                Gunlight_Enter_LowPower_Standby
 .text.Gunlight_Update_Battery_Status
                0x0000000000000f62       0xd6 ./User/gunlight.o
 .text.Gunlight_Init
                0x0000000000001038       0x44 ./User/gunlight.o
                0x0000000000001038                Gunlight_Init
 .text.Gunlight_Process_10ms
                0x000000000000107c      0x250 ./User/gunlight.o
                0x000000000000107c                Gunlight_Process_10ms
 .text.Gunlight_TurnOn_Mode1
                0x00000000000012cc       0x2a ./User/gunlight.o
                0x00000000000012cc                Gunlight_TurnOn_Mode1
 .text.Gunlight_GetState
                0x00000000000012f6        0x6 ./User/gunlight.o
                0x00000000000012f6                Gunlight_GetState
 .text.Gunlight_SetState
                0x00000000000012fc       0x2e ./User/gunlight.o
                0x00000000000012fc                Gunlight_SetState
 .text.Gunlight_GetBatteryVoltage_mV
                0x000000000000132a        0x6 ./User/gunlight.o
                0x000000000000132a                Gunlight_GetBatteryVoltage_mV
 .text.Gunlight_GetBatteryTier
                0x0000000000001330        0x6 ./User/gunlight.o
                0x0000000000001330                Gunlight_GetBatteryTier
 .text.Gunlight_GetStandbyTimeoutSec
                0x0000000000001336        0xe ./User/gunlight.o
                0x0000000000001336                Gunlight_GetStandbyTimeoutSec
 .text.Gunlight_SetStandbyTimeoutSec
                0x0000000000001344        0xe ./User/gunlight.o
                0x0000000000001344                Gunlight_SetStandbyTimeoutSec
 .text.Gunlight_GetPwm1Duty
                0x0000000000001352        0x6 ./User/gunlight.o
                0x0000000000001352                Gunlight_GetPwm1Duty
 .text.Gunlight_GetPwm2Duty
                0x0000000000001358        0x6 ./User/gunlight.o
                0x0000000000001358                Gunlight_GetPwm2Duty
 .text.startup.main
                0x000000000000135e       0xf0 ./User/main.o
                0x000000000000135e                main
 .text.SystemInit
                0x000000000000144e       0xa8 ./User/system_ch32v20x.o
                0x000000000000144e                SystemInit
 .text.SystemCoreClockUpdate
                0x00000000000014f6       0x8e ./User/system_ch32v20x.o
                0x00000000000014f6                SystemCoreClockUpdate
 .text.USB_CDC_TriggerNextTx
                0x0000000000001584       0x70 ./User/usb_cdc.o
 .text.USB_CDC_Init
                0x00000000000015f4       0x30 ./User/usb_cdc.o
                0x00000000000015f4                USB_CDC_Init
 .text.USB_CDC_DeInit
                0x0000000000001624       0x3c ./User/usb_cdc.o
                0x0000000000001624                USB_CDC_DeInit
 .text.USB_CDC_SendBytes
                0x0000000000001660       0x58 ./User/usb_cdc.o
                0x0000000000001660                USB_CDC_SendBytes
 .text.USB_CDC_OnRxChunk
                0x00000000000016b8       0x3c ./User/usb_cdc.o
                0x00000000000016b8                USB_CDC_OnRxChunk
 .text.USB_CDC_OnTxComplete
                0x00000000000016f4        0xc ./User/usb_cdc.o
                0x00000000000016f4                USB_CDC_OnTxComplete
 .text.USB_CDC_Available
                0x0000000000001700       0x24 ./User/usb_cdc.o
                0x0000000000001700                USB_CDC_Available
 .text.USB_CDC_ReadByte
                0x0000000000001724       0x2a ./User/usb_cdc.o
                0x0000000000001724                USB_CDC_ReadByte
 .text.Standard_GetConfiguration
                0x000000000000174e       0x22 ./User/usb_core.o
                0x000000000000174e                Standard_GetConfiguration
 .text.Standard_GetInterface
                0x0000000000001770       0x22 ./User/usb_core.o
                0x0000000000001770                Standard_GetInterface
 .text.Standard_GetStatus
                0x0000000000001792       0x90 ./User/usb_core.o
                0x0000000000001792                Standard_GetStatus
 .text.DataStageIn
                0x0000000000001822       0xb0 ./User/usb_core.o
 .text.Standard_SetConfiguration
                0x00000000000018d2       0x2e ./User/usb_core.o
                0x00000000000018d2                Standard_SetConfiguration
 .text.Standard_SetInterface
                0x0000000000001900       0x4a ./User/usb_core.o
                0x0000000000001900                Standard_SetInterface
 .text.Standard_ClearFeature
                0x000000000000194a      0x11c ./User/usb_core.o
                0x000000000000194a                Standard_ClearFeature
 .text.Standard_SetEndPointFeature
                0x0000000000001a66       0xbc ./User/usb_core.o
                0x0000000000001a66                Standard_SetEndPointFeature
 .text.Standard_SetDeviceFeature
                0x0000000000001b22       0x1e ./User/usb_core.o
                0x0000000000001b22                Standard_SetDeviceFeature
 .text.Standard_GetDescriptorData
                0x0000000000001b40       0x18 ./User/usb_core.o
                0x0000000000001b40                Standard_GetDescriptorData
 .text.Post0_Process
                0x0000000000001b58       0x34 ./User/usb_core.o
                0x0000000000001b58                Post0_Process
 .text.Setup0_Process
                0x0000000000001b8c      0x300 ./User/usb_core.o
                0x0000000000001b8c                Setup0_Process
 .text.Out0_Process
                0x0000000000001e8c       0xcc ./User/usb_core.o
                0x0000000000001e8c                Out0_Process
 .text.SetDeviceAddress
                0x0000000000001f58       0x4a ./User/usb_core.o
                0x0000000000001f58                SetDeviceAddress
 .text.In0_Process
                0x0000000000001fa2       0x5e ./User/usb_core.o
                0x0000000000001fa2                In0_Process
 .text.NOP_Process
                0x0000000000002000        0x2 ./User/usb_core.o
                0x0000000000002000                NOP_Process
 .text.USB_Init
                0x0000000000002002       0x32 ./User/usb_init.o
                0x0000000000002002                USB_Init
 .text.CTR_LP   0x0000000000002034      0x3bc ./User/usb_int.o
                0x0000000000002034                CTR_LP
 .text.UserToPMABufferCopy
                0x00000000000023f0       0x24 ./User/usb_mem.o
                0x00000000000023f0                UserToPMABufferCopy
 .text.PMAToUserBufferCopy
                0x0000000000002414       0x1e ./User/usb_mem.o
                0x0000000000002414                PMAToUserBufferCopy
 .text.SetBTABLE
                0x0000000000002432       0x10 ./User/usb_regs.o
                0x0000000000002432                SetBTABLE
 .text.SetEPType
                0x0000000000002442       0x20 ./User/usb_regs.o
                0x0000000000002442                SetEPType
 .text.SetEPTxStatus
                0x0000000000002462       0x48 ./User/usb_regs.o
                0x0000000000002462                SetEPTxStatus
 .text.SetEPRxStatus
                0x00000000000024aa       0x56 ./User/usb_regs.o
                0x00000000000024aa                SetEPRxStatus
 .text.SetEPRxValid
                0x0000000000002500       0x42 ./User/usb_regs.o
                0x0000000000002500                SetEPRxValid
 .text.ClearEP_KIND
                0x0000000000002542       0x26 ./User/usb_regs.o
                0x0000000000002542                ClearEP_KIND
 .text.Clear_Status_Out
                0x0000000000002568        0xc ./User/usb_regs.o
                0x0000000000002568                Clear_Status_Out
 .text.ClearDTOG_RX
                0x0000000000002574       0x34 ./User/usb_regs.o
                0x0000000000002574                ClearDTOG_RX
 .text.ClearDTOG_TX
                0x00000000000025a8       0x30 ./User/usb_regs.o
                0x00000000000025a8                ClearDTOG_TX
 .text.SetEPTxAddr
                0x00000000000025d8       0x20 ./User/usb_regs.o
                0x00000000000025d8                SetEPTxAddr
 .text.SetEPRxAddr
                0x00000000000025f8       0x22 ./User/usb_regs.o
                0x00000000000025f8                SetEPRxAddr
 .text.GetEPTxAddr
                0x000000000000261a       0x1c ./User/usb_regs.o
                0x000000000000261a                GetEPTxAddr
 .text.GetEPRxAddr
                0x0000000000002636       0x1e ./User/usb_regs.o
                0x0000000000002636                GetEPRxAddr
 .text.SetEPTxCount
                0x0000000000002654       0x1e ./User/usb_regs.o
                0x0000000000002654                SetEPTxCount
 .text.SetEPRxCount
                0x0000000000002672       0x82 ./User/usb_regs.o
                0x0000000000002672                SetEPRxCount
 .text.GetEPRxCount
                0x00000000000026f4       0x22 ./User/usb_regs.o
                0x00000000000026f4                GetEPRxCount
 .text.ByteSwap
                0x0000000000002716        0xe ./User/usb_regs.o
                0x0000000000002716                ByteSwap
 .text.USB_SIL_Init
                0x0000000000002724       0x20 ./User/usb_sil.o
                0x0000000000002724                USB_SIL_Init
 .text.USB_SIL_Write
                0x0000000000002744       0x2e ./User/usb_sil.o
                0x0000000000002744                USB_SIL_Write
 .text.USBWakeUp_IRQHandler
                0x0000000000002772        0xc ./User/hw_config.o
                0x0000000000002772                USBWakeUp_IRQHandler
 .text.USB_LP_CAN1_RX0_IRQHandler
                0x000000000000277e        0x6 ./User/hw_config.o
                0x000000000000277e                USB_LP_CAN1_RX0_IRQHandler
 .text.Set_USBConfig
                0x0000000000002784       0x56 ./User/hw_config.o
                0x0000000000002784                Set_USBConfig
 .text.Enter_LowPowerMode
                0x00000000000027da       0x1a ./User/hw_config.o
                0x00000000000027da                Enter_LowPowerMode
 .text.Leave_LowPowerMode
                0x00000000000027f4       0x24 ./User/hw_config.o
                0x00000000000027f4                Leave_LowPowerMode
 .text.USB_Interrupts_Config
                0x0000000000002818       0x48 ./User/hw_config.o
                0x0000000000002818                USB_Interrupts_Config
 .text.USB_Port_Set
                0x0000000000002860       0xb2 ./User/hw_config.o
                0x0000000000002860                USB_Port_Set
 .text.EP1_IN_Callback
                0x0000000000002912        0x2 ./User/usb_endp.o
                0x0000000000002912                EP1_IN_Callback
 .text.EP2_OUT_Callback
                0x0000000000002914       0x34 ./User/usb_endp.o
                0x0000000000002914                EP2_OUT_Callback
 .text.EP3_IN_Callback
                0x0000000000002948       0x10 ./User/usb_endp.o
                0x0000000000002948                EP3_IN_Callback
 .text.USBD_ENDPx_DataUp
                0x0000000000002958       0x32 ./User/usb_endp.o
                0x0000000000002958                USBD_ENDPx_DataUp
 .text.USB_Istr
                0x000000000000298a      0x208 ./User/usb_istr.o
                0x000000000000298a                USB_Istr
 .text.USBD_SetConfiguration
                0x0000000000002b92        0xe ./User/usb_prop.o
                0x0000000000002b92                USBD_SetConfiguration
 .text.USBD_SetDeviceAddress
                0x0000000000002ba0        0x8 ./User/usb_prop.o
                0x0000000000002ba0                USBD_SetDeviceAddress
 .text.USBD_SetDeviceFeature
                0x0000000000002ba8        0x2 ./User/usb_prop.o
                0x0000000000002ba8                USBD_SetDeviceFeature
 .text.USBD_Get_Interface_Setting
                0x0000000000002baa       0x10 ./User/usb_prop.o
                0x0000000000002baa                USBD_Get_Interface_Setting
 .text.USB_CDC_GetLineCoding
                0x0000000000002bba       0x12 ./User/usb_prop.o
                0x0000000000002bba                USB_CDC_GetLineCoding
 .text.USB_CDC_SetLineCoding
                0x0000000000002bcc        0xc ./User/usb_prop.o
                0x0000000000002bcc                USB_CDC_SetLineCoding
 .text.USBD_Data_Setup
                0x0000000000002bd8       0x4a ./User/usb_prop.o
                0x0000000000002bd8                USBD_Data_Setup
 .text.USBD_NoData_Setup
                0x0000000000002c22       0x28 ./User/usb_prop.o
                0x0000000000002c22                USBD_NoData_Setup
 .text.USBD_init
                0x0000000000002c4a       0x5c ./User/usb_prop.o
                0x0000000000002c4a                USBD_init
 .text.USBD_Reset
                0x0000000000002ca6      0x254 ./User/usb_prop.o
                0x0000000000002ca6                USBD_Reset
 .text.USBD_GetDeviceDescriptor
                0x0000000000002efa       0x10 ./User/usb_prop.o
                0x0000000000002efa                USBD_GetDeviceDescriptor
 .text.USBD_GetConfigDescriptor
                0x0000000000002f0a       0x10 ./User/usb_prop.o
                0x0000000000002f0a                USBD_GetConfigDescriptor
 .text.USBD_GetStringDescriptor
                0x0000000000002f1a       0x28 ./User/usb_prop.o
                0x0000000000002f1a                USBD_GetStringDescriptor
 .text.USBD_Status_Out
                0x0000000000002f42        0x2 ./User/usb_prop.o
                0x0000000000002f42                USBD_Status_Out
 .text.USBD_ClearFeature
                0x0000000000002f44        0x2 ./User/usb_prop.o
                0x0000000000002f44                USBD_ClearFeature
 .text.USBD_Status_In
                0x0000000000002f46        0x2 ./User/usb_prop.o
                0x0000000000002f46                USBD_Status_In
 .text.PowerOn  0x0000000000002f48       0x2a ./User/usb_pwr.o
                0x0000000000002f48                PowerOn
 .text.Suspend  0x0000000000002f72       0xba ./User/usb_pwr.o
                0x0000000000002f72                Suspend
 .text.Resume_Init
                0x000000000000302c       0x2c ./User/usb_pwr.o
                0x000000000000302c                Resume_Init
 .text.Resume   0x0000000000003058       0xba ./User/usb_pwr.o
                0x0000000000003058                Resume
 .text.vector_handler
                0x0000000000003112        0x2 ./Startup/startup_ch32v20x_D6.o
                0x0000000000003112                EXTI2_IRQHandler
                0x0000000000003112                TIM1_CC_IRQHandler
                0x0000000000003112                SysTick_Handler
                0x0000000000003112                PVD_IRQHandler
                0x0000000000003112                EXTI3_IRQHandler
                0x0000000000003112                USBFS_IRQHandler
                0x0000000000003112                EXTI0_IRQHandler
                0x0000000000003112                I2C2_EV_IRQHandler
                0x0000000000003112                ADC1_2_IRQHandler
                0x0000000000003112                Break_Point_Handler
                0x0000000000003112                SPI1_IRQHandler
                0x0000000000003112                TAMPER_IRQHandler
                0x0000000000003112                Ecall_M_Mode_Handler
                0x0000000000003112                DMA1_Channel4_IRQHandler
                0x0000000000003112                USART3_IRQHandler
                0x0000000000003112                RTC_IRQHandler
                0x0000000000003112                DMA1_Channel7_IRQHandler
                0x0000000000003112                CAN1_RX1_IRQHandler
                0x0000000000003112                TIM4_IRQHandler
                0x0000000000003112                I2C1_EV_IRQHandler
                0x0000000000003112                DMA1_Channel6_IRQHandler
                0x0000000000003112                UART4_IRQHandler
                0x0000000000003112                TIM3_IRQHandler
                0x0000000000003112                RCC_IRQHandler
                0x0000000000003112                TIM1_TRG_COM_IRQHandler
                0x0000000000003112                DMA1_Channel1_IRQHandler
                0x0000000000003112                EXTI15_10_IRQHandler
                0x0000000000003112                DMA1_Channel8_IRQHandler
                0x0000000000003112                EXTI9_5_IRQHandler
                0x0000000000003112                SPI2_IRQHandler
                0x0000000000003112                DMA1_Channel5_IRQHandler
                0x0000000000003112                EXTI4_IRQHandler
                0x0000000000003112                USB_HP_CAN1_TX_IRQHandler
                0x0000000000003112                DMA1_Channel3_IRQHandler
                0x0000000000003112                TIM1_UP_IRQHandler
                0x0000000000003112                WWDG_IRQHandler
                0x0000000000003112                Ecall_U_Mode_Handler
                0x0000000000003112                TIM2_IRQHandler
                0x0000000000003112                SW_Handler
                0x0000000000003112                TIM1_BRK_IRQHandler
                0x0000000000003112                EXTI1_IRQHandler
                0x0000000000003112                RTCAlarm_IRQHandler
                0x0000000000003112                USART2_IRQHandler
                0x0000000000003112                I2C2_ER_IRQHandler
                0x0000000000003112                DMA1_Channel2_IRQHandler
                0x0000000000003112                CAN1_SCE_IRQHandler
                0x0000000000003112                FLASH_IRQHandler
                0x0000000000003112                USBFSWakeUp_IRQHandler
                0x0000000000003112                USART1_IRQHandler
                0x0000000000003112                I2C1_ER_IRQHandler
 .text.handle_reset
                0x0000000000003114       0x86 ./Startup/startup_ch32v20x_D6.o
                0x0000000000003114                handle_reset
 .text.ADC_DeInit
                0x000000000000319a       0x40 ./Peripheral/src/ch32v20x_adc.o
                0x000000000000319a                ADC_DeInit
 .text.ADC_Init
                0x00000000000031da       0x56 ./Peripheral/src/ch32v20x_adc.o
                0x00000000000031da                ADC_Init
 .text.ADC_Cmd  0x0000000000003230       0x10 ./Peripheral/src/ch32v20x_adc.o
                0x0000000000003230                ADC_Cmd
 .text.ADC_ResetCalibration
                0x0000000000003240        0xa ./Peripheral/src/ch32v20x_adc.o
                0x0000000000003240                ADC_ResetCalibration
 .text.ADC_GetResetCalibrationStatus
                0x000000000000324a        0x8 ./Peripheral/src/ch32v20x_adc.o
                0x000000000000324a                ADC_GetResetCalibrationStatus
 .text.ADC_StartCalibration
                0x0000000000003252        0xa ./Peripheral/src/ch32v20x_adc.o
                0x0000000000003252                ADC_StartCalibration
 .text.ADC_GetCalibrationStatus
                0x000000000000325c        0x8 ./Peripheral/src/ch32v20x_adc.o
                0x000000000000325c                ADC_GetCalibrationStatus
 .text.ADC_SoftwareStartConvCmd
                0x0000000000003264       0x18 ./Peripheral/src/ch32v20x_adc.o
                0x0000000000003264                ADC_SoftwareStartConvCmd
 .text.ADC_RegularChannelConfig
                0x000000000000327c       0xb8 ./Peripheral/src/ch32v20x_adc.o
                0x000000000000327c                ADC_RegularChannelConfig
 .text.ADC_GetConversionValue
                0x0000000000003334        0x8 ./Peripheral/src/ch32v20x_adc.o
                0x0000000000003334                ADC_GetConversionValue
 .text.ADC_TempSensorVrefintCmd
                0x000000000000333c       0x20 ./Peripheral/src/ch32v20x_adc.o
                0x000000000000333c                ADC_TempSensorVrefintCmd
 .text.ADC_GetFlagStatus
                0x000000000000335c        0xa ./Peripheral/src/ch32v20x_adc.o
                0x000000000000335c                ADC_GetFlagStatus
 .text.EXTI_Init
                0x0000000000003366       0x6a ./Peripheral/src/ch32v20x_exti.o
                0x0000000000003366                EXTI_Init
 .text.EXTI_ClearITPendingBit
                0x00000000000033d0        0xa ./Peripheral/src/ch32v20x_exti.o
                0x00000000000033d0                EXTI_ClearITPendingBit
 .text.GPIO_Init
                0x00000000000033da       0xf2 ./Peripheral/src/ch32v20x_gpio.o
                0x00000000000033da                GPIO_Init
 .text.GPIO_ReadInputDataBit
                0x00000000000034cc       0x1a ./Peripheral/src/ch32v20x_gpio.o
                0x00000000000034cc                GPIO_ReadInputDataBit
 .text.GPIO_ResetBits
                0x00000000000034e6       0x14 ./Peripheral/src/ch32v20x_gpio.o
                0x00000000000034e6                GPIO_ResetBits
 .text.NVIC_PriorityGroupConfig
                0x00000000000034fa        0x6 ./Peripheral/src/ch32v20x_misc.o
                0x00000000000034fa                NVIC_PriorityGroupConfig
 .text.NVIC_Init
                0x0000000000003500       0x62 ./Peripheral/src/ch32v20x_misc.o
                0x0000000000003500                NVIC_Init
 .text.PWR_WakeUpPinCmd
                0x0000000000003562       0x16 ./Peripheral/src/ch32v20x_pwr.o
                0x0000000000003562                PWR_WakeUpPinCmd
 .text.PWR_EnterSTANDBYMode
                0x0000000000003578       0x34 ./Peripheral/src/ch32v20x_pwr.o
                0x0000000000003578                PWR_EnterSTANDBYMode
 .text.PWR_GetFlagStatus
                0x00000000000035ac        0xe ./Peripheral/src/ch32v20x_pwr.o
                0x00000000000035ac                PWR_GetFlagStatus
 .text.PWR_ClearFlag
                0x00000000000035ba        0xe ./Peripheral/src/ch32v20x_pwr.o
                0x00000000000035ba                PWR_ClearFlag
 .text.RCC_DeInit
                0x00000000000035c8       0x42 ./Peripheral/src/ch32v20x_rcc.o
                0x00000000000035c8                RCC_DeInit
 .text.RCC_USBCLKConfig
                0x000000000000360a       0x1a ./Peripheral/src/ch32v20x_rcc.o
                0x000000000000360a                RCC_USBCLKConfig
 .text.RCC_ADCCLKConfig
                0x0000000000003624       0x12 ./Peripheral/src/ch32v20x_rcc.o
                0x0000000000003624                RCC_ADCCLKConfig
 .text.RCC_GetClocksFreq
                0x0000000000003636       0xbe ./Peripheral/src/ch32v20x_rcc.o
                0x0000000000003636                RCC_GetClocksFreq
 .text.RCC_APB2PeriphClockCmd
                0x00000000000036f4       0x1e ./Peripheral/src/ch32v20x_rcc.o
                0x00000000000036f4                RCC_APB2PeriphClockCmd
 .text.RCC_APB1PeriphClockCmd
                0x0000000000003712       0x1e ./Peripheral/src/ch32v20x_rcc.o
                0x0000000000003712                RCC_APB1PeriphClockCmd
 .text.RCC_APB2PeriphResetCmd
                0x0000000000003730       0x1e ./Peripheral/src/ch32v20x_rcc.o
                0x0000000000003730                RCC_APB2PeriphResetCmd
 .text.RCC_APB1PeriphResetCmd
                0x000000000000374e       0x1e ./Peripheral/src/ch32v20x_rcc.o
                0x000000000000374e                RCC_APB1PeriphResetCmd
 .text.TIM_TimeBaseInit
                0x000000000000376c       0x62 ./Peripheral/src/ch32v20x_tim.o
                0x000000000000376c                TIM_TimeBaseInit
 .text.TIM_OC3Init
                0x00000000000037ce       0x94 ./Peripheral/src/ch32v20x_tim.o
                0x00000000000037ce                TIM_OC3Init
 .text.TIM_OC4Init
                0x0000000000003862       0x6c ./Peripheral/src/ch32v20x_tim.o
                0x0000000000003862                TIM_OC4Init
 .text.TIM_Cmd  0x00000000000038ce       0x18 ./Peripheral/src/ch32v20x_tim.o
                0x00000000000038ce                TIM_Cmd
 .text.TIM_ARRPreloadConfig
                0x00000000000038e6       0x1a ./Peripheral/src/ch32v20x_tim.o
                0x00000000000038e6                TIM_ARRPreloadConfig
 .text.TIM_OC3PreloadConfig
                0x0000000000003900        0xe ./Peripheral/src/ch32v20x_tim.o
                0x0000000000003900                TIM_OC3PreloadConfig
 .text.TIM_OC4PreloadConfig
                0x000000000000390e       0x16 ./Peripheral/src/ch32v20x_tim.o
                0x000000000000390e                TIM_OC4PreloadConfig
 .text.TIM_SetCompare3
                0x0000000000003924        0x4 ./Peripheral/src/ch32v20x_tim.o
                0x0000000000003924                TIM_SetCompare3
 .text.TIM_SetCompare4
                0x0000000000003928        0x6 ./Peripheral/src/ch32v20x_tim.o
                0x0000000000003928                TIM_SetCompare4
 .text.USART_Init
                0x000000000000392e       0xa6 ./Peripheral/src/ch32v20x_usart.o
                0x000000000000392e                USART_Init
 .text.USART_Cmd
                0x00000000000039d4       0x16 ./Peripheral/src/ch32v20x_usart.o
                0x00000000000039d4                USART_Cmd
 .text.USART_SendData
                0x00000000000039ea        0x8 ./Peripheral/src/ch32v20x_usart.o
                0x00000000000039ea                USART_SendData
 .text.USART_GetFlagStatus
                0x00000000000039f2        0xa ./Peripheral/src/ch32v20x_usart.o
                0x00000000000039f2                USART_GetFlagStatus
 .text.Delay_Init
                0x00000000000039fc       0x26 ./Debug/debug.o
                0x00000000000039fc                Delay_Init
 .text.Delay_Us
                0x0000000000003a22       0x36 ./Debug/debug.o
                0x0000000000003a22                Delay_Us
 .text.Delay_Ms
                0x0000000000003a58       0x36 ./Debug/debug.o
                0x0000000000003a58                Delay_Ms
 .text.USART_Printf_Init
                0x0000000000003a8e       0x5a ./Debug/debug.o
                0x0000000000003a8e                USART_Printf_Init
 .text._write   0x0000000000003ae8       0x46 ./Debug/debug.o
                0x0000000000003ae8                _write
 .text._sbrk    0x0000000000003b2e       0x26 ./Debug/debug.o
                0x0000000000003b2e                _sbrk
 .text.__udivdi3
                0x0000000000003b54      0x392 d:/mounriver_studio2/resources/app/resources/win32/components/wch/toolchain/risc-v embedded gcc/bin/../lib/gcc/riscv-none-embed/8.2.0/rv32imacxw/ilp32\libgcc.a(_udivdi3.o)
                0x0000000000003b54                __udivdi3
 .text.atoi     0x0000000000003ee6        0x6 d:/mounriver_studio2/resources/app/resources/win32/components/wch/toolchain/risc-v embedded gcc/bin/../lib/gcc/riscv-none-embed/8.2.0/../../../../riscv-none-embed/lib/rv32imacxw/ilp32\libg_nano.a(lib_a-atoi.o)
                0x0000000000003ee6                atoi
 .text.__locale_ctype_ptr_l
                0x0000000000003eec        0x6 d:/mounriver_studio2/resources/app/resources/win32/components/wch/toolchain/risc-v embedded gcc/bin/../lib/gcc/riscv-none-embed/8.2.0/../../../../riscv-none-embed/lib/rv32imacxw/ilp32\libg_nano.a(lib_a-locale.o)
                0x0000000000003eec                __locale_ctype_ptr_l
 .text.__locale_ctype_ptr
                0x0000000000003ef2       0x18 d:/mounriver_studio2/resources/app/resources/win32/components/wch/toolchain/risc-v embedded gcc/bin/../lib/gcc/riscv-none-embed/8.2.0/../../../../riscv-none-embed/lib/rv32imacxw/ilp32\libg_nano.a(lib_a-locale.o)
                0x0000000000003ef2                __locale_ctype_ptr
 .text.__ascii_mbtowc
                0x0000000000003f0a       0x32 d:/mounriver_studio2/resources/app/resources/win32/components/wch/toolchain/risc-v embedded gcc/bin/../lib/gcc/riscv-none-embed/8.2.0/../../../../riscv-none-embed/lib/rv32imacxw/ilp32\libg_nano.a(lib_a-mbtowc_r.o)
                0x0000000000003f0a                __ascii_mbtowc
 .text.printf   0x0000000000003f3c       0x40 d:/mounriver_studio2/resources/app/resources/win32/components/wch/toolchain/risc-v embedded gcc/bin/../lib/gcc/riscv-none-embed/8.2.0/../../../../riscv-none-embed/lib/rv32imacxw/ilp32\libg_nano.a(lib_a-printf.o)
                0x0000000000003f3c                iprintf
                0x0000000000003f3c                printf
 .text._puts_r  0x0000000000003f7c       0xd4 d:/mounriver_studio2/resources/app/resources/win32/components/wch/toolchain/risc-v embedded gcc/bin/../lib/gcc/riscv-none-embed/8.2.0/../../../../riscv-none-embed/lib/rv32imacxw/ilp32\libg_nano.a(lib_a-puts.o)
                0x0000000000003f7c                _puts_r
 .text.puts     0x0000000000004050        0xc d:/mounriver_studio2/resources/app/resources/win32/components/wch/toolchain/risc-v embedded gcc/bin/../lib/gcc/riscv-none-embed/8.2.0/../../../../riscv-none-embed/lib/rv32imacxw/ilp32\libg_nano.a(lib_a-puts.o)
                0x0000000000004050                puts
 .text.strncmp  0x000000000000405c       0x28 d:/mounriver_studio2/resources/app/resources/win32/components/wch/toolchain/risc-v embedded gcc/bin/../lib/gcc/riscv-none-embed/8.2.0/../../../../riscv-none-embed/lib/rv32imacxw/ilp32\libg_nano.a(lib_a-strncmp.o)
                0x000000000000405c                strncmp
 .text._strtol_l.isra.0
                0x0000000000004084      0x13a d:/mounriver_studio2/resources/app/resources/win32/components/wch/toolchain/risc-v embedded gcc/bin/../lib/gcc/riscv-none-embed/8.2.0/../../../../riscv-none-embed/lib/rv32imacxw/ilp32\libg_nano.a(lib_a-strtol.o)
 .text.strtol   0x00000000000041be       0x1e d:/mounriver_studio2/resources/app/resources/win32/components/wch/toolchain/risc-v embedded gcc/bin/../lib/gcc/riscv-none-embed/8.2.0/../../../../riscv-none-embed/lib/rv32imacxw/ilp32\libg_nano.a(lib_a-strtol.o)
                0x00000000000041be                strtol
 .text.__swbuf_r
                0x00000000000041dc       0xbc d:/mounriver_studio2/resources/app/resources/win32/components/wch/toolchain/risc-v embedded gcc/bin/../lib/gcc/riscv-none-embed/8.2.0/../../../../riscv-none-embed/lib/rv32imacxw/ilp32\libg_nano.a(lib_a-wbuf.o)
                0x00000000000041dc                __swbuf_r
 .text.__ascii_wctomb
                0x0000000000004298       0x1e d:/mounriver_studio2/resources/app/resources/win32/components/wch/toolchain/risc-v embedded gcc/bin/../lib/gcc/riscv-none-embed/8.2.0/../../../../riscv-none-embed/lib/rv32imacxw/ilp32\libg_nano.a(lib_a-wctomb_r.o)
                0x0000000000004298                __ascii_wctomb
 .text.__swsetup_r
                0x00000000000042b6       0xfc d:/mounriver_studio2/resources/app/resources/win32/components/wch/toolchain/risc-v embedded gcc/bin/../lib/gcc/riscv-none-embed/8.2.0/../../../../riscv-none-embed/lib/rv32imacxw/ilp32\libg_nano.a(lib_a-wsetup.o)
                0x00000000000042b6                __swsetup_r
 .text.__sflush_r
                0x00000000000043b2      0x130 d:/mounriver_studio2/resources/app/resources/win32/components/wch/toolchain/risc-v embedded gcc/bin/../lib/gcc/riscv-none-embed/8.2.0/../../../../riscv-none-embed/lib/rv32imacxw/ilp32\libg_nano.a(lib_a-fflush.o)
                0x00000000000043b2                __sflush_r
 .text._fflush_r
                0x00000000000044e2       0x66 d:/mounriver_studio2/resources/app/resources/win32/components/wch/toolchain/risc-v embedded gcc/bin/../lib/gcc/riscv-none-embed/8.2.0/../../../../riscv-none-embed/lib/rv32imacxw/ilp32\libg_nano.a(lib_a-fflush.o)
                0x00000000000044e2                _fflush_r
 .text.std      0x0000000000004548       0x66 d:/mounriver_studio2/resources/app/resources/win32/components/wch/toolchain/risc-v embedded gcc/bin/../lib/gcc/riscv-none-embed/8.2.0/../../../../riscv-none-embed/lib/rv32imacxw/ilp32\libg_nano.a(lib_a-findfp.o)
 .text._cleanup_r
                0x00000000000045ae        0xa d:/mounriver_studio2/resources/app/resources/win32/components/wch/toolchain/risc-v embedded gcc/bin/../lib/gcc/riscv-none-embed/8.2.0/../../../../riscv-none-embed/lib/rv32imacxw/ilp32\libg_nano.a(lib_a-findfp.o)
                0x00000000000045ae                _cleanup_r
 .text.__sfmoreglue
                0x00000000000045b8       0x46 d:/mounriver_studio2/resources/app/resources/win32/components/wch/toolchain/risc-v embedded gcc/bin/../lib/gcc/riscv-none-embed/8.2.0/../../../../riscv-none-embed/lib/rv32imacxw/ilp32\libg_nano.a(lib_a-findfp.o)
                0x00000000000045b8                __sfmoreglue
 .text.__sinit  0x00000000000045fe       0x6c d:/mounriver_studio2/resources/app/resources/win32/components/wch/toolchain/risc-v embedded gcc/bin/../lib/gcc/riscv-none-embed/8.2.0/../../../../riscv-none-embed/lib/rv32imacxw/ilp32\libg_nano.a(lib_a-findfp.o)
                0x00000000000045fe                __sinit
 .text.__sfp    0x000000000000466a       0xa0 d:/mounriver_studio2/resources/app/resources/win32/components/wch/toolchain/risc-v embedded gcc/bin/../lib/gcc/riscv-none-embed/8.2.0/../../../../riscv-none-embed/lib/rv32imacxw/ilp32\libg_nano.a(lib_a-findfp.o)
                0x000000000000466a                __sfp
 .text._fwalk_reent
                0x000000000000470a       0x6a d:/mounriver_studio2/resources/app/resources/win32/components/wch/toolchain/risc-v embedded gcc/bin/../lib/gcc/riscv-none-embed/8.2.0/../../../../riscv-none-embed/lib/rv32imacxw/ilp32\libg_nano.a(lib_a-fwalk.o)
                0x000000000000470a                _fwalk_reent
 .text.__swhatbuf_r
                0x0000000000004774       0x58 d:/mounriver_studio2/resources/app/resources/win32/components/wch/toolchain/risc-v embedded gcc/bin/../lib/gcc/riscv-none-embed/8.2.0/../../../../riscv-none-embed/lib/rv32imacxw/ilp32\libg_nano.a(lib_a-makebuf.o)
                0x0000000000004774                __swhatbuf_r
 .text.__smakebuf_r
                0x00000000000047cc       0x92 d:/mounriver_studio2/resources/app/resources/win32/components/wch/toolchain/risc-v embedded gcc/bin/../lib/gcc/riscv-none-embed/8.2.0/../../../../riscv-none-embed/lib/rv32imacxw/ilp32\libg_nano.a(lib_a-makebuf.o)
                0x00000000000047cc                __smakebuf_r
 .text._free_r  0x000000000000485e       0xa8 d:/mounriver_studio2/resources/app/resources/win32/components/wch/toolchain/risc-v embedded gcc/bin/../lib/gcc/riscv-none-embed/8.2.0/../../../../riscv-none-embed/lib/rv32imacxw/ilp32\libg_nano.a(lib_a-nano-freer.o)
                0x000000000000485e                _free_r
 .text._malloc_r
                0x0000000000004906       0xd4 d:/mounriver_studio2/resources/app/resources/win32/components/wch/toolchain/risc-v embedded gcc/bin/../lib/gcc/riscv-none-embed/8.2.0/../../../../riscv-none-embed/lib/rv32imacxw/ilp32\libg_nano.a(lib_a-nano-mallocr.o)
                0x0000000000004906                _malloc_r
 .text.__sfputc_r
                0x00000000000049da       0x28 d:/mounriver_studio2/resources/app/resources/win32/components/wch/toolchain/risc-v embedded gcc/bin/../lib/gcc/riscv-none-embed/8.2.0/../../../../riscv-none-embed/lib/rv32imacxw/ilp32\libg_nano.a(lib_a-nano-vfprintf.o)
 .text.__sfputs_r
                0x0000000000004a02       0x42 d:/mounriver_studio2/resources/app/resources/win32/components/wch/toolchain/risc-v embedded gcc/bin/../lib/gcc/riscv-none-embed/8.2.0/../../../../riscv-none-embed/lib/rv32imacxw/ilp32\libg_nano.a(lib_a-nano-vfprintf.o)
                0x0000000000004a02                __sfputs_r
 .text._vfprintf_r
                0x0000000000004a44      0x288 d:/mounriver_studio2/resources/app/resources/win32/components/wch/toolchain/risc-v embedded gcc/bin/../lib/gcc/riscv-none-embed/8.2.0/../../../../riscv-none-embed/lib/rv32imacxw/ilp32\libg_nano.a(lib_a-nano-vfprintf.o)
                0x0000000000004a44                _vfprintf_r
                0x0000000000004a44                _vfiprintf_r
 .text._printf_common
                0x0000000000004ccc      0x10c d:/mounriver_studio2/resources/app/resources/win32/components/wch/toolchain/risc-v embedded gcc/bin/../lib/gcc/riscv-none-embed/8.2.0/../../../../riscv-none-embed/lib/rv32imacxw/ilp32\libg_nano.a(lib_a-nano-vfprintf_i.o)
                0x0000000000004ccc                _printf_common
 .text._printf_i
                0x0000000000004dd8      0x2a2 d:/mounriver_studio2/resources/app/resources/win32/components/wch/toolchain/risc-v embedded gcc/bin/../lib/gcc/riscv-none-embed/8.2.0/../../../../riscv-none-embed/lib/rv32imacxw/ilp32\libg_nano.a(lib_a-nano-vfprintf_i.o)
                0x0000000000004dd8                _printf_i
 .text._sbrk_r  0x000000000000507a       0x2a d:/mounriver_studio2/resources/app/resources/win32/components/wch/toolchain/risc-v embedded gcc/bin/../lib/gcc/riscv-none-embed/8.2.0/../../../../riscv-none-embed/lib/rv32imacxw/ilp32\libg_nano.a(lib_a-sbrkr.o)
                0x000000000000507a                _sbrk_r
 .text.__sread  0x00000000000050a4       0x2c d:/mounriver_studio2/resources/app/resources/win32/components/wch/toolchain/risc-v embedded gcc/bin/../lib/gcc/riscv-none-embed/8.2.0/../../../../riscv-none-embed/lib/rv32imacxw/ilp32\libg_nano.a(lib_a-stdio.o)
                0x00000000000050a4                __sread
 .text.__swrite
                0x00000000000050d0       0x48 d:/mounriver_studio2/resources/app/resources/win32/components/wch/toolchain/risc-v embedded gcc/bin/../lib/gcc/riscv-none-embed/8.2.0/../../../../riscv-none-embed/lib/rv32imacxw/ilp32\libg_nano.a(lib_a-stdio.o)
                0x00000000000050d0                __swrite
 .text.__sseek  0x0000000000005118       0x30 d:/mounriver_studio2/resources/app/resources/win32/components/wch/toolchain/risc-v embedded gcc/bin/../lib/gcc/riscv-none-embed/8.2.0/../../../../riscv-none-embed/lib/rv32imacxw/ilp32\libg_nano.a(lib_a-stdio.o)
                0x0000000000005118                __sseek
 .text.__sclose
                0x0000000000005148        0x6 d:/mounriver_studio2/resources/app/resources/win32/components/wch/toolchain/risc-v embedded gcc/bin/../lib/gcc/riscv-none-embed/8.2.0/../../../../riscv-none-embed/lib/rv32imacxw/ilp32\libg_nano.a(lib_a-stdio.o)
                0x0000000000005148                __sclose
 .text._write_r
                0x000000000000514e       0x2e d:/mounriver_studio2/resources/app/resources/win32/components/wch/toolchain/risc-v embedded gcc/bin/../lib/gcc/riscv-none-embed/8.2.0/../../../../riscv-none-embed/lib/rv32imacxw/ilp32\libg_nano.a(lib_a-writer.o)
                0x000000000000514e                _write_r
 .text._close_r
                0x000000000000517c       0x28 d:/mounriver_studio2/resources/app/resources/win32/components/wch/toolchain/risc-v embedded gcc/bin/../lib/gcc/riscv-none-embed/8.2.0/../../../../riscv-none-embed/lib/rv32imacxw/ilp32\libg_nano.a(lib_a-closer.o)
                0x000000000000517c                _close_r
 .text._fstat_r
                0x00000000000051a4       0x2a d:/mounriver_studio2/resources/app/resources/win32/components/wch/toolchain/risc-v embedded gcc/bin/../lib/gcc/riscv-none-embed/8.2.0/../../../../riscv-none-embed/lib/rv32imacxw/ilp32\libg_nano.a(lib_a-fstatr.o)
                0x00000000000051a4                _fstat_r
 .text._isatty_r
                0x00000000000051ce       0x28 d:/mounriver_studio2/resources/app/resources/win32/components/wch/toolchain/risc-v embedded gcc/bin/../lib/gcc/riscv-none-embed/8.2.0/../../../../riscv-none-embed/lib/rv32imacxw/ilp32\libg_nano.a(lib_a-isattyr.o)
                0x00000000000051ce                _isatty_r
 .text._lseek_r
                0x00000000000051f6       0x2c d:/mounriver_studio2/resources/app/resources/win32/components/wch/toolchain/risc-v embedded gcc/bin/../lib/gcc/riscv-none-embed/8.2.0/../../../../riscv-none-embed/lib/rv32imacxw/ilp32\libg_nano.a(lib_a-lseekr.o)
                0x00000000000051f6                _lseek_r
 .text.memchr   0x0000000000005222       0x18 d:/mounriver_studio2/resources/app/resources/win32/components/wch/toolchain/risc-v embedded gcc/bin/../lib/gcc/riscv-none-embed/8.2.0/../../../../riscv-none-embed/lib/rv32imacxw/ilp32\libg_nano.a(lib_a-memchr.o)
                0x0000000000005222                memchr
 .text.__malloc_lock
                0x000000000000523a        0x2 d:/mounriver_studio2/resources/app/resources/win32/components/wch/toolchain/risc-v embedded gcc/bin/../lib/gcc/riscv-none-embed/8.2.0/../../../../riscv-none-embed/lib/rv32imacxw/ilp32\libg_nano.a(lib_a-mlock.o)
                0x000000000000523a                __malloc_lock
 .text.__malloc_unlock
                0x000000000000523c        0x2 d:/mounriver_studio2/resources/app/resources/win32/components/wch/toolchain/risc-v embedded gcc/bin/../lib/gcc/riscv-none-embed/8.2.0/../../../../riscv-none-embed/lib/rv32imacxw/ilp32\libg_nano.a(lib_a-mlock.o)
                0x000000000000523c                __malloc_unlock
 .text._read_r  0x000000000000523e       0x2c d:/mounriver_studio2/resources/app/resources/win32/components/wch/toolchain/risc-v embedded gcc/bin/../lib/gcc/riscv-none-embed/8.2.0/../../../../riscv-none-embed/lib/rv32imacxw/ilp32\libg_nano.a(lib_a-readr.o)
                0x000000000000523e                _read_r
 .text._close   0x000000000000526a        0xc d:/mounriver_studio2/resources/app/resources/win32/components/wch/toolchain/risc-v embedded gcc/bin/../lib/gcc/riscv-none-embed/8.2.0/../../../../riscv-none-embed/lib/rv32imacxw/ilp32\libnosys.a(close.o)
                0x000000000000526a                _close
 .text._fstat   0x0000000000005276        0xc d:/mounriver_studio2/resources/app/resources/win32/components/wch/toolchain/risc-v embedded gcc/bin/../lib/gcc/riscv-none-embed/8.2.0/../../../../riscv-none-embed/lib/rv32imacxw/ilp32\libnosys.a(fstat.o)
                0x0000000000005276                _fstat
 .text._isatty  0x0000000000005282        0xc d:/mounriver_studio2/resources/app/resources/win32/components/wch/toolchain/risc-v embedded gcc/bin/../lib/gcc/riscv-none-embed/8.2.0/../../../../riscv-none-embed/lib/rv32imacxw/ilp32\libnosys.a(isatty.o)
                0x0000000000005282                _isatty
 .text._lseek   0x000000000000528e        0xc d:/mounriver_studio2/resources/app/resources/win32/components/wch/toolchain/risc-v embedded gcc/bin/../lib/gcc/riscv-none-embed/8.2.0/../../../../riscv-none-embed/lib/rv32imacxw/ilp32\libnosys.a(lseek.o)
                0x000000000000528e                _lseek
 .text._read    0x000000000000529a        0xc d:/mounriver_studio2/resources/app/resources/win32/components/wch/toolchain/risc-v embedded gcc/bin/../lib/gcc/riscv-none-embed/8.2.0/../../../../riscv-none-embed/lib/rv32imacxw/ilp32\libnosys.a(read.o)
                0x000000000000529a                _read
 *(.rodata)
 *(.rodata*)
 *fill*         0x00000000000052a6        0x2 
 .rodata.BSP_CLI_Process.str1.4
                0x00000000000052a8      0x39f ./User/bsp_cli.o
                                        0x3a7 (size before relaxing)
 *fill*         0x0000000000005647        0x1 
 .rodata.BSP_ISP_JumpToBootloader.str1.4
                0x0000000000005648       0x31 ./User/bsp_isp.o
 *fill*         0x0000000000005679        0x3 
 .rodata.BSP_Key_Scan_10ms
                0x000000000000567c       0x24 ./User/bsp_key.o
 .rodata.BSP_StatusLED_SetMode
                0x00000000000056a0       0x20 ./User/bsp_led.o
 .rodata.Gunlight_Apply_PWM
                0x00000000000056c0       0x14 ./User/gunlight.o
 .rodata.Gunlight_Enter_LowPower_Standby.str1.4
                0x00000000000056d4       0x2a ./User/gunlight.o
 *fill*         0x00000000000056fe        0x2 
 .rodata.Gunlight_Init.str1.4
                0x0000000000005700       0x1c ./User/gunlight.o
 .rodata.Gunlight_Process_10ms.str1.4
                0x000000000000571c      0x1e7 ./User/gunlight.o
 *fill*         0x0000000000005903        0x1 
 .rodata.Gunlight_TurnOn_Mode1.str1.4
                0x0000000000005904       0x20 ./User/gunlight.o
 .rodata.Gunlight_Update_Battery_Status.str1.4
                0x0000000000005924       0x73 ./User/gunlight.o
 *fill*         0x0000000000005997        0x1 
 .rodata.c_sos_seq
                0x0000000000005998       0x48 ./User/gunlight.o
 .rodata.main.str1.4
                0x00000000000059e0      0x1c3 ./User/main.o
                                        0x1ef (size before relaxing)
 *fill*         0x0000000000005ba3        0x1 
 .rodata.Enter_LowPowerMode.str1.4
                0x0000000000005ba4       0x1a ./User/hw_config.o
 *fill*         0x0000000000005bbe        0x2 
 .rodata.Leave_LowPowerMode.str1.4
                0x0000000000005bc0       0x1a ./User/hw_config.o
 *fill*         0x0000000000005bda        0x2 
 .rodata.USBD_ConfigDescriptor
                0x0000000000005bdc       0x43 ./User/usb_desc.o
                0x0000000000005bdc                USBD_ConfigDescriptor
 *fill*         0x0000000000005c1f        0x1 
 .rodata.USBD_DeviceDescriptor
                0x0000000000005c20       0x12 ./User/usb_desc.o
                0x0000000000005c20                USBD_DeviceDescriptor
 *fill*         0x0000000000005c32        0x2 
 .rodata.USBD_StringProduct
                0x0000000000005c34       0x16 ./User/usb_desc.o
                0x0000000000005c34                USBD_StringProduct
 *fill*         0x0000000000005c4a        0x2 
 .rodata.USBD_StringVendor
                0x0000000000005c4c        0xe ./User/usb_desc.o
                0x0000000000005c4c                USBD_StringVendor
 *fill*         0x0000000000005c5a        0x2 
 .rodata.Resume
                0x0000000000005c5c       0x18 ./User/usb_pwr.o
 .rodata.__clz_tab
                0x0000000000005c74      0x100 d:/mounriver_studio2/resources/app/resources/win32/components/wch/toolchain/risc-v embedded gcc/bin/../lib/gcc/riscv-none-embed/8.2.0/rv32imacxw/ilp32\libgcc.a(_clz.o)
                0x0000000000005c74                __clz_tab
 .rodata._setlocale_r.str1.4
                0x0000000000005d74        0xa d:/mounriver_studio2/resources/app/resources/win32/components/wch/toolchain/risc-v embedded gcc/bin/../lib/gcc/riscv-none-embed/8.2.0/../../../../riscv-none-embed/lib/rv32imacxw/ilp32\libg_nano.a(lib_a-locale.o)
                                          0xd (size before relaxing)
 *fill*         0x0000000000005d7e        0x2 
 .rodata.str1.4
                0x0000000000005d80        0x2 d:/mounriver_studio2/resources/app/resources/win32/components/wch/toolchain/risc-v embedded gcc/bin/../lib/gcc/riscv-none-embed/8.2.0/../../../../riscv-none-embed/lib/rv32imacxw/ilp32\libg_nano.a(lib_a-locale.o)
 *fill*         0x0000000000005d82        0x2 
 .rodata._ctype_
                0x0000000000005d84      0x101 d:/mounriver_studio2/resources/app/resources/win32/components/wch/toolchain/risc-v embedded gcc/bin/../lib/gcc/riscv-none-embed/8.2.0/../../../../riscv-none-embed/lib/rv32imacxw/ilp32\libg_nano.a(lib_a-ctype_.o)
                0x0000000000005d84                _ctype_
 *fill*         0x0000000000005e85        0x3 
 .rodata.__sf_fake_stderr
                0x0000000000005e88       0x20 d:/mounriver_studio2/resources/app/resources/win32/components/wch/toolchain/risc-v embedded gcc/bin/../lib/gcc/riscv-none-embed/8.2.0/../../../../riscv-none-embed/lib/rv32imacxw/ilp32\libg_nano.a(lib_a-findfp.o)
                0x0000000000005e88                __sf_fake_stderr
 .rodata.__sf_fake_stdin
                0x0000000000005ea8       0x20 d:/mounriver_studio2/resources/app/resources/win32/components/wch/toolchain/risc-v embedded gcc/bin/../lib/gcc/riscv-none-embed/8.2.0/../../../../riscv-none-embed/lib/rv32imacxw/ilp32\libg_nano.a(lib_a-findfp.o)
                0x0000000000005ea8                __sf_fake_stdin
 .rodata.__sf_fake_stdout
                0x0000000000005ec8       0x20 d:/mounriver_studio2/resources/app/resources/win32/components/wch/toolchain/risc-v embedded gcc/bin/../lib/gcc/riscv-none-embed/8.2.0/../../../../riscv-none-embed/lib/rv32imacxw/ilp32\libg_nano.a(lib_a-findfp.o)
                0x0000000000005ec8                __sf_fake_stdout
 .rodata._vfprintf_r.str1.4
                0x0000000000005ee8       0x13 d:/mounriver_studio2/resources/app/resources/win32/components/wch/toolchain/risc-v embedded gcc/bin/../lib/gcc/riscv-none-embed/8.2.0/../../../../riscv-none-embed/lib/rv32imacxw/ilp32\libg_nano.a(lib_a-nano-vfprintf.o)
 *fill*         0x0000000000005efb        0x1 
 .rodata._printf_i.str1.4
                0x0000000000005efc       0x28 d:/mounriver_studio2/resources/app/resources/win32/components/wch/toolchain/risc-v embedded gcc/bin/../lib/gcc/riscv-none-embed/8.2.0/../../../../riscv-none-embed/lib/rv32imacxw/ilp32\libg_nano.a(lib_a-nano-vfprintf_i.o)
                                         0x25 (size before relaxing)
 *(.gnu.linkonce.t.*)
                0x0000000000005f24                . = ALIGN (0x4)

.rela.dyn       0x0000000000005f24        0x0
 .rela.init     0x0000000000005f24        0x0 ./User/bsp_adc.o
 .rela.vector   0x0000000000005f24        0x0 ./User/bsp_adc.o
 .rela.text.handle_reset
                0x0000000000005f24        0x0 ./User/bsp_adc.o
 .rela.text._sbrk
                0x0000000000005f24        0x0 ./User/bsp_adc.o
 .rela.sdata.curbrk.4694
                0x0000000000005f24        0x0 ./User/bsp_adc.o
 .rela.text._vfprintf_r
                0x0000000000005f24        0x0 ./User/bsp_adc.o
 .rela.text._sbrk_r
                0x0000000000005f24        0x0 ./User/bsp_adc.o
 .rela.text._write_r
                0x0000000000005f24        0x0 ./User/bsp_adc.o
 .rela.text._close_r
                0x0000000000005f24        0x0 ./User/bsp_adc.o
 .rela.text._fstat_r
                0x0000000000005f24        0x0 ./User/bsp_adc.o
 .rela.text._isatty_r
                0x0000000000005f24        0x0 ./User/bsp_adc.o
 .rela.text._lseek_r
                0x0000000000005f24        0x0 ./User/bsp_adc.o
 .rela.text._read_r
                0x0000000000005f24        0x0 ./User/bsp_adc.o
 .rela.text._close
                0x0000000000005f24        0x0 ./User/bsp_adc.o
 .rela.text._fstat
                0x0000000000005f24        0x0 ./User/bsp_adc.o
 .rela.text._isatty
                0x0000000000005f24        0x0 ./User/bsp_adc.o
 .rela.text._lseek
                0x0000000000005f24        0x0 ./User/bsp_adc.o
 .rela.text._read
                0x0000000000005f24        0x0 ./User/bsp_adc.o

.fini           0x0000000000005f24        0x0
 *(SORT_NONE(.fini))
                0x0000000000005f24                . = ALIGN (0x4)
                [!provide]                        PROVIDE (_etext = .)
                [!provide]                        PROVIDE (_eitcm = .)

.preinit_array  0x0000000000005f24        0x0
                [!provide]                        PROVIDE (__preinit_array_start = .)
 *(.preinit_array)
                [!provide]                        PROVIDE (__preinit_array_end = .)

.init_array     0x0000000000005f24        0x0
                [!provide]                        PROVIDE (__init_array_start = .)
 *(SORT_BY_INIT_PRIORITY(.init_array.*) SORT_BY_INIT_PRIORITY(.ctors.*))
 *(.init_array EXCLUDE_FILE(*crtend?.o *crtend.o *crtbegin?.o *crtbegin.o) .ctors)
                [!provide]                        PROVIDE (__init_array_end = .)

.fini_array     0x0000000000005f24        0x0
                [!provide]                        PROVIDE (__fini_array_start = .)
 *(SORT_BY_INIT_PRIORITY(.fini_array.*) SORT_BY_INIT_PRIORITY(.dtors.*))
 *(.fini_array EXCLUDE_FILE(*crtend?.o *crtend.o *crtbegin?.o *crtbegin.o) .dtors)
                [!provide]                        PROVIDE (__fini_array_end = .)

.ctors
 *crtbegin.o(.ctors)
 *crtbegin?.o(.ctors)
 *(EXCLUDE_FILE(*crtend?.o *crtend.o) .ctors)
 *(SORT_BY_NAME(.ctors.*))
 *(.ctors)

.dtors
 *crtbegin.o(.dtors)
 *crtbegin?.o(.dtors)
 *(EXCLUDE_FILE(*crtend?.o *crtend.o) .dtors)
 *(SORT_BY_NAME(.dtors.*))
 *(.dtors)

.dalign         0x0000000020000000        0x0 load address 0x0000000000005f24
                0x0000000020000000                . = ALIGN (0x4)
                0x0000000020000000                PROVIDE (_data_vma = .)

.dlalign        0x0000000000005f24        0x0
                0x0000000000005f24                . = ALIGN (0x4)
                0x0000000000005f24                PROVIDE (_data_lma = .)

.data           0x0000000020000000      0x308 load address 0x0000000000005f24
 *(.gnu.linkonce.r.*)
 *(.data .data.*)
 .data.AHBPrescTable
                0x0000000020000000       0x10 ./User/system_ch32v20x.o
                0x0000000020000000                AHBPrescTable
 .data.USBD_StringSerial
                0x0000000020000010       0x16 ./User/usb_desc.o
                0x0000000020000010                USBD_StringSerial
 *fill*         0x0000000020000026        0x2 
 .data.pEpInt_IN
                0x0000000020000028       0x1c ./User/usb_istr.o
                0x0000000020000028                pEpInt_IN
 .data.pEpInt_OUT
                0x0000000020000044       0x1c ./User/usb_istr.o
                0x0000000020000044                pEpInt_OUT
 .data.Device_Property
                0x0000000020000060       0x30 ./User/usb_prop.o
                0x0000000020000060                Device_Property
 .data.String_Descriptor
                0x0000000020000090       0x20 ./User/usb_prop.o
                0x0000000020000090                String_Descriptor
 .data.User_Standard_Requests
                0x00000000200000b0       0x24 ./User/usb_prop.o
                0x00000000200000b0                User_Standard_Requests
 .data.APBAHBPrescTable
                0x00000000200000d4       0x10 ./Peripheral/src/ch32v20x_rcc.o
 .data.__global_locale
                0x00000000200000e4      0x16c d:/mounriver_studio2/resources/app/resources/win32/components/wch/toolchain/risc-v embedded gcc/bin/../lib/gcc/riscv-none-embed/8.2.0/../../../../riscv-none-embed/lib/rv32imacxw/ilp32\libg_nano.a(lib_a-locale.o)
                0x00000000200000e4                __global_locale
 .data.impure_data
                0x0000000020000250       0x60 d:/mounriver_studio2/resources/app/resources/win32/components/wch/toolchain/risc-v embedded gcc/bin/../lib/gcc/riscv-none-embed/8.2.0/../../../../riscv-none-embed/lib/rv32imacxw/ilp32\libg_nano.a(lib_a-impure.o)
 *(.gnu.linkonce.d.*)
                0x00000000200002b0                . = ALIGN (0x8)
                0x0000000020000ab0                PROVIDE (__global_pointer$ = (. + 0x800))
 *(.sdata .sdata.*)
 .sdata.s_aux_last_state
                0x00000000200002b0        0x1 ./User/bsp_key.o
 *fill*         0x00000000200002b1        0x3 
 .sdata.s_t0h_cycles
                0x00000000200002b4        0x4 ./User/bsp_led.o
 .sdata.s_t0l_cycles
                0x00000000200002b8        0x4 ./User/bsp_led.o
 .sdata.s_t1h_cycles
                0x00000000200002bc        0x4 ./User/bsp_led.o
 .sdata.s_t1l_cycles
                0x00000000200002c0        0x4 ./User/bsp_led.o
 .sdata.s_pwm_arr
                0x00000000200002c4        0x4 ./User/bsp_pwm.o
 .sdata.s_cur_vbat
                0x00000000200002c8        0x2 ./User/gunlight.o
 .sdata.s_standby_timeout_ticks
                0x00000000200002ca        0x2 ./User/gunlight.o
 .sdata.SystemCoreClock
                0x00000000200002cc        0x4 ./User/system_ch32v20x.o
                0x00000000200002cc                SystemCoreClock
 .sdata.Config_Descriptor
                0x00000000200002d0        0x8 ./User/usb_prop.o
                0x00000000200002d0                Config_Descriptor
 .sdata.Device_Descriptor
                0x00000000200002d8        0x8 ./User/usb_prop.o
                0x00000000200002d8                Device_Descriptor
 .sdata.Device_Table
                0x00000000200002e0        0x2 ./User/usb_prop.o
                0x00000000200002e0                Device_Table
 *fill*         0x00000000200002e2        0x2 
 .sdata.s_line_coding
                0x00000000200002e4        0x7 ./User/usb_prop.o
 *fill*         0x00000000200002eb        0x1 
 .sdata.fSuspendEnabled
                0x00000000200002ec        0x4 ./User/usb_pwr.o
                0x00000000200002ec                fSuspendEnabled
 .sdata.ADCPrescTable
                0x00000000200002f0        0x4 ./Peripheral/src/ch32v20x_rcc.o
 .sdata.curbrk.4694
                0x00000000200002f4        0x4 ./Debug/debug.o
 .sdata._impure_ptr
                0x00000000200002f8        0x4 d:/mounriver_studio2/resources/app/resources/win32/components/wch/toolchain/risc-v embedded gcc/bin/../lib/gcc/riscv-none-embed/8.2.0/../../../../riscv-none-embed/lib/rv32imacxw/ilp32\libg_nano.a(lib_a-impure.o)
                0x00000000200002f8                _impure_ptr
 *(.sdata2.*)
 .sdata2.USBD_StringLangID
                0x00000000200002fc        0x4 ./User/usb_desc.o
                0x00000000200002fc                USBD_StringLangID
 .sdata2._global_impure_ptr
                0x0000000020000300        0x4 d:/mounriver_studio2/resources/app/resources/win32/components/wch/toolchain/risc-v embedded gcc/bin/../lib/gcc/riscv-none-embed/8.2.0/../../../../riscv-none-embed/lib/rv32imacxw/ilp32\libg_nano.a(lib_a-impure.o)
                0x0000000020000300                _global_impure_ptr
 *(.gnu.linkonce.s.*)
                0x0000000020000308                . = ALIGN (0x8)
 *fill*         0x0000000020000304        0x4 
 *(.srodata.cst16)
 *(.srodata.cst8)
 *(.srodata.cst4)
 *(.srodata.cst2)
 *(.srodata .srodata.*)
                0x0000000020000308                . = ALIGN (0x4)
                0x0000000020000308                PROVIDE (_edata = .)

.bss            0x0000000020000308      0x458 load address 0x000000000000622c
                0x0000000020000308                . = ALIGN (0x4)
                0x0000000020000308                PROVIDE (_sbss = .)
 *(.sbss*)
 .sbss.s_adc_inited
                0x0000000020000308        0x1 ./User/bsp_adc.o
 .sbss.s_cli_len
                0x0000000020000309        0x1 ./User/bsp_cli.o
 .sbss.s_double_timer
                0x000000002000030a        0x2 ./User/bsp_key.o
 .sbss.s_key_state
                0x000000002000030c        0x4 ./User/bsp_key.o
 .sbss.s_press_timer
                0x0000000020000310        0x2 ./User/bsp_key.o
 *fill*         0x0000000020000312        0x2 
 .sbss.s_current_mode
                0x0000000020000314        0x4 ./User/bsp_led.o
 .sbss.s_led_timer
                0x0000000020000318        0x2 ./User/bsp_led.o
 .sbss.s_adc_timer
                0x000000002000031a        0x2 ./User/gunlight.o
 .sbss.s_bat_tier
                0x000000002000031c        0x4 ./User/gunlight.o
 .sbss.s_cur_pwm1
                0x0000000020000320        0x2 ./User/gunlight.o
 .sbss.s_cur_pwm2
                0x0000000020000322        0x2 ./User/gunlight.o
 .sbss.s_cutoff_confirm
                0x0000000020000324        0x1 ./User/gunlight.o
 *fill*         0x0000000020000325        0x3 
 .sbss.s_gl_state
                0x0000000020000328        0x4 ./User/gunlight.o
 .sbss.s_sos_step
                0x000000002000032c        0x1 ./User/gunlight.o
 *fill*         0x000000002000032d        0x1 
 .sbss.s_sos_timer
                0x000000002000032e        0x2 ./User/gunlight.o
 .sbss.s_standby_timer
                0x0000000020000330        0x2 ./User/gunlight.o
 .sbss.s_strobe_flag
                0x0000000020000332        0x1 ./User/gunlight.o
 *fill*         0x0000000020000333        0x1 
 .sbss.s_strobe_timer
                0x0000000020000334        0x2 ./User/gunlight.o
 .sbss.s_tactical_override
                0x0000000020000336        0x1 ./User/gunlight.o
 *fill*         0x0000000020000337        0x1 
 .sbss.s_rx_head
                0x0000000020000338        0x2 ./User/usb_cdc.o
 .sbss.s_rx_tail
                0x000000002000033a        0x2 ./User/usb_cdc.o
 .sbss.s_tx_head
                0x000000002000033c        0x2 ./User/usb_cdc.o
 .sbss.s_tx_tail
                0x000000002000033e        0x2 ./User/usb_cdc.o
 .sbss.Data_Mul_MaxPacketSize
                0x0000000020000340        0x4 ./User/usb_core.o
                0x0000000020000340                Data_Mul_MaxPacketSize
 .sbss.StatusInfo
                0x0000000020000344        0x2 ./User/usb_core.o
                0x0000000020000344                StatusInfo
 .sbss.EPindex  0x0000000020000346        0x1 ./User/usb_init.o
                0x0000000020000346                EPindex
 *fill*         0x0000000020000347        0x1 
 .sbss.pInformation
                0x0000000020000348        0x4 ./User/usb_init.o
                0x0000000020000348                pInformation
 .sbss.pProperty
                0x000000002000034c        0x4 ./User/usb_init.o
                0x000000002000034c                pProperty
 .sbss.pUser_Standard_Requests
                0x0000000020000350        0x4 ./User/usb_init.o
                0x0000000020000350                pUser_Standard_Requests
 .sbss.wInterrupt_Mask
                0x0000000020000354        0x2 ./User/usb_init.o
                0x0000000020000354                wInterrupt_Mask
 .sbss.SaveRState
                0x0000000020000356        0x2 ./User/usb_int.o
                0x0000000020000356                SaveRState
 .sbss.SaveTState
                0x0000000020000358        0x2 ./User/usb_int.o
                0x0000000020000358                SaveTState
 .sbss.USBD_Endp3_Busy
                0x000000002000035a        0x1 ./User/usb_endp.o
                0x000000002000035a                USBD_Endp3_Busy
 *fill*         0x000000002000035b        0x1 
 .sbss.Ep0RxBlks
                0x000000002000035c        0x2 ./User/usb_istr.o
                0x000000002000035c                Ep0RxBlks
 .sbss.bIntPackSOF
                0x000000002000035e        0x1 ./User/usb_istr.o
                0x000000002000035e                bIntPackSOF
 *fill*         0x000000002000035f        0x1 
 .sbss.esof_counter
                0x0000000020000360        0x4 ./User/usb_istr.o
                0x0000000020000360                esof_counter
 .sbss.wCNTR    0x0000000020000364        0x4 ./User/usb_istr.o
                0x0000000020000364                wCNTR
 .sbss.wIstr    0x0000000020000368        0x2 ./User/usb_istr.o
                0x0000000020000368                wIstr
 *fill*         0x000000002000036a        0x2 
 .sbss.ResumeS  0x000000002000036c        0x8 ./User/usb_pwr.o
                0x000000002000036c                ResumeS
 .sbss.bDeviceState
                0x0000000020000374        0x4 ./User/usb_pwr.o
                0x0000000020000374                bDeviceState
 .sbss.remotewakeupon
                0x0000000020000378        0x4 ./User/usb_pwr.o
                0x0000000020000378                remotewakeupon
 .sbss.MCU_Version
                0x000000002000037c        0x1 ./Peripheral/src/ch32v20x_gpio.o
                0x000000002000037c                MCU_Version
 *fill*         0x000000002000037d        0x3 
 .sbss.NVIC_Priority_Group
                0x0000000020000380        0x4 ./Peripheral/src/ch32v20x_misc.o
                0x0000000020000380                NVIC_Priority_Group
 .sbss.p_ms     0x0000000020000384        0x2 ./Debug/debug.o
 .sbss.p_us     0x0000000020000386        0x1 ./Debug/debug.o
 *fill*         0x0000000020000387        0x1 
 .sbss.__malloc_free_list
                0x0000000020000388        0x4 d:/mounriver_studio2/resources/app/resources/win32/components/wch/toolchain/risc-v embedded gcc/bin/../lib/gcc/riscv-none-embed/8.2.0/../../../../riscv-none-embed/lib/rv32imacxw/ilp32\libg_nano.a(lib_a-nano-mallocr.o)
                0x0000000020000388                __malloc_free_list
 .sbss.__malloc_sbrk_start
                0x000000002000038c        0x4 d:/mounriver_studio2/resources/app/resources/win32/components/wch/toolchain/risc-v embedded gcc/bin/../lib/gcc/riscv-none-embed/8.2.0/../../../../riscv-none-embed/lib/rv32imacxw/ilp32\libg_nano.a(lib_a-nano-mallocr.o)
                0x000000002000038c                __malloc_sbrk_start
 *(.gnu.linkonce.sb.*)
 *(.bss*)
 .bss.s_cli_line
                0x0000000020000390       0x50 ./User/bsp_cli.o
 .bss.s_rx_buf  0x00000000200003e0      0x100 ./User/usb_cdc.o
 .bss.s_tx_buf  0x00000000200004e0      0x200 ./User/usb_cdc.o
 .bss.s_tx_packet
                0x00000000200006e0       0x40 ./User/usb_cdc.o
 .bss.Device_Info
                0x0000000020000720       0x1c ./User/usb_init.o
                0x0000000020000720                Device_Info
 .bss.EP        0x000000002000073c       0x20 ./User/usb_pwr.o
                0x000000002000073c                EP
 *(.gnu.linkonce.b.*)
 *(COMMON*)
 COMMON         0x000000002000075c        0x4 d:/mounriver_studio2/resources/app/resources/win32/components/wch/toolchain/risc-v embedded gcc/bin/../lib/gcc/riscv-none-embed/8.2.0/../../../../riscv-none-embed/lib/rv32imacxw/ilp32\libg_nano.a(lib_a-reent.o)
                0x000000002000075c                errno
                0x0000000020000760                . = ALIGN (0x4)
                0x0000000020000760                PROVIDE (_ebss = .)
                0x0000000020000760                PROVIDE (_end = _ebss)
                [!provide]                        PROVIDE (end = .)

.stack          0x0000000020004800      0x800
                0x0000000020004800                PROVIDE (_heap_end = .)
                0x0000000020004800                . = ALIGN (0x4)
                [!provide]                        PROVIDE (_susrstack = .)
                0x0000000020005000                . = (. + __stack_size)
 *fill*         0x0000000020004800      0x800 
                0x0000000020005000                PROVIDE (_eusrstack = .)
OUTPUT(CH32V203F8U.elf elf32-littleriscv)

.debug_info     0x0000000000000000    0x23793
 .debug_info    0x0000000000000000     0x10b0 ./User/bsp_adc.o
 .debug_info    0x00000000000010b0     0x1345 ./User/bsp_cli.o
 .debug_info    0x00000000000023f5      0xdcf ./User/bsp_isp.o
 .debug_info    0x00000000000031c4      0xd3c ./User/bsp_key.o
 .debug_info    0x0000000000003f00     0x1110 ./User/bsp_led.o
 .debug_info    0x0000000000005010     0x11f8 ./User/bsp_pwm.o
 .debug_info    0x0000000000006208      0xbc0 ./User/ch32v20x_it.o
 .debug_info    0x0000000000006dc8     0x1367 ./User/gunlight.o
 .debug_info    0x000000000000812f      0xc57 ./User/main.o
 .debug_info    0x0000000000008d86      0xb3b ./User/system_ch32v20x.o
 .debug_info    0x00000000000098c1     0x15d9 ./User/usb_cdc.o
 .debug_info    0x000000000000ae9a     0x1802 ./User/usb_core.o
 .debug_info    0x000000000000c69c      0xde5 ./User/usb_init.o
 .debug_info    0x000000000000d481      0xef1 ./User/usb_int.o
 .debug_info    0x000000000000e372      0xe81 ./User/usb_mem.o
 .debug_info    0x000000000000f1f3     0x19df ./User/usb_regs.o
 .debug_info    0x0000000000010bd2      0xeeb ./User/usb_sil.o
 .debug_info    0x0000000000011abd     0x144d ./User/hw_config.o
 .debug_info    0x0000000000012f0a      0xe83 ./User/usb_desc.o
 .debug_info    0x0000000000013d8d     0x1053 ./User/usb_endp.o
 .debug_info    0x0000000000014de0      0xf3b ./User/usb_istr.o
 .debug_info    0x0000000000015d1b     0x1578 ./User/usb_prop.o
 .debug_info    0x0000000000017293      0xfe1 ./User/usb_pwr.o
 .debug_info    0x0000000000018274       0x22 ./Startup/startup_ch32v20x_D6.o
 .debug_info    0x0000000000018296     0x16f6 ./Peripheral/src/ch32v20x_adc.o
 .debug_info    0x000000000001998c      0xc0d ./Peripheral/src/ch32v20x_exti.o
 .debug_info    0x000000000001a599     0x1335 ./Peripheral/src/ch32v20x_gpio.o
 .debug_info    0x000000000001b8ce      0xe67 ./Peripheral/src/ch32v20x_misc.o
 .debug_info    0x000000000001c735     0x1054 ./Peripheral/src/ch32v20x_pwr.o
 .debug_info    0x000000000001d789     0x1273 ./Peripheral/src/ch32v20x_rcc.o
 .debug_info    0x000000000001e9fc     0x2aca ./Peripheral/src/ch32v20x_tim.o
 .debug_info    0x00000000000214c6     0x135c ./Peripheral/src/ch32v20x_usart.o
 .debug_info    0x0000000000022822      0xf71 ./Debug/debug.o

.debug_abbrev   0x0000000000000000     0x622d
 .debug_abbrev  0x0000000000000000      0x339 ./User/bsp_adc.o
 .debug_abbrev  0x0000000000000339      0x34a ./User/bsp_cli.o
 .debug_abbrev  0x0000000000000683      0x28e ./User/bsp_isp.o
 .debug_abbrev  0x0000000000000911      0x298 ./User/bsp_key.o
 .debug_abbrev  0x0000000000000ba9      0x389 ./User/bsp_led.o
 .debug_abbrev  0x0000000000000f32      0x2ae ./User/bsp_pwm.o
 .debug_abbrev  0x00000000000011e0      0x22c ./User/ch32v20x_it.o
 .debug_abbrev  0x000000000000140c      0x359 ./User/gunlight.o
 .debug_abbrev  0x0000000000001765      0x265 ./User/main.o
 .debug_abbrev  0x00000000000019ca      0x2b0 ./User/system_ch32v20x.o
 .debug_abbrev  0x0000000000001c7a      0x3cd ./User/usb_cdc.o
 .debug_abbrev  0x0000000000002047      0x553 ./User/usb_core.o
 .debug_abbrev  0x000000000000259a      0x223 ./User/usb_init.o
 .debug_abbrev  0x00000000000027bd      0x279 ./User/usb_int.o
 .debug_abbrev  0x0000000000002a36      0x25a ./User/usb_mem.o
 .debug_abbrev  0x0000000000002c90      0x3b2 ./User/usb_regs.o
 .debug_abbrev  0x0000000000003042      0x2a0 ./User/usb_sil.o
 .debug_abbrev  0x00000000000032e2      0x2be ./User/hw_config.o
 .debug_abbrev  0x00000000000035a0      0x205 ./User/usb_desc.o
 .debug_abbrev  0x00000000000037a5      0x30d ./User/usb_endp.o
 .debug_abbrev  0x0000000000003ab2      0x2af ./User/usb_istr.o
 .debug_abbrev  0x0000000000003d61      0x3cc ./User/usb_prop.o
 .debug_abbrev  0x000000000000412d      0x2fa ./User/usb_pwr.o
 .debug_abbrev  0x0000000000004427       0x12 ./Startup/startup_ch32v20x_D6.o
 .debug_abbrev  0x0000000000004439      0x3a9 ./Peripheral/src/ch32v20x_adc.o
 .debug_abbrev  0x00000000000047e2      0x2da ./Peripheral/src/ch32v20x_exti.o
 .debug_abbrev  0x0000000000004abc      0x34b ./Peripheral/src/ch32v20x_gpio.o
 .debug_abbrev  0x0000000000004e07      0x2e1 ./Peripheral/src/ch32v20x_misc.o
 .debug_abbrev  0x00000000000050e8      0x399 ./Peripheral/src/ch32v20x_pwr.o
 .debug_abbrev  0x0000000000005481      0x36b ./Peripheral/src/ch32v20x_rcc.o
 .debug_abbrev  0x00000000000057ec      0x40f ./Peripheral/src/ch32v20x_tim.o
 .debug_abbrev  0x0000000000005bfb      0x32e ./Peripheral/src/ch32v20x_usart.o
 .debug_abbrev  0x0000000000005f29      0x304 ./Debug/debug.o

.debug_loc      0x0000000000000000     0x6c58
 .debug_loc     0x0000000000000000      0x102 ./User/bsp_adc.o
 .debug_loc     0x0000000000000102      0x1f0 ./User/bsp_cli.o
 .debug_loc     0x00000000000002f2       0x2c ./User/bsp_isp.o
 .debug_loc     0x000000000000031e       0xff ./User/bsp_key.o
 .debug_loc     0x000000000000041d      0x424 ./User/bsp_led.o
 .debug_loc     0x0000000000000841      0x22d ./User/bsp_pwm.o
 .debug_loc     0x0000000000000a6e      0x19c ./User/gunlight.o
 .debug_loc     0x0000000000000c0a       0x35 ./User/main.o
 .debug_loc     0x0000000000000c3f       0xac ./User/system_ch32v20x.o
 .debug_loc     0x0000000000000ceb      0x1df ./User/usb_cdc.o
 .debug_loc     0x0000000000000eca      0xa1e ./User/usb_core.o
 .debug_loc     0x00000000000018e8       0xfa ./User/usb_int.o
 .debug_loc     0x00000000000019e2      0x1dc ./User/usb_mem.o
 .debug_loc     0x0000000000001bbe      0xb6f ./User/usb_regs.o
 .debug_loc     0x000000000000272d       0xc4 ./User/usb_sil.o
 .debug_loc     0x00000000000027f1       0x3c ./User/hw_config.o
 .debug_loc     0x000000000000282d       0xa2 ./User/usb_endp.o
 .debug_loc     0x00000000000028cf       0x42 ./User/usb_istr.o
 .debug_loc     0x0000000000002911      0x1ca ./User/usb_prop.o
 .debug_loc     0x0000000000002adb      0x139 ./User/usb_pwr.o
 .debug_loc     0x0000000000002c14      0xab6 ./Peripheral/src/ch32v20x_adc.o
 .debug_loc     0x00000000000036ca      0x181 ./Peripheral/src/ch32v20x_exti.o
 .debug_loc     0x000000000000384b      0x8a8 ./Peripheral/src/ch32v20x_gpio.o
 .debug_loc     0x00000000000040f3       0x47 ./Peripheral/src/ch32v20x_misc.o
 .debug_loc     0x000000000000413a      0x29e ./Peripheral/src/ch32v20x_pwr.o
 .debug_loc     0x00000000000043d8      0x797 ./Peripheral/src/ch32v20x_rcc.o
 .debug_loc     0x0000000000004b6f     0x180e ./Peripheral/src/ch32v20x_tim.o
 .debug_loc     0x000000000000637d      0x746 ./Peripheral/src/ch32v20x_usart.o
 .debug_loc     0x0000000000006ac3      0x195 ./Debug/debug.o

.debug_aranges  0x0000000000000000      0xf60
 .debug_aranges
                0x0000000000000000       0x38 ./User/bsp_adc.o
 .debug_aranges
                0x0000000000000038       0x28 ./User/bsp_cli.o
 .debug_aranges
                0x0000000000000060       0x20 ./User/bsp_isp.o
 .debug_aranges
                0x0000000000000080       0x38 ./User/bsp_key.o
 .debug_aranges
                0x00000000000000b8       0x48 ./User/bsp_led.o
 .debug_aranges
                0x0000000000000100       0x38 ./User/bsp_pwm.o
 .debug_aranges
                0x0000000000000138       0x28 ./User/ch32v20x_it.o
 .debug_aranges
                0x0000000000000160       0x90 ./User/gunlight.o
 .debug_aranges
                0x00000000000001f0       0x20 ./User/main.o
 .debug_aranges
                0x0000000000000210       0x28 ./User/system_ch32v20x.o
 .debug_aranges
                0x0000000000000238       0x68 ./User/usb_cdc.o
 .debug_aranges
                0x00000000000002a0       0x98 ./User/usb_core.o
 .debug_aranges
                0x0000000000000338       0x20 ./User/usb_init.o
 .debug_aranges
                0x0000000000000358       0x28 ./User/usb_int.o
 .debug_aranges
                0x0000000000000380       0x28 ./User/usb_mem.o
 .debug_aranges
                0x00000000000003a8      0x1a0 ./User/usb_regs.o
 .debug_aranges
                0x0000000000000548       0x30 ./User/usb_sil.o
 .debug_aranges
                0x0000000000000578       0x50 ./User/hw_config.o
 .debug_aranges
                0x00000000000005c8       0x18 ./User/usb_desc.o
 .debug_aranges
                0x00000000000005e0       0x38 ./User/usb_endp.o
 .debug_aranges
                0x0000000000000618       0x20 ./User/usb_istr.o
 .debug_aranges
                0x0000000000000638       0x78 ./User/usb_prop.o
 .debug_aranges
                0x00000000000006b0       0x40 ./User/usb_pwr.o
 .debug_aranges
                0x00000000000006f0       0x30 ./Startup/startup_ch32v20x_D6.o
 .debug_aranges
                0x0000000000000720      0x150 ./Peripheral/src/ch32v20x_adc.o
 .debug_aranges
                0x0000000000000870       0x50 ./Peripheral/src/ch32v20x_exti.o
 .debug_aranges
                0x00000000000008c0       0xb0 ./Peripheral/src/ch32v20x_gpio.o
 .debug_aranges
                0x0000000000000970       0x28 ./Peripheral/src/ch32v20x_misc.o
 .debug_aranges
                0x0000000000000998       0x88 ./Peripheral/src/ch32v20x_pwr.o
 .debug_aranges
                0x0000000000000a20      0x130 ./Peripheral/src/ch32v20x_rcc.o
 .debug_aranges
                0x0000000000000b50      0x2d0 ./Peripheral/src/ch32v20x_tim.o
 .debug_aranges
                0x0000000000000e20       0xf0 ./Peripheral/src/ch32v20x_usart.o
 .debug_aranges
                0x0000000000000f10       0x50 ./Debug/debug.o

.debug_ranges   0x0000000000000000     0x1270
 .debug_ranges  0x0000000000000000       0x58 ./User/bsp_adc.o
 .debug_ranges  0x0000000000000058       0xa0 ./User/bsp_cli.o
 .debug_ranges  0x00000000000000f8       0x28 ./User/bsp_isp.o
 .debug_ranges  0x0000000000000120       0x28 ./User/bsp_key.o
 .debug_ranges  0x0000000000000148      0x130 ./User/bsp_led.o
 .debug_ranges  0x0000000000000278       0x28 ./User/bsp_pwm.o
 .debug_ranges  0x00000000000002a0       0x18 ./User/ch32v20x_it.o
 .debug_ranges  0x00000000000002b8       0x80 ./User/gunlight.o
 .debug_ranges  0x0000000000000338       0x28 ./User/main.o
 .debug_ranges  0x0000000000000360       0x18 ./User/system_ch32v20x.o
 .debug_ranges  0x0000000000000378       0xd0 ./User/usb_cdc.o
 .debug_ranges  0x0000000000000448      0x148 ./User/usb_core.o
 .debug_ranges  0x0000000000000590       0x10 ./User/usb_init.o
 .debug_ranges  0x00000000000005a0       0x60 ./User/usb_int.o
 .debug_ranges  0x0000000000000600       0x18 ./User/usb_mem.o
 .debug_ranges  0x0000000000000618      0x338 ./User/usb_regs.o
 .debug_ranges  0x0000000000000950       0x20 ./User/usb_sil.o
 .debug_ranges  0x0000000000000970       0x40 ./User/hw_config.o
 .debug_ranges  0x00000000000009b0       0x28 ./User/usb_endp.o
 .debug_ranges  0x00000000000009d8       0x10 ./User/usb_istr.o
 .debug_ranges  0x00000000000009e8       0x68 ./User/usb_prop.o
 .debug_ranges  0x0000000000000a50       0x30 ./User/usb_pwr.o
 .debug_ranges  0x0000000000000a80       0x28 ./Startup/startup_ch32v20x_D6.o
 .debug_ranges  0x0000000000000aa8      0x140 ./Peripheral/src/ch32v20x_adc.o
 .debug_ranges  0x0000000000000be8       0x40 ./Peripheral/src/ch32v20x_exti.o
 .debug_ranges  0x0000000000000c28       0xa0 ./Peripheral/src/ch32v20x_gpio.o
 .debug_ranges  0x0000000000000cc8       0x30 ./Peripheral/src/ch32v20x_misc.o
 .debug_ranges  0x0000000000000cf8       0x78 ./Peripheral/src/ch32v20x_pwr.o
 .debug_ranges  0x0000000000000d70      0x120 ./Peripheral/src/ch32v20x_rcc.o
 .debug_ranges  0x0000000000000e90      0x2c0 ./Peripheral/src/ch32v20x_tim.o
 .debug_ranges  0x0000000000001150       0xe0 ./Peripheral/src/ch32v20x_usart.o
 .debug_ranges  0x0000000000001230       0x40 ./Debug/debug.o

.debug_line     0x0000000000000000    0x16420
 .debug_line    0x0000000000000000      0x76d ./User/bsp_adc.o
 .debug_line    0x000000000000076d      0x8d9 ./User/bsp_cli.o
 .debug_line    0x0000000000001046      0x4af ./User/bsp_isp.o
 .debug_line    0x00000000000014f5      0x866 ./User/bsp_key.o
 .debug_line    0x0000000000001d5b      0x9ec ./User/bsp_led.o
 .debug_line    0x0000000000002747      0x67f ./User/bsp_pwm.o
 .debug_line    0x0000000000002dc6      0x312 ./User/ch32v20x_it.o
 .debug_line    0x00000000000030d8     0x1101 ./User/gunlight.o
 .debug_line    0x00000000000041d9      0x59a ./User/main.o
 .debug_line    0x0000000000004773      0x622 ./User/system_ch32v20x.o
 .debug_line    0x0000000000004d95      0xa41 ./User/usb_cdc.o
 .debug_line    0x00000000000057d6     0x1acb ./User/usb_core.o
 .debug_line    0x00000000000072a1      0x352 ./User/usb_init.o
 .debug_line    0x00000000000075f3      0x99b ./User/usb_int.o
 .debug_line    0x0000000000007f8e      0x478 ./User/usb_mem.o
 .debug_line    0x0000000000008406     0x11ed ./User/usb_regs.o
 .debug_line    0x00000000000095f3      0x3e8 ./User/usb_sil.o
 .debug_line    0x00000000000099db      0x7d0 ./User/hw_config.o
 .debug_line    0x000000000000a1ab      0x2ed ./User/usb_desc.o
 .debug_line    0x000000000000a498      0x466 ./User/usb_endp.o
 .debug_line    0x000000000000a8fe      0x6ed ./User/usb_istr.o
 .debug_line    0x000000000000afeb      0x9dd ./User/usb_prop.o
 .debug_line    0x000000000000b9c8      0x84d ./User/usb_pwr.o
 .debug_line    0x000000000000c215      0x121 ./Startup/startup_ch32v20x_D6.o
 .debug_line    0x000000000000c336     0x1b3d ./Peripheral/src/ch32v20x_adc.o
 .debug_line    0x000000000000de73      0x646 ./Peripheral/src/ch32v20x_exti.o
 .debug_line    0x000000000000e4b9     0x1690 ./Peripheral/src/ch32v20x_gpio.o
 .debug_line    0x000000000000fb49      0x454 ./Peripheral/src/ch32v20x_misc.o
 .debug_line    0x000000000000ff9d      0xbdb ./Peripheral/src/ch32v20x_pwr.o
 .debug_line    0x0000000000010b78     0x1203 ./Peripheral/src/ch32v20x_rcc.o
 .debug_line    0x0000000000011d7b     0x2fbf ./Peripheral/src/ch32v20x_tim.o
 .debug_line    0x0000000000014d3a      0xf12 ./Peripheral/src/ch32v20x_usart.o
 .debug_line    0x0000000000015c4c      0x7d4 ./Debug/debug.o

.debug_str      0x0000000000000000     0x4a84
 .debug_str     0x0000000000000000      0x981 ./User/bsp_adc.o
                                        0xa1f (size before relaxing)
 .debug_str     0x0000000000000981      0x324 ./User/bsp_cli.o
                                        0x91e (size before relaxing)
 .debug_str     0x0000000000000ca5      0x19c ./User/bsp_isp.o
                                        0x84c (size before relaxing)
 .debug_str     0x0000000000000e41      0x239 ./User/bsp_key.o
                                        0x98f (size before relaxing)
 .debug_str     0x000000000000107a      0x11a ./User/bsp_led.o
                                        0x983 (size before relaxing)
 .debug_str     0x0000000000001194      0x345 ./User/bsp_pwm.o
                                        0xb07 (size before relaxing)
 .debug_str     0x00000000000014d9       0x34 ./User/ch32v20x_it.o
                                        0x693 (size before relaxing)
 .debug_str     0x000000000000150d      0x243 ./User/gunlight.o
                                        0xc9b (size before relaxing)
 .debug_str     0x0000000000001750       0x88 ./User/main.o
                                        0x700 (size before relaxing)
 .debug_str     0x00000000000017d8       0xdc ./User/system_ch32v20x.o
                                        0x6ad (size before relaxing)
 .debug_str     0x00000000000018b4      0x7ff ./User/usb_cdc.o
                                        0xfb9 (size before relaxing)
 .debug_str     0x00000000000020b3      0x513 ./User/usb_core.o
                                        0xf82 (size before relaxing)
 .debug_str     0x00000000000025c6       0x29 ./User/usb_init.o
                                        0x9ef (size before relaxing)
 .debug_str     0x00000000000025ef       0x68 ./User/usb_int.o
                                        0xa4d (size before relaxing)
 .debug_str     0x0000000000002657       0x58 ./User/usb_mem.o
                                        0xa3d (size before relaxing)
 .debug_str     0x00000000000026af      0x389 ./User/usb_regs.o
                                        0xdc5 (size before relaxing)
 .debug_str     0x0000000000002a38       0x7e ./User/usb_sil.o
                                        0xa95 (size before relaxing)
 .debug_str     0x0000000000002ab6      0x336 ./User/hw_config.o
                                       0x1131 (size before relaxing)
 .debug_str     0x0000000000002dec       0x21 ./User/usb_desc.o
                                        0xa53 (size before relaxing)
 .debug_str     0x0000000000002e0d       0x61 ./User/usb_endp.o
                                        0xb5f (size before relaxing)
 .debug_str     0x0000000000002e6e       0xc4 ./User/usb_istr.o
                                        0xad3 (size before relaxing)
 .debug_str     0x0000000000002f32      0x1b1 ./User/usb_prop.o
                                        0xe1c (size before relaxing)
 .debug_str     0x00000000000030e3       0x63 ./User/usb_pwr.o
                                        0xb6b (size before relaxing)
 .debug_str     0x0000000000003146       0x2d ./Startup/startup_ch32v20x_D6.o
                                         0x67 (size before relaxing)
 .debug_str     0x0000000000003173      0x3d2 ./Peripheral/src/ch32v20x_adc.o
                                        0xc25 (size before relaxing)
 .debug_str     0x0000000000003545       0xc0 ./Peripheral/src/ch32v20x_exti.o
                                        0x79b (size before relaxing)
 .debug_str     0x0000000000003605      0x21b ./Peripheral/src/ch32v20x_gpio.o
                                        0x9ca (size before relaxing)
 .debug_str     0x0000000000003820       0x82 ./Peripheral/src/ch32v20x_misc.o
                                        0xa8c (size before relaxing)
 .debug_str     0x00000000000038a2      0x157 ./Peripheral/src/ch32v20x_pwr.o
                                        0x86a (size before relaxing)
 .debug_str     0x00000000000039f9      0x320 ./Peripheral/src/ch32v20x_rcc.o
                                        0xadc (size before relaxing)
 .debug_str     0x0000000000003d19      0x927 ./Peripheral/src/ch32v20x_tim.o